NodeName: Entry[12] Successors: [MethodAccess[28]]
NodeName: MethodAccess[28] Successors: [VariableDeclarator[38], UncheckedExceptions[29]]
NodeName: VariableDeclarator[38] Successors: [UncheckedExceptions[58]]
NodeName: UncheckedExceptions[58] Successors: [UncheckedExceptions[95], Exit[19]]
NodeName: UncheckedExceptions[95] Successors: [Exit[19]]
NodeName: Exit[19] Successors: []
NodeName: UncheckedExceptions[29] Successors: [ParameterDeclaration[43], CatchParameterDeclaration[78], Exit[19]]
NodeName: ParameterDeclaration[43] Successors: [VariableDeclarator[54]]
NodeName: VariableDeclarator[54] Successors: [UncheckedExceptions[95]]
NodeName: CatchParameterDeclaration[78] Successors: [VariableDeclarator[91]]
NodeName: VariableDeclarator[91] Successors: [Exit[19]]
NodeName: Entry[98] Successors: [Exit[107]]
NodeName: Exit[107] Successors: []

NodeName: Exit[19] Predecessor: [UncheckedExceptions[95], UncheckedExceptions[58], UncheckedExceptions[29], VariableDeclarator[91]]
NodeName: UncheckedExceptions[95] Predecessor: [UncheckedExceptions[58], VariableDeclarator[54]]
NodeName: UncheckedExceptions[58] Predecessor: [VariableDeclarator[38]]
NodeName: VariableDeclarator[38] Predecessor: [MethodAccess[28]]
NodeName: MethodAccess[28] Predecessor: [Entry[12]]
NodeName: Entry[12] Predecessor: []
NodeName: VariableDeclarator[54] Predecessor: [ParameterDeclaration[43]]
NodeName: ParameterDeclaration[43] Predecessor: [UncheckedExceptions[29]]
NodeName: UncheckedExceptions[29] Predecessor: [MethodAccess[28]]
NodeName: VariableDeclarator[91] Predecessor: [CatchParameterDeclaration[78]]
NodeName: CatchParameterDeclaration[78] Predecessor: [UncheckedExceptions[29]]
NodeName: Exit[107] Predecessor: [Entry[98]]
NodeName: Entry[98] Predecessor: []
