NodeName: Entry[12] Successors: [BooleanLiteral[25]]
NodeName: BooleanLiteral[25] Successors: [ThrowStmt[28], ThrowStmt[40]]
NodeName: ThrowStmt[28] Successors: [ClassInstanceExpr[30]]
NodeName: ClassInstanceExpr[30] Successors: [UncheckedExceptions[29]]
NodeName: UncheckedExceptions[29] Successors: [CatchParameterDeclaration[51], Exit[19]]
NodeName: CatchParameterDeclaration[51] Successors: [VariableDeclarator[64]]
NodeName: VariableDeclarator[64] Successors: [VariableDeclarator[74]]
NodeName: VariableDeclarator[74] Successors: [Exit[19]]
NodeName: Exit[19] Successors: []
NodeName: ThrowStmt[40] Successors: [ClassInstanceExpr[42]]
NodeName: ClassInstanceExpr[42] Successors: [UncheckedExceptions[41]]
NodeName: UncheckedExceptions[41] Successors: [CatchParameterDeclaration[51], Exit[19]]

NodeName: Exit[19] Predecessor: [UncheckedExceptions[29], UncheckedExceptions[41], VariableDeclarator[74]]
NodeName: UncheckedExceptions[29] Predecessor: [ClassInstanceExpr[30]]
NodeName: ClassInstanceExpr[30] Predecessor: [ThrowStmt[28]]
NodeName: ThrowStmt[28] Predecessor: [BooleanLiteral[25]]
NodeName: BooleanLiteral[25] Predecessor: [Entry[12]]
NodeName: Entry[12] Predecessor: []
NodeName: UncheckedExceptions[41] Predecessor: [ClassInstanceExpr[42]]
NodeName: ClassInstanceExpr[42] Predecessor: [ThrowStmt[40]]
NodeName: ThrowStmt[40] Predecessor: [BooleanLiteral[25]]
NodeName: VariableDeclarator[74] Predecessor: [VariableDeclarator[64]]
NodeName: VariableDeclarator[64] Predecessor: [CatchParameterDeclaration[51]]
NodeName: CatchParameterDeclaration[51] Predecessor: [UncheckedExceptions[29], UncheckedExceptions[41]]
