NodeName: Entry[11] Successors: [Exit[22]]
NodeName: Exit[22] Successors: []
NodeName: Entry[30] Successors: [LambdaDefinition[48]]
NodeName: LambdaDefinition[48] Successors: [VariableDeclarator[44]]
NodeName: VariableDeclarator[44] Successors: [VarAccess[59]]
NodeName: VarAccess[59] Successors: [StringLiteral[63]]
NodeName: StringLiteral[63] Successors: [MethodAccess[60]]
NodeName: MethodAccess[60] Successors: [Exit[37]]
NodeName: Exit[37] Successors: []
NodeName: Entry[49] Successors: [VarAccess[55]]
NodeName: VarAccess[55] Successors: [StringLiteral[56]]
NodeName: StringLiteral[56] Successors: [AddExpr[54]]
NodeName: AddExpr[54] Successors: [Exit[57]]
NodeName: Exit[57] Successors: []

NodeName: Exit[22] Predecessor: [Entry[11]]
NodeName: Entry[11] Predecessor: []
NodeName: Exit[37] Predecessor: []
NodeName: Exit[57] Predecessor: [AddExpr[54]]
NodeName: AddExpr[54] Predecessor: [StringLiteral[56]]
NodeName: StringLiteral[56] Predecessor: [VarAccess[55]]
NodeName: VarAccess[55] Predecessor: [Entry[49]]
NodeName: Entry[49] Predecessor: []
