NodeName: Entry[15] Successors: [Exit[16]]
NodeName: Exit[16] Successors: []
NodeName: Entry[7] Successors: [FieldDeclarator[33]]
NodeName: FieldDeclarator[33] Successors: [TypeAccess[42]]
NodeName: TypeAccess[42] Successors: [VarAccess[43]]
NodeName: VarAccess[43] Successors: [StringLiteral[47]]
NodeName: StringLiteral[47] Successors: [MethodAccess[44]]
NodeName: MethodAccess[44] Successors: [Exit[8]]
NodeName: Exit[8] Successors: []

NodeName: Exit[16] Predecessor: [Entry[15]]
NodeName: Entry[15] Predecessor: []
NodeName: Exit[8] Predecessor: [MethodAccess[44]]
NodeName: MethodAccess[44] Predecessor: [StringLiteral[47]]
NodeName: StringLiteral[47] Predecessor: [VarAccess[43]]
NodeName: VarAccess[43] Predecessor: [TypeAccess[42]]
NodeName: TypeAccess[42] Predecessor: [FieldDeclarator[33]]
NodeName: FieldDeclarator[33] Predecessor: [Entry[7]]
NodeName: Entry[7] Predecessor: []
