NodeName: Entry[13] Successors: [VarAccess[28]]
NodeName: VarAccess[28] Successors: [ConstCase[31]]
NodeName: ConstCase[31] Successors: [IntegerLiteral[41], ConstCase[42]]
NodeName: IntegerLiteral[41] Successors: [VariableDeclarator[38]]
NodeName: VariableDeclarator[38] Successors: [TypeAccess[47]]
NodeName: TypeAccess[47] Successors: [VarAccess[48]]
NodeName: VarAccess[48] Successors: [IntegerLiteral[52]]
NodeName: IntegerLiteral[52] Successors: [MethodAccess[49]]
NodeName: MethodAccess[49] Successors: [Exit[25]]
NodeName: Exit[25] Successors: []
NodeName: ConstCase[42] Successors: [TypeAccess[47], Exit[25]]

NodeName: Exit[25] Predecessor: [ConstCase[42], MethodAccess[49]]
NodeName: ConstCase[42] Predecessor: [ConstCase[31]]
NodeName: ConstCase[31] Predecessor: [VarAccess[28]]
NodeName: VarAccess[28] Predecessor: [Entry[13]]
NodeName: Entry[13] Predecessor: []
NodeName: MethodAccess[49] Predecessor: [IntegerLiteral[52]]
NodeName: IntegerLiteral[52] Predecessor: [VarAccess[48]]
NodeName: VarAccess[48] Predecessor: [TypeAccess[47]]
NodeName: TypeAccess[47] Predecessor: [VariableDeclarator[38], ConstCase[42]]
NodeName: VariableDeclarator[38] Predecessor: [IntegerLiteral[41]]
NodeName: IntegerLiteral[41] Predecessor: [ConstCase[31]]
