NodeName: Entry[13] Successors: [VariableDeclarator[27]]
NodeName: VariableDeclarator[27] Successors: [IntegerLiteral[46]]
NodeName: IntegerLiteral[46] Successors: [AssignSimpleExpr[44]]
NodeName: AssignSimpleExpr[44] Successors: [VariableDeclarator[37]]
NodeName: VariableDeclarator[37] Successors: [IntegerLiteral[54]]
NodeName: IntegerLiteral[54] Successors: [ArrayAccess[53]]
NodeName: ArrayAccess[53] Successors: [IntegerLiteral[56]]
NodeName: IntegerLiteral[56] Successors: [ArrayAccess[55]]
NodeName: ArrayAccess[55] Successors: [IntegerLiteral[57]]
NodeName: IntegerLiteral[57] Successors: [AssignSimpleExpr[49]]
NodeName: AssignSimpleExpr[49] Successors: [Exit[20]]
NodeName: Exit[20] Successors: []

NodeName: Exit[20] Predecessor: [AssignSimpleExpr[49]]
NodeName: AssignSimpleExpr[49] Predecessor: [IntegerLiteral[57]]
NodeName: IntegerLiteral[57] Predecessor: [ArrayAccess[55]]
NodeName: ArrayAccess[55] Predecessor: [IntegerLiteral[56]]
NodeName: IntegerLiteral[56] Predecessor: [ArrayAccess[53]]
NodeName: ArrayAccess[53] Predecessor: [IntegerLiteral[54]]
NodeName: IntegerLiteral[54] Predecessor: [VariableDeclarator[37]]
NodeName: VariableDeclarator[37] Predecessor: [AssignSimpleExpr[44]]
NodeName: AssignSimpleExpr[44] Predecessor: [IntegerLiteral[46]]
NodeName: IntegerLiteral[46] Predecessor: [VariableDeclarator[27]]
NodeName: VariableDeclarator[27] Predecessor: [Entry[13]]
NodeName: Entry[13] Predecessor: []
