NodeName: Entry[13] Successors: [IntegerLiteral[33]]
NodeName: IntegerLiteral[33] Successors: [VariableDeclarator[30]]
NodeName: VariableDeclarator[30] Successors: [VarAccess[36]]
NodeName: VarAccess[36] Successors: [IntegerLiteral[37]]
NodeName: IntegerLiteral[37] Successors: [LTExpr[35]]
NodeName: LTExpr[35] Successors: [VarAccess[46], VariableDeclarator[136]]
NodeName: VarAccess[46] Successors: [ConstCase[49]]
NodeName: ConstCase[49] Successors: [VariableDeclarator[56], ConstCase[62]]
NodeName: VariableDeclarator[56] Successors: [PostIncExpr[40]]
NodeName: PostIncExpr[40] Successors: [VarAccess[36]]
NodeName: ConstCase[62] Successors: [VariableDeclarator[69], ConstCase[75]]
NodeName: VariableDeclarator[69] Successors: [PostIncExpr[40]]
NodeName: ConstCase[75] Successors: [VariableDeclarator[82], ConstCase[88]]
NodeName: VariableDeclarator[82] Successors: [VariableDeclarator[128]]
NodeName: VariableDeclarator[128] Successors: [PostIncExpr[40]]
NodeName: ConstCase[88] Successors: [VariableDeclarator[95], ConstCase[101]]
NodeName: VariableDeclarator[95] Successors: [VariableDeclarator[128]]
NodeName: ConstCase[101] Successors: [VariableDeclarator[108], DefaultCase[114]]
NodeName: VariableDeclarator[108] Successors: [VariableDeclarator[136]]
NodeName: VariableDeclarator[136] Successors: [Exit[20]]
NodeName: Exit[20] Successors: []
NodeName: DefaultCase[114] Successors: [VariableDeclarator[120]]
NodeName: VariableDeclarator[120] Successors: [VariableDeclarator[128]]

NodeName: Exit[20] Predecessor: [VariableDeclarator[136]]
NodeName: VariableDeclarator[136] Predecessor: [LTExpr[35], VariableDeclarator[108]]
NodeName: LTExpr[35] Predecessor: [IntegerLiteral[37]]
NodeName: IntegerLiteral[37] Predecessor: [VarAccess[36]]
NodeName: VarAccess[36] Predecessor: [VariableDeclarator[30], PostIncExpr[40]]
NodeName: VariableDeclarator[30] Predecessor: [IntegerLiteral[33]]
NodeName: IntegerLiteral[33] Predecessor: [Entry[13]]
NodeName: Entry[13] Predecessor: []
NodeName: PostIncExpr[40] Predecessor: [VariableDeclarator[56], VariableDeclarator[69], VariableDeclarator[128]]
NodeName: VariableDeclarator[56] Predecessor: [ConstCase[49]]
NodeName: ConstCase[49] Predecessor: [VarAccess[46]]
NodeName: VarAccess[46] Predecessor: [LTExpr[35]]
NodeName: VariableDeclarator[69] Predecessor: [ConstCase[62]]
NodeName: ConstCase[62] Predecessor: [ConstCase[49]]
NodeName: VariableDeclarator[128] Predecessor: [VariableDeclarator[82], VariableDeclarator[95], VariableDeclarator[120]]
NodeName: VariableDeclarator[82] Predecessor: [ConstCase[75]]
NodeName: ConstCase[75] Predecessor: [ConstCase[62]]
NodeName: VariableDeclarator[95] Predecessor: [ConstCase[88]]
NodeName: ConstCase[88] Predecessor: [ConstCase[75]]
NodeName: VariableDeclarator[120] Predecessor: [DefaultCase[114]]
NodeName: DefaultCase[114] Predecessor: [ConstCase[101]]
NodeName: ConstCase[101] Predecessor: [ConstCase[88]]
NodeName: VariableDeclarator[108] Predecessor: [ConstCase[101]]
