NodeName: Entry[13] Successors: [VarAccess[34]]
NodeName: VarAccess[34] Successors: [VarAccess[41], PostIncExpr[63]]
NodeName: VarAccess[41] Successors: [UncheckedExceptions[43], UncheckedExceptions[61]]
NodeName: UncheckedExceptions[43] Successors: [VarAccess[34]]
NodeName: UncheckedExceptions[61] Successors: [VarAccess[34]]
NodeName: PostIncExpr[63] Successors: [VarAccess[66]]
NodeName: VarAccess[66] Successors: [UncheckedExceptions[68], UncheckedExceptions[86]]
NodeName: UncheckedExceptions[68] Successors: [PostDecExpr[75]]
NodeName: PostDecExpr[75] Successors: [ReturnStmt[67], Exit[28]]
NodeName: ReturnStmt[67] Successors: [Exit[28]]
NodeName: Exit[28] Successors: []
NodeName: UncheckedExceptions[86] Successors: [PostDecExpr[84]]
NodeName: PostDecExpr[84] Successors: [PostIncExpr[88], Exit[28]]
NodeName: PostIncExpr[88] Successors: [Exit[28]]

NodeName: Exit[28] Predecessor: [ReturnStmt[67], PostDecExpr[75], PostDecExpr[84], PostIncExpr[88]]
NodeName: ReturnStmt[67] Predecessor: [PostDecExpr[75]]
NodeName: PostDecExpr[75] Predecessor: [UncheckedExceptions[68]]
NodeName: UncheckedExceptions[68] Predecessor: [VarAccess[66]]
NodeName: VarAccess[66] Predecessor: [PostIncExpr[63]]
NodeName: PostIncExpr[63] Predecessor: [VarAccess[34]]
NodeName: VarAccess[34] Predecessor: [Entry[13], UncheckedExceptions[61], UncheckedExceptions[43]]
NodeName: Entry[13] Predecessor: []
NodeName: UncheckedExceptions[61] Predecessor: [VarAccess[41]]
NodeName: VarAccess[41] Predecessor: [VarAccess[34]]
NodeName: UncheckedExceptions[43] Predecessor: [VarAccess[41]]
NodeName: PostDecExpr[84] Predecessor: [UncheckedExceptions[86]]
NodeName: UncheckedExceptions[86] Predecessor: [VarAccess[66]]
NodeName: PostIncExpr[88] Predecessor: [PostDecExpr[84]]
