NodeName: Entry[15] Successors: [Exit[16]]
NodeName: Exit[16] Successors: []
NodeName: Entry[7] Successors: [Exit[8]]
NodeName: Exit[8] Successors: []
NodeName: Entry[29] Successors: [VarAccess[50]]
NodeName: VarAccess[50] Successors: [VarAccess[57], PostIncExpr[79]]
NodeName: VarAccess[57] Successors: [UncheckedExceptions[59], UncheckedExceptions[77]]
NodeName: UncheckedExceptions[59] Successors: [VarAccess[50]]
NodeName: UncheckedExceptions[77] Successors: [VarAccess[50]]
NodeName: PostIncExpr[79] Successors: [VarAccess[82]]
NodeName: VarAccess[82] Successors: [UncheckedExceptions[84], UncheckedExceptions[102]]
NodeName: UncheckedExceptions[84] Successors: [PostDecExpr[91]]
NodeName: PostDecExpr[91] Successors: [ReturnStmt[83], Exit[44]]
NodeName: ReturnStmt[83] Successors: [Exit[44]]
NodeName: Exit[44] Successors: []
NodeName: UncheckedExceptions[102] Successors: [PostDecExpr[100]]
NodeName: PostDecExpr[100] Successors: [PostIncExpr[104], Exit[44]]
NodeName: PostIncExpr[104] Successors: [Exit[44]]

NodeName: Exit[16] Predecessor: [Entry[15]]
NodeName: Entry[15] Predecessor: []
NodeName: Exit[8] Predecessor: [Entry[7]]
NodeName: Entry[7] Predecessor: []
NodeName: Exit[44] Predecessor: [ReturnStmt[83], PostDecExpr[91], PostDecExpr[100], PostIncExpr[104]]
NodeName: ReturnStmt[83] Predecessor: [PostDecExpr[91]]
NodeName: PostDecExpr[91] Predecessor: [UncheckedExceptions[84]]
NodeName: UncheckedExceptions[84] Predecessor: [VarAccess[82]]
NodeName: VarAccess[82] Predecessor: [PostIncExpr[79]]
NodeName: PostIncExpr[79] Predecessor: [VarAccess[50]]
NodeName: VarAccess[50] Predecessor: [Entry[29], UncheckedExceptions[77], UncheckedExceptions[59]]
NodeName: Entry[29] Predecessor: []
NodeName: UncheckedExceptions[77] Predecessor: [VarAccess[57]]
NodeName: VarAccess[57] Predecessor: [VarAccess[50]]
NodeName: UncheckedExceptions[59] Predecessor: [VarAccess[57]]
NodeName: PostDecExpr[100] Predecessor: [UncheckedExceptions[102]]
NodeName: UncheckedExceptions[102] Predecessor: [VarAccess[82]]
NodeName: PostIncExpr[104] Predecessor: [PostDecExpr[100]]
