NodeName: Entry[15] Successors: [Exit[16]]
NodeName: Exit[16] Successors: []
NodeName: Entry[7] Successors: [Exit[8]]
NodeName: Exit[8] Successors: []
NodeName: Entry[29] Successors: [VariableDeclarator[43]]
NodeName: VariableDeclarator[43] Successors: [IntegerLiteral[49]]
NodeName: IntegerLiteral[49] Successors: [VariableDeclarator[46]]
NodeName: VariableDeclarator[46] Successors: [IntegerLiteral[53]]
NodeName: IntegerLiteral[53] Successors: [VariableDeclarator[50]]
NodeName: VariableDeclarator[50] Successors: [VarAccess[63]]
NodeName: VarAccess[63] Successors: [VarAccess[64]]
NodeName: VarAccess[64] Successors: [AddExpr[62]]
NodeName: AddExpr[62] Successors: [VariableDeclarator[59]]
NodeName: VariableDeclarator[59] Successors: [Exit[36]]
NodeName: Exit[36] Successors: []

NodeName: Exit[16] Predecessor: [Entry[15]]
NodeName: Entry[15] Predecessor: []
NodeName: Exit[8] Predecessor: [Entry[7]]
NodeName: Entry[7] Predecessor: []
NodeName: Exit[36] Predecessor: [VariableDeclarator[59]]
NodeName: VariableDeclarator[59] Predecessor: [AddExpr[62]]
NodeName: AddExpr[62] Predecessor: [VarAccess[64]]
NodeName: VarAccess[64] Predecessor: [VarAccess[63]]
NodeName: VarAccess[63] Predecessor: [VariableDeclarator[50]]
NodeName: VariableDeclarator[50] Predecessor: [IntegerLiteral[53]]
NodeName: IntegerLiteral[53] Predecessor: [VariableDeclarator[46]]
NodeName: VariableDeclarator[46] Predecessor: [IntegerLiteral[49]]
NodeName: IntegerLiteral[49] Predecessor: [VariableDeclarator[43]]
NodeName: VariableDeclarator[43] Predecessor: [Entry[29]]
NodeName: Entry[29] Predecessor: []
