NodeName: Entry[13] Successors: [VariableDeclarator[27]]
NodeName: VariableDeclarator[27] Successors: [IntegerLiteral[33]]
NodeName: IntegerLiteral[33] Successors: [VariableDeclarator[30]]
NodeName: VariableDeclarator[30] Successors: [IntegerLiteral[37]]
NodeName: IntegerLiteral[37] Successors: [VariableDeclarator[34]]
NodeName: VariableDeclarator[34] Successors: [VarAccess[47]]
NodeName: VarAccess[47] Successors: [VarAccess[48]]
NodeName: VarAccess[48] Successors: [AddExpr[46]]
NodeName: AddExpr[46] Successors: [VariableDeclarator[43]]
NodeName: VariableDeclarator[43] Successors: [Exit[20]]
NodeName: Exit[20] Successors: []

NodeName: Exit[20] Predecessor: [VariableDeclarator[43]]
NodeName: VariableDeclarator[43] Predecessor: [AddExpr[46]]
NodeName: AddExpr[46] Predecessor: [VarAccess[48]]
NodeName: VarAccess[48] Predecessor: [VarAccess[47]]
NodeName: VarAccess[47] Predecessor: [VariableDeclarator[34]]
NodeName: VariableDeclarator[34] Predecessor: [IntegerLiteral[37]]
NodeName: IntegerLiteral[37] Predecessor: [VariableDeclarator[30]]
NodeName: VariableDeclarator[30] Predecessor: [IntegerLiteral[33]]
NodeName: IntegerLiteral[33] Predecessor: [VariableDeclarator[27]]
NodeName: VariableDeclarator[27] Predecessor: [Entry[13]]
NodeName: Entry[13] Predecessor: []
