NodeName: Entry[12] Successors: [SuperConstructorAccess[24]]
NodeName: SuperConstructorAccess[24] Successors: [Implicit[12]]
NodeName: Implicit[12] Successors: [Exit[12]]
NodeName: Exit[12] Successors: []
NodeName: Entry[24] Successors: [TypeAccess[37]]
NodeName: TypeAccess[37] Successors: [VarAccess[38]]
NodeName: VarAccess[38] Successors: [StringLiteral[42]]
NodeName: StringLiteral[42] Successors: [MethodAccess[39]]
NodeName: MethodAccess[39] Successors: [Exit[32]]
NodeName: Exit[32] Successors: []
NodeName: Entry[52] Successors: [StringLiteral[73]]
NodeName: StringLiteral[73] Successors: [ClassInstanceExpr[70]]
NodeName: ClassInstanceExpr[70] Successors: [VariableDeclarator[67]]
NodeName: VariableDeclarator[67] Successors: [VarAccess[105]]
NodeName: VarAccess[105] Successors: [MethodAccess[106]]
NodeName: MethodAccess[106] Successors: [Exit[60]]
NodeName: Exit[60] Successors: []
NodeName: Entry[80] Successors: [TypeAccess[93]]
NodeName: TypeAccess[93] Successors: [VarAccess[94]]
NodeName: VarAccess[94] Successors: [StringLiteral[98]]
NodeName: StringLiteral[98] Successors: [MethodAccess[95]]
NodeName: MethodAccess[95] Successors: [Exit[88]]
NodeName: Exit[88] Successors: []

NodeName: Exit[12] Predecessor: [Implicit[12]]
NodeName: Implicit[12] Predecessor: [SuperConstructorAccess[24]]
NodeName: SuperConstructorAccess[24] Predecessor: [Entry[12]]
NodeName: Entry[12] Predecessor: []
NodeName: Exit[32] Predecessor: [MethodAccess[39]]
NodeName: MethodAccess[39] Predecessor: [StringLiteral[42]]
NodeName: StringLiteral[42] Predecessor: [VarAccess[38]]
NodeName: VarAccess[38] Predecessor: [TypeAccess[37]]
NodeName: TypeAccess[37] Predecessor: [Entry[24]]
NodeName: Entry[24] Predecessor: []
NodeName: Exit[60] Predecessor: [MethodAccess[106]]
NodeName: MethodAccess[106] Predecessor: [VarAccess[105]]
NodeName: VarAccess[105] Predecessor: [VariableDeclarator[67]]
NodeName: VariableDeclarator[67] Predecessor: [ClassInstanceExpr[70]]
NodeName: ClassInstanceExpr[70] Predecessor: [StringLiteral[73]]
NodeName: StringLiteral[73] Predecessor: [Entry[52]]
NodeName: Entry[52] Predecessor: []
NodeName: Exit[88] Predecessor: [MethodAccess[95]]
NodeName: MethodAccess[95] Predecessor: [StringLiteral[98]]
NodeName: StringLiteral[98] Predecessor: [VarAccess[94]]
NodeName: VarAccess[94] Predecessor: [TypeAccess[93]]
NodeName: TypeAccess[93] Predecessor: [Entry[80]]
NodeName: Entry[80] Predecessor: []
