NodeName: Entry[15] Successors: [Exit[16]]
NodeName: Exit[16] Successors: []
NodeName: Entry[7] Successors: [Exit[8]]
NodeName: Exit[8] Successors: []
NodeName: Entry[28] Successors: [SuperConstructorAccess[40]]
NodeName: SuperConstructorAccess[40] Successors: [Implicit[28]]
NodeName: Implicit[28] Successors: [Exit[28]]
NodeName: Exit[28] Successors: []
NodeName: Entry[40] Successors: [TypeAccess[53]]
NodeName: TypeAccess[53] Successors: [VarAccess[54]]
NodeName: VarAccess[54] Successors: [StringLiteral[58]]
NodeName: StringLiteral[58] Successors: [MethodAccess[55]]
NodeName: MethodAccess[55] Successors: [Exit[48]]
NodeName: Exit[48] Successors: []
NodeName: Entry[71] Successors: [Exit[72]]
NodeName: Exit[72] Successors: []
NodeName: Entry[63] Successors: [Exit[64]]
NodeName: Exit[64] Successors: []
NodeName: Entry[84] Successors: [StringLiteral[105]]
NodeName: StringLiteral[105] Successors: [ClassInstanceExpr[102]]
NodeName: ClassInstanceExpr[102] Successors: [VariableDeclarator[99]]
NodeName: VariableDeclarator[99] Successors: [VarAccess[153]]
NodeName: VarAccess[153] Successors: [MethodAccess[154]]
NodeName: MethodAccess[154] Successors: [Exit[92]]
NodeName: Exit[92] Successors: []
NodeName: Entry[117] Successors: [Exit[118]]
NodeName: Exit[118] Successors: []
NodeName: Entry[109] Successors: [Exit[110]]
NodeName: Exit[110] Successors: []
NodeName: Entry[128] Successors: [TypeAccess[141]]
NodeName: TypeAccess[141] Successors: [VarAccess[142]]
NodeName: VarAccess[142] Successors: [StringLiteral[146]]
NodeName: StringLiteral[146] Successors: [MethodAccess[143]]
NodeName: MethodAccess[143] Successors: [Exit[136]]
NodeName: Exit[136] Successors: []

NodeName: Exit[16] Predecessor: [Entry[15]]
NodeName: Entry[15] Predecessor: []
NodeName: Exit[8] Predecessor: [Entry[7]]
NodeName: Entry[7] Predecessor: []
NodeName: Exit[28] Predecessor: [Implicit[28]]
NodeName: Implicit[28] Predecessor: [SuperConstructorAccess[40]]
NodeName: SuperConstructorAccess[40] Predecessor: [Entry[28]]
NodeName: Entry[28] Predecessor: []
NodeName: Exit[48] Predecessor: [MethodAccess[55]]
NodeName: MethodAccess[55] Predecessor: [StringLiteral[58]]
NodeName: StringLiteral[58] Predecessor: [VarAccess[54]]
NodeName: VarAccess[54] Predecessor: [TypeAccess[53]]
NodeName: TypeAccess[53] Predecessor: [Entry[40]]
NodeName: Entry[40] Predecessor: []
NodeName: Exit[72] Predecessor: [Entry[71]]
NodeName: Entry[71] Predecessor: []
NodeName: Exit[64] Predecessor: [Entry[63]]
NodeName: Entry[63] Predecessor: []
NodeName: Exit[92] Predecessor: [MethodAccess[154]]
NodeName: MethodAccess[154] Predecessor: [VarAccess[153]]
NodeName: VarAccess[153] Predecessor: [VariableDeclarator[99]]
NodeName: VariableDeclarator[99] Predecessor: [ClassInstanceExpr[102]]
NodeName: ClassInstanceExpr[102] Predecessor: [StringLiteral[105]]
NodeName: StringLiteral[105] Predecessor: [Entry[84]]
NodeName: Entry[84] Predecessor: []
NodeName: Exit[118] Predecessor: [Entry[117]]
NodeName: Entry[117] Predecessor: []
NodeName: Exit[110] Predecessor: [Entry[109]]
NodeName: Entry[109] Predecessor: []
NodeName: Exit[136] Predecessor: [MethodAccess[143]]
NodeName: MethodAccess[143] Predecessor: [StringLiteral[146]]
NodeName: StringLiteral[146] Predecessor: [VarAccess[142]]
NodeName: VarAccess[142] Predecessor: [TypeAccess[141]]
NodeName: TypeAccess[141] Predecessor: [Entry[128]]
NodeName: Entry[128] Predecessor: []
