NodeName: Entry[13] Successors: [IntegerLiteral[23]]
NodeName: IntegerLiteral[23] Successors: [VariableDeclarator[20]]
NodeName: VariableDeclarator[20] Successors: [VarAccess[25]]
NodeName: VarAccess[25] Successors: [ConstCase[28]]
NodeName: ConstCase[28] Successors: [VariableDeclarator[35], ConstCase[41]]
NodeName: VariableDeclarator[35] Successors: [VariableDeclarator[78]]
NodeName: VariableDeclarator[78] Successors: [Exit[13]]
NodeName: Exit[13] Successors: []
NodeName: ConstCase[41] Successors: [VariableDeclarator[48], ConstCase[51]]
NodeName: VariableDeclarator[48] Successors: [VariableDeclarator[58]]
NodeName: VariableDeclarator[58] Successors: [VariableDeclarator[78]]
NodeName: ConstCase[51] Successors: [VariableDeclarator[58], DefaultCase[64]]
NodeName: DefaultCase[64] Successors: [VariableDeclarator[70]]
NodeName: VariableDeclarator[70] Successors: [VariableDeclarator[78]]

NodeName: Exit[13] Predecessor: [VariableDeclarator[78]]
NodeName: VariableDeclarator[78] Predecessor: [VariableDeclarator[35], VariableDeclarator[58], VariableDeclarator[70]]
NodeName: VariableDeclarator[35] Predecessor: [ConstCase[28]]
NodeName: ConstCase[28] Predecessor: [VarAccess[25]]
NodeName: VarAccess[25] Predecessor: [VariableDeclarator[20]]
NodeName: VariableDeclarator[20] Predecessor: [IntegerLiteral[23]]
NodeName: IntegerLiteral[23] Predecessor: [Entry[13]]
NodeName: Entry[13] Predecessor: []
NodeName: VariableDeclarator[58] Predecessor: [VariableDeclarator[48], ConstCase[51]]
NodeName: VariableDeclarator[48] Predecessor: [ConstCase[41]]
NodeName: ConstCase[41] Predecessor: [ConstCase[28]]
NodeName: ConstCase[51] Predecessor: [ConstCase[41]]
NodeName: VariableDeclarator[70] Predecessor: [DefaultCase[64]]
NodeName: DefaultCase[64] Predecessor: [ConstCase[51]]
