NodeName: Entry[15] Successors: [IntegerLiteral[39]]
NodeName: IntegerLiteral[39] Successors: [VariableDeclarator[36]]
NodeName: VariableDeclarator[36] Successors: [VarAccess[41]]
NodeName: VarAccess[41] Successors: [ConstCase[44]]
NodeName: ConstCase[44] Successors: [VariableDeclarator[51], ConstCase[57]]
NodeName: VariableDeclarator[51] Successors: [VariableDeclarator[94]]
NodeName: VariableDeclarator[94] Successors: [Exit[16]]
NodeName: Exit[16] Successors: []
NodeName: ConstCase[57] Successors: [VariableDeclarator[64], ConstCase[67]]
NodeName: VariableDeclarator[64] Successors: [ConstCase[67]]
NodeName: ConstCase[67] Successors: [VariableDeclarator[74], DefaultCase[80]]
NodeName: VariableDeclarator[74] Successors: [VariableDeclarator[94]]
NodeName: DefaultCase[80] Successors: [VariableDeclarator[86]]
NodeName: VariableDeclarator[86] Successors: [VariableDeclarator[94]]
NodeName: Entry[7] Successors: [Exit[8]]
NodeName: Exit[8] Successors: []

NodeName: Exit[16] Predecessor: [VariableDeclarator[94]]
NodeName: VariableDeclarator[94] Predecessor: [VariableDeclarator[51], VariableDeclarator[74], VariableDeclarator[86]]
NodeName: VariableDeclarator[51] Predecessor: [ConstCase[44]]
NodeName: ConstCase[44] Predecessor: [VarAccess[41]]
NodeName: VarAccess[41] Predecessor: [VariableDeclarator[36]]
NodeName: VariableDeclarator[36] Predecessor: [IntegerLiteral[39]]
NodeName: IntegerLiteral[39] Predecessor: [Entry[15]]
NodeName: Entry[15] Predecessor: []
NodeName: VariableDeclarator[74] Predecessor: [ConstCase[67]]
NodeName: ConstCase[67] Predecessor: [ConstCase[57], VariableDeclarator[64]]
NodeName: ConstCase[57] Predecessor: [ConstCase[44]]
NodeName: VariableDeclarator[64] Predecessor: [ConstCase[57]]
NodeName: VariableDeclarator[86] Predecessor: [DefaultCase[80]]
NodeName: DefaultCase[80] Predecessor: [ConstCase[67]]
NodeName: Exit[8] Predecessor: [Entry[7]]
NodeName: Entry[7] Predecessor: []
