NodeName: Entry[13] Successors: [IntegerLiteral[32]]
NodeName: IntegerLiteral[32] Successors: [VariableDeclarator[29]]
NodeName: VariableDeclarator[29] Successors: [BooleanLiteral[34]]
NodeName: BooleanLiteral[34] Successors: [VariableDeclarator[46], Exit[20]]
NodeName: VariableDeclarator[46] Successors: [PostIncExpr[37]]
NodeName: PostIncExpr[37] Successors: [BooleanLiteral[34]]
NodeName: Exit[20] Successors: []

NodeName: Exit[20] Predecessor: [BooleanLiteral[34]]
NodeName: BooleanLiteral[34] Predecessor: [VariableDeclarator[29], PostIncExpr[37]]
NodeName: VariableDeclarator[29] Predecessor: [IntegerLiteral[32]]
NodeName: IntegerLiteral[32] Predecessor: [Entry[13]]
NodeName: Entry[13] Predecessor: []
NodeName: PostIncExpr[37] Predecessor: [VariableDeclarator[46]]
NodeName: VariableDeclarator[46] Predecessor: [BooleanLiteral[34]]
