NodeName: Entry[15] Successors: [Exit[16]]
NodeName: Exit[16] Successors: []
NodeName: Entry[7] Successors: [Exit[8]]
NodeName: Exit[8] Successors: []
NodeName: Entry[29] Successors: [IntegerLiteral[48]]
NodeName: IntegerLiteral[48] Successors: [VariableDeclarator[45]]
NodeName: VariableDeclarator[45] Successors: [BooleanLiteral[50]]
NodeName: BooleanLiteral[50] Successors: [VariableDeclarator[62], Exit[36]]
NodeName: VariableDeclarator[62] Successors: [PostIncExpr[53]]
NodeName: PostIncExpr[53] Successors: [BooleanLiteral[50]]
NodeName: Exit[36] Successors: []

NodeName: Exit[16] Predecessor: [Entry[15]]
NodeName: Entry[15] Predecessor: []
NodeName: Exit[8] Predecessor: [Entry[7]]
NodeName: Entry[7] Predecessor: []
NodeName: Exit[36] Predecessor: [BooleanLiteral[50]]
NodeName: BooleanLiteral[50] Predecessor: [VariableDeclarator[45], PostIncExpr[53]]
NodeName: VariableDeclarator[45] Predecessor: [IntegerLiteral[48]]
NodeName: IntegerLiteral[48] Predecessor: [Entry[29]]
NodeName: Entry[29] Predecessor: []
NodeName: PostIncExpr[53] Predecessor: [VariableDeclarator[62]]
NodeName: VariableDeclarator[62] Predecessor: [BooleanLiteral[50]]
