NodeName: Entry[15] Successors: [Exit[16]]
NodeName: Exit[16] Successors: []
NodeName: Entry[7] Successors: [Exit[8]]
NodeName: Exit[8] Successors: []
NodeName: Entry[29] Successors: [VariableDeclarator[47]]
NodeName: VariableDeclarator[47] Successors: [VariableDeclarator[59]]
NodeName: VariableDeclarator[59] Successors: [VariableDeclarator[71]]
NodeName: VariableDeclarator[71] Successors: [BooleanLiteral[74]]
NodeName: BooleanLiteral[74] Successors: [VariableDeclarator[47], Exit[36]]
NodeName: Exit[36] Successors: []

NodeName: Exit[16] Predecessor: [Entry[15]]
NodeName: Entry[15] Predecessor: []
NodeName: Exit[8] Predecessor: [Entry[7]]
NodeName: Entry[7] Predecessor: []
NodeName: Exit[36] Predecessor: [BooleanLiteral[74]]
NodeName: BooleanLiteral[74] Predecessor: [VariableDeclarator[71]]
NodeName: VariableDeclarator[71] Predecessor: [VariableDeclarator[59]]
NodeName: VariableDeclarator[59] Predecessor: [VariableDeclarator[47]]
NodeName: VariableDeclarator[47] Predecessor: [Entry[29], BooleanLiteral[74]]
NodeName: Entry[29] Predecessor: []
