NodeName: Entry[13] Successors: [VariableDeclarator[31]]
NodeName: VariableDeclarator[31] Successors: [VariableDeclarator[43]]
NodeName: VariableDeclarator[43] Successors: [VariableDeclarator[55]]
NodeName: VariableDeclarator[55] Successors: [BooleanLiteral[58]]
NodeName: BooleanLiteral[58] Successors: [VariableDeclarator[31], Exit[20]]
NodeName: Exit[20] Successors: []

NodeName: Exit[20] Predecessor: [BooleanLiteral[58]]
NodeName: BooleanLiteral[58] Predecessor: [VariableDeclarator[55]]
NodeName: VariableDeclarator[55] Predecessor: [VariableDeclarator[43]]
NodeName: VariableDeclarator[43] Predecessor: [VariableDeclarator[31]]
NodeName: VariableDeclarator[31] Predecessor: [Entry[13], BooleanLiteral[58]]
NodeName: Entry[13] Predecessor: []
