NodeName: Entry[13] Successors: [IntegerLiteral[30]]
NodeName: IntegerLiteral[30] Successors: [VariableDeclarator[27]]
NodeName: VariableDeclarator[27] Successors: [VarAccess[32]]
NodeName: VarAccess[32] Successors: [ConstCase[35]]
NodeName: ConstCase[35] Successors: [IntegerLiteral[40], IntegerLiteral[44]]
NodeName: IntegerLiteral[40] Successors: [AssignSimpleExpr[38]]
NodeName: AssignSimpleExpr[38] Successors: [IntegerLiteral[44]]
NodeName: IntegerLiteral[44] Successors: [AssignSimpleExpr[42]]
NodeName: AssignSimpleExpr[42] Successors: [Exit[20]]
NodeName: Exit[20] Successors: []

NodeName: Exit[20] Predecessor: [AssignSimpleExpr[42]]
NodeName: AssignSimpleExpr[42] Predecessor: [IntegerLiteral[44]]
NodeName: IntegerLiteral[44] Predecessor: [ConstCase[35], AssignSimpleExpr[38]]
NodeName: ConstCase[35] Predecessor: [VarAccess[32]]
NodeName: VarAccess[32] Predecessor: [VariableDeclarator[27]]
NodeName: VariableDeclarator[27] Predecessor: [IntegerLiteral[30]]
NodeName: IntegerLiteral[30] Predecessor: [Entry[13]]
NodeName: Entry[13] Predecessor: []
NodeName: AssignSimpleExpr[38] Predecessor: [IntegerLiteral[40]]
NodeName: IntegerLiteral[40] Predecessor: [ConstCase[35]]
