NodeName: Entry[17] Successors: [Exit[18]]
NodeName: Exit[18] Successors: []
NodeName: Entry[9] Successors: [Exit[10]]
NodeName: Exit[10] Successors: []
NodeName: Entry[31] Successors: [ClassInstanceExpr[78]]
NodeName: ClassInstanceExpr[78] Successors: [ResourceDeclaration[55]]
NodeName: ResourceDeclaration[55] Successors: [ClassInstanceExpr[95]]
NodeName: ClassInstanceExpr[95] Successors: [ResourceDeclaration[87], NTACloseResource[100]]
NodeName: ResourceDeclaration[87] Successors: [TypeAccess[128]]
NodeName: TypeAccess[128] Successors: [VarAccess[129]]
NodeName: VarAccess[129] Successors: [StringLiteral[133]]
NodeName: StringLiteral[133] Successors: [MethodAccess[130]]
NodeName: MethodAccess[130] Successors: [ThrowStmt[136]]
NodeName: ThrowStmt[136] Successors: [ClassInstanceExpr[138]]
NodeName: ClassInstanceExpr[138] Successors: [NTACloseResource[148]]
NodeName: NTACloseResource[148] Successors: [NTACloseResource[152]]
NodeName: NTACloseResource[152] Successors: [UncheckedExceptions[137]]
NodeName: UncheckedExceptions[137] Successors: [ParameterDeclaration[158]]
NodeName: ParameterDeclaration[158] Successors: [TypeAccess[167]]
NodeName: TypeAccess[167] Successors: [VarAccess[168]]
NodeName: VarAccess[168] Successors: [StringLiteral[172]]
NodeName: StringLiteral[172] Successors: [MethodAccess[169]]
NodeName: MethodAccess[169] Successors: [TypeAccess[181]]
NodeName: TypeAccess[181] Successors: [VarAccess[182]]
NodeName: VarAccess[182] Successors: [StringLiteral[186]]
NodeName: StringLiteral[186] Successors: [MethodAccess[183]]
NodeName: MethodAccess[183] Successors: [Exit[51]]
NodeName: Exit[51] Successors: []
NodeName: NTACloseResource[100] Successors: [TypeAccess[112]]
NodeName: TypeAccess[112] Successors: [VarAccess[113]]
NodeName: VarAccess[113] Successors: [StringLiteral[117]]
NodeName: StringLiteral[117] Successors: [MethodAccess[114]]
NodeName: MethodAccess[114] Successors: [Exit[51]]
NodeName: Entry[200] Successors: [Exit[201]]
NodeName: Exit[201] Successors: []
NodeName: Entry[192] Successors: [Exit[193]]
NodeName: Exit[193] Successors: []
NodeName: Entry[214] Successors: [SuperConstructorAccess[223]]
NodeName: SuperConstructorAccess[223] Successors: [Implicit[214]]
NodeName: Implicit[214] Successors: [Exit[214]]
NodeName: Exit[214] Successors: []
NodeName: Entry[223] Successors: [Exit[235]]
NodeName: Exit[235] Successors: []
NodeName: Entry[248] Successors: [Exit[249]]
NodeName: Exit[249] Successors: []
NodeName: Entry[240] Successors: [Exit[241]]
NodeName: Exit[241] Successors: []
NodeName: Entry[271] Successors: [Exit[272]]
NodeName: Exit[272] Successors: []
NodeName: Entry[263] Successors: [Exit[264]]
NodeName: Exit[264] Successors: []
NodeName: Entry[285] Successors: [SuperConstructorAccess[295]]
NodeName: SuperConstructorAccess[295] Successors: [Implicit[285]]
NodeName: Implicit[285] Successors: [Exit[285]]
NodeName: Exit[285] Successors: []
NodeName: Entry[295] Successors: [Exit[306]]
NodeName: Exit[306] Successors: []
NodeName: Entry[319] Successors: [Exit[320]]
NodeName: Exit[320] Successors: []
NodeName: Entry[311] Successors: [Exit[312]]
NodeName: Exit[312] Successors: []

NodeName: Exit[18] Predecessor: [Entry[17]]
NodeName: Entry[17] Predecessor: []
NodeName: Exit[10] Predecessor: [Entry[9]]
NodeName: Entry[9] Predecessor: []
NodeName: Exit[51] Predecessor: [MethodAccess[114], MethodAccess[183]]
NodeName: MethodAccess[114] Predecessor: [StringLiteral[117]]
NodeName: StringLiteral[117] Predecessor: [VarAccess[113]]
NodeName: VarAccess[113] Predecessor: [TypeAccess[112]]
NodeName: TypeAccess[112] Predecessor: [NTACloseResource[100]]
NodeName: NTACloseResource[100] Predecessor: [ClassInstanceExpr[95]]
NodeName: ClassInstanceExpr[95] Predecessor: [ResourceDeclaration[55]]
NodeName: ResourceDeclaration[55] Predecessor: [ClassInstanceExpr[78]]
NodeName: ClassInstanceExpr[78] Predecessor: [Entry[31]]
NodeName: Entry[31] Predecessor: []
NodeName: MethodAccess[183] Predecessor: [StringLiteral[186]]
NodeName: StringLiteral[186] Predecessor: [VarAccess[182]]
NodeName: VarAccess[182] Predecessor: [TypeAccess[181]]
NodeName: TypeAccess[181] Predecessor: [MethodAccess[169]]
NodeName: MethodAccess[169] Predecessor: [StringLiteral[172]]
NodeName: StringLiteral[172] Predecessor: [VarAccess[168]]
NodeName: VarAccess[168] Predecessor: [TypeAccess[167]]
NodeName: TypeAccess[167] Predecessor: [ParameterDeclaration[158]]
NodeName: ParameterDeclaration[158] Predecessor: [UncheckedExceptions[137]]
NodeName: UncheckedExceptions[137] Predecessor: [NTACloseResource[152]]
NodeName: NTACloseResource[152] Predecessor: [NTACloseResource[148]]
NodeName: NTACloseResource[148] Predecessor: [ClassInstanceExpr[138]]
NodeName: ClassInstanceExpr[138] Predecessor: [ThrowStmt[136]]
NodeName: ThrowStmt[136] Predecessor: [MethodAccess[130]]
NodeName: MethodAccess[130] Predecessor: [StringLiteral[133]]
NodeName: StringLiteral[133] Predecessor: [VarAccess[129]]
NodeName: VarAccess[129] Predecessor: [TypeAccess[128]]
NodeName: TypeAccess[128] Predecessor: [ResourceDeclaration[87]]
NodeName: ResourceDeclaration[87] Predecessor: [ClassInstanceExpr[95]]
NodeName: Exit[201] Predecessor: [Entry[200]]
NodeName: Entry[200] Predecessor: []
NodeName: Exit[193] Predecessor: [Entry[192]]
NodeName: Entry[192] Predecessor: []
NodeName: Exit[214] Predecessor: [Implicit[214]]
NodeName: Implicit[214] Predecessor: [SuperConstructorAccess[223]]
NodeName: SuperConstructorAccess[223] Predecessor: [Entry[214]]
NodeName: Entry[214] Predecessor: []
NodeName: Exit[235] Predecessor: [Entry[223]]
NodeName: Entry[223] Predecessor: []
NodeName: Exit[249] Predecessor: [Entry[248]]
NodeName: Entry[248] Predecessor: []
NodeName: Exit[241] Predecessor: [Entry[240]]
NodeName: Entry[240] Predecessor: []
NodeName: Exit[272] Predecessor: [Entry[271]]
NodeName: Entry[271] Predecessor: []
NodeName: Exit[264] Predecessor: [Entry[263]]
NodeName: Entry[263] Predecessor: []
NodeName: Exit[285] Predecessor: [Implicit[285]]
NodeName: Implicit[285] Predecessor: [SuperConstructorAccess[295]]
NodeName: SuperConstructorAccess[295] Predecessor: [Entry[285]]
NodeName: Entry[285] Predecessor: []
NodeName: Exit[306] Predecessor: [Entry[295]]
NodeName: Entry[295] Predecessor: []
NodeName: Exit[320] Predecessor: [Entry[319]]
NodeName: Entry[319] Predecessor: []
NodeName: Exit[312] Predecessor: [Entry[311]]
NodeName: Entry[311] Predecessor: []
