NodeName: Entry[15] Successors: [Exit[16]]
NodeName: Exit[16] Successors: []
NodeName: Entry[7] Successors: [Exit[8]]
NodeName: Exit[8] Successors: []
NodeName: Entry[29] Successors: [TypeAccess[48]]
NodeName: TypeAccess[48] Successors: [VarAccess[49]]
NodeName: VarAccess[49] Successors: [StringLiteral[53]]
NodeName: StringLiteral[53] Successors: [MethodAccess[50]]
NodeName: MethodAccess[50] Successors: [IntegerLiteral[60]]
NodeName: IntegerLiteral[60] Successors: [UncheckedExceptions[59]]
NodeName: UncheckedExceptions[59] Successors: [TypeAccess[69]]
NodeName: TypeAccess[69] Successors: [VarAccess[70]]
NodeName: VarAccess[70] Successors: [StringLiteral[74]]
NodeName: StringLiteral[74] Successors: [MethodAccess[71]]
NodeName: MethodAccess[71] Successors: [IntegerLiteral[79]]
NodeName: IntegerLiteral[79] Successors: [UncheckedExceptions[78]]
NodeName: UncheckedExceptions[78] Successors: [TypeAccess[88]]
NodeName: TypeAccess[88] Successors: [VarAccess[89]]
NodeName: VarAccess[89] Successors: [StringLiteral[93]]
NodeName: StringLiteral[93] Successors: [MethodAccess[90]]
NodeName: MethodAccess[90] Successors: [IntegerLiteral[98]]
NodeName: IntegerLiteral[98] Successors: [ReturnStmt[96]]
NodeName: ReturnStmt[96] Successors: [Exit[37]]
NodeName: Exit[37] Successors: []

NodeName: Exit[16] Predecessor: [Entry[15]]
NodeName: Entry[15] Predecessor: []
NodeName: Exit[8] Predecessor: [Entry[7]]
NodeName: Entry[7] Predecessor: []
NodeName: Exit[37] Predecessor: [ReturnStmt[96]]
NodeName: ReturnStmt[96] Predecessor: [IntegerLiteral[98]]
NodeName: IntegerLiteral[98] Predecessor: [MethodAccess[90]]
NodeName: MethodAccess[90] Predecessor: [StringLiteral[93]]
NodeName: StringLiteral[93] Predecessor: [VarAccess[89]]
NodeName: VarAccess[89] Predecessor: [TypeAccess[88]]
NodeName: TypeAccess[88] Predecessor: [UncheckedExceptions[78]]
NodeName: UncheckedExceptions[78] Predecessor: [IntegerLiteral[79]]
NodeName: IntegerLiteral[79] Predecessor: [MethodAccess[71]]
NodeName: MethodAccess[71] Predecessor: [StringLiteral[74]]
NodeName: StringLiteral[74] Predecessor: [VarAccess[70]]
NodeName: VarAccess[70] Predecessor: [TypeAccess[69]]
NodeName: TypeAccess[69] Predecessor: [UncheckedExceptions[59]]
NodeName: UncheckedExceptions[59] Predecessor: [IntegerLiteral[60]]
NodeName: IntegerLiteral[60] Predecessor: [MethodAccess[50]]
NodeName: MethodAccess[50] Predecessor: [StringLiteral[53]]
NodeName: StringLiteral[53] Predecessor: [VarAccess[49]]
NodeName: VarAccess[49] Predecessor: [TypeAccess[48]]
NodeName: TypeAccess[48] Predecessor: [Entry[29]]
NodeName: Entry[29] Predecessor: []
