NodeName: Entry[19] Successors: [Exit[20]]
NodeName: Exit[20] Successors: []
NodeName: Entry[11] Successors: [Exit[12]]
NodeName: Exit[12] Successors: []
NodeName: Entry[32] Successors: [ClassInstanceExpr[52]]
NodeName: ClassInstanceExpr[52] Successors: [ResourceDeclaration[44]]
NodeName: ResourceDeclaration[44] Successors: [VarAccess[65]]
NodeName: VarAccess[65] Successors: [MethodAccess[66]]
NodeName: MethodAccess[66] Successors: [MethodAccess[45], NTACloseResource[70]]
NodeName: MethodAccess[45] Successors: [UncheckedExceptions[77], UncheckedExceptions[46]]
NodeName: UncheckedExceptions[77] Successors: [Exit[40]]
NodeName: Exit[40] Successors: []
NodeName: UncheckedExceptions[46] Successors: [Exit[40]]
NodeName: NTACloseResource[70] Successors: [UncheckedExceptions[67]]
NodeName: UncheckedExceptions[67] Successors: [Exit[40]]

NodeName: Exit[20] Predecessor: [Entry[19]]
NodeName: Entry[19] Predecessor: []
NodeName: Exit[12] Predecessor: [Entry[11]]
NodeName: Entry[11] Predecessor: []
NodeName: Exit[40] Predecessor: [UncheckedExceptions[77], UncheckedExceptions[46], UncheckedExceptions[67]]
NodeName: UncheckedExceptions[77] Predecessor: [MethodAccess[45]]
NodeName: MethodAccess[45] Predecessor: [MethodAccess[66]]
NodeName: MethodAccess[66] Predecessor: [VarAccess[65]]
NodeName: VarAccess[65] Predecessor: [ResourceDeclaration[44]]
NodeName: ResourceDeclaration[44] Predecessor: [ClassInstanceExpr[52]]
NodeName: ClassInstanceExpr[52] Predecessor: [Entry[32]]
NodeName: Entry[32] Predecessor: []
NodeName: UncheckedExceptions[46] Predecessor: [MethodAccess[45]]
NodeName: UncheckedExceptions[67] Predecessor: [NTACloseResource[70]]
NodeName: NTACloseResource[70] Predecessor: [MethodAccess[66]]
