NodeName: Entry[16] Successors: [ClassInstanceExpr[36]]
NodeName: ClassInstanceExpr[36] Successors: [ResourceDeclaration[28]]
NodeName: ResourceDeclaration[28] Successors: [VarAccess[49]]
NodeName: VarAccess[49] Successors: [MethodAccess[50]]
NodeName: MethodAccess[50] Successors: [MethodAccess[29], NTACloseResource[54]]
NodeName: MethodAccess[29] Successors: [UncheckedExceptions[61], UncheckedExceptions[30]]
NodeName: UncheckedExceptions[61] Successors: [Exit[24]]
NodeName: Exit[24] Successors: []
NodeName: UncheckedExceptions[30] Successors: [Exit[24]]
NodeName: NTACloseResource[54] Successors: [UncheckedExceptions[51]]
NodeName: UncheckedExceptions[51] Successors: [Exit[24]]

NodeName: Exit[24] Predecessor: [UncheckedExceptions[61], UncheckedExceptions[30], UncheckedExceptions[51]]
NodeName: UncheckedExceptions[61] Predecessor: [MethodAccess[29]]
NodeName: MethodAccess[29] Predecessor: [MethodAccess[50]]
NodeName: MethodAccess[50] Predecessor: [VarAccess[49]]
NodeName: VarAccess[49] Predecessor: [ResourceDeclaration[28]]
NodeName: ResourceDeclaration[28] Predecessor: [ClassInstanceExpr[36]]
NodeName: ClassInstanceExpr[36] Predecessor: [Entry[16]]
NodeName: Entry[16] Predecessor: []
NodeName: UncheckedExceptions[30] Predecessor: [MethodAccess[29]]
NodeName: UncheckedExceptions[51] Predecessor: [NTACloseResource[54]]
NodeName: NTACloseResource[54] Predecessor: [MethodAccess[50]]
