NodeName: Entry[13] Successors: [FieldDeclarator[17]]
NodeName: FieldDeclarator[17] Successors: [Exit[13]]
NodeName: Exit[13] Successors: []
NodeName: Entry[28] Successors: [IntegerLiteral[37]]
NodeName: IntegerLiteral[37] Successors: [FieldDeclarator[34]]
NodeName: FieldDeclarator[34] Successors: [Exit[28]]
NodeName: Exit[28] Successors: []
NodeName: Entry[39] Successors: [IntegerLiteral[49]]
NodeName: IntegerLiteral[49] Successors: [VariableDeclarator[46]]
NodeName: VariableDeclarator[46] Successors: [Exit[39]]
NodeName: Exit[39] Successors: []
NodeName: Entry[51] Successors: [VarAccess[59]]
NodeName: VarAccess[59] Successors: [ConstructorAccess[57]]
NodeName: ConstructorAccess[57] Successors: [Exit[51]]
NodeName: Exit[51] Successors: []
NodeName: Entry[63] Successors: [IntegerLiteral[70]]
NodeName: IntegerLiteral[70] Successors: [FieldDeclarator[67]]
NodeName: FieldDeclarator[67] Successors: [Exit[63]]
NodeName: Exit[63] Successors: []
NodeName: Entry[72] Successors: [SuperConstructorAccess[84]]
NodeName: SuperConstructorAccess[84] Successors: [Implicit[72]]
NodeName: Implicit[72] Successors: [Exit[72]]
NodeName: Exit[72] Successors: []
NodeName: Entry[84] Successors: [SuperConstructorAccess[101]]
NodeName: SuperConstructorAccess[101] Successors: [Implicit[84]]
NodeName: Implicit[84] Successors: [ClassInstanceExpr[94]]
NodeName: ClassInstanceExpr[94] Successors: [AssignSimpleExpr[92]]
NodeName: AssignSimpleExpr[92] Successors: [Exit[84]]
NodeName: Exit[84] Successors: []

NodeName: Exit[13] Predecessor: [FieldDeclarator[17]]
NodeName: FieldDeclarator[17] Predecessor: [Entry[13]]
NodeName: Entry[13] Predecessor: []
NodeName: Exit[28] Predecessor: [FieldDeclarator[34]]
NodeName: FieldDeclarator[34] Predecessor: [IntegerLiteral[37]]
NodeName: IntegerLiteral[37] Predecessor: [Entry[28]]
NodeName: Entry[28] Predecessor: []
NodeName: Exit[39] Predecessor: [VariableDeclarator[46]]
NodeName: VariableDeclarator[46] Predecessor: [IntegerLiteral[49]]
NodeName: IntegerLiteral[49] Predecessor: [Entry[39]]
NodeName: Entry[39] Predecessor: []
NodeName: Exit[51] Predecessor: [ConstructorAccess[57]]
NodeName: ConstructorAccess[57] Predecessor: [VarAccess[59]]
NodeName: VarAccess[59] Predecessor: [Entry[51]]
NodeName: Entry[51] Predecessor: []
NodeName: Exit[63] Predecessor: [FieldDeclarator[67]]
NodeName: FieldDeclarator[67] Predecessor: [IntegerLiteral[70]]
NodeName: IntegerLiteral[70] Predecessor: [Entry[63]]
NodeName: Entry[63] Predecessor: []
NodeName: Exit[72] Predecessor: [Implicit[72]]
NodeName: Implicit[72] Predecessor: [SuperConstructorAccess[84]]
NodeName: SuperConstructorAccess[84] Predecessor: [Entry[72]]
NodeName: Entry[72] Predecessor: []
NodeName: Exit[84] Predecessor: [AssignSimpleExpr[92]]
NodeName: AssignSimpleExpr[92] Predecessor: [ClassInstanceExpr[94]]
NodeName: ClassInstanceExpr[94] Predecessor: [Implicit[84]]
NodeName: Implicit[84] Predecessor: [SuperConstructorAccess[101]]
NodeName: SuperConstructorAccess[101] Predecessor: [Entry[84]]
NodeName: Entry[84] Predecessor: []
