NodeName: Entry[15] Successors: [Exit[16]]
NodeName: Exit[16] Successors: []
NodeName: Entry[7] Successors: [FieldDeclarator[33]]
NodeName: FieldDeclarator[33] Successors: [Exit[8]]
NodeName: Exit[8] Successors: []
NodeName: Entry[47] Successors: [IntegerLiteral[69]]
NodeName: IntegerLiteral[69] Successors: [FieldDeclarator[66]]
NodeName: FieldDeclarator[66] Successors: [Exit[48]]
NodeName: Exit[48] Successors: []
NodeName: Entry[39] Successors: [IntegerLiteral[81]]
NodeName: IntegerLiteral[81] Successors: [VariableDeclarator[78]]
NodeName: VariableDeclarator[78] Successors: [IntegerLiteral[102]]
NodeName: IntegerLiteral[102] Successors: [FieldDeclarator[99]]
NodeName: FieldDeclarator[99] Successors: [Exit[40]]
NodeName: Exit[40] Successors: []
NodeName: Entry[83] Successors: [VarAccess[91]]
NodeName: VarAccess[91] Successors: [ConstructorAccess[89]]
NodeName: ConstructorAccess[89] Successors: [Exit[83]]
NodeName: Exit[83] Successors: []
NodeName: Entry[104] Successors: [SuperConstructorAccess[116]]
NodeName: SuperConstructorAccess[116] Successors: [Implicit[104]]
NodeName: Implicit[104] Successors: [Exit[104]]
NodeName: Exit[104] Successors: []
NodeName: Entry[116] Successors: [SuperConstructorAccess[133]]
NodeName: SuperConstructorAccess[133] Successors: [Implicit[116]]
NodeName: Implicit[116] Successors: [ClassInstanceExpr[126]]
NodeName: ClassInstanceExpr[126] Successors: [AssignSimpleExpr[124]]
NodeName: AssignSimpleExpr[124] Successors: [Exit[116]]
NodeName: Exit[116] Successors: []

NodeName: Exit[16] Predecessor: [Entry[15]]
NodeName: Entry[15] Predecessor: []
NodeName: Exit[8] Predecessor: [FieldDeclarator[33]]
NodeName: FieldDeclarator[33] Predecessor: [Entry[7]]
NodeName: Entry[7] Predecessor: []
NodeName: Exit[48] Predecessor: [FieldDeclarator[66]]
NodeName: FieldDeclarator[66] Predecessor: [IntegerLiteral[69]]
NodeName: IntegerLiteral[69] Predecessor: [Entry[47]]
NodeName: Entry[47] Predecessor: []
NodeName: Exit[40] Predecessor: [FieldDeclarator[99]]
NodeName: FieldDeclarator[99] Predecessor: [IntegerLiteral[102]]
NodeName: IntegerLiteral[102] Predecessor: [VariableDeclarator[78]]
NodeName: VariableDeclarator[78] Predecessor: [IntegerLiteral[81]]
NodeName: IntegerLiteral[81] Predecessor: [Entry[39]]
NodeName: Entry[39] Predecessor: []
NodeName: Exit[83] Predecessor: [ConstructorAccess[89]]
NodeName: ConstructorAccess[89] Predecessor: [VarAccess[91]]
NodeName: VarAccess[91] Predecessor: [Entry[83]]
NodeName: Entry[83] Predecessor: []
NodeName: Exit[104] Predecessor: [Implicit[104]]
NodeName: Implicit[104] Predecessor: [SuperConstructorAccess[116]]
NodeName: SuperConstructorAccess[116] Predecessor: [Entry[104]]
NodeName: Entry[104] Predecessor: []
NodeName: Exit[116] Predecessor: [AssignSimpleExpr[124]]
NodeName: AssignSimpleExpr[124] Predecessor: [ClassInstanceExpr[126]]
NodeName: ClassInstanceExpr[126] Predecessor: [Implicit[116]]
NodeName: Implicit[116] Predecessor: [SuperConstructorAccess[133]]
NodeName: SuperConstructorAccess[133] Predecessor: [Entry[116]]
NodeName: Entry[116] Predecessor: []
