NodeName: Entry[51] Successors: [VarAccess[59]]
NodeName: VarAccess[59] Successors: [ConstructorAccess[57]]
NodeName: ConstructorAccess[57] Successors: [Exit[51]]
NodeName: Exit[51] Successors: []
NodeName: Entry[72] Successors: [SuperConstructorAccess[84]]
NodeName: SuperConstructorAccess[84] Successors: [Implicit[72]]
NodeName: Implicit[72] Successors: [Exit[72]]
NodeName: Exit[72] Successors: []
NodeName: Entry[84] Successors: [SuperConstructorAccess[101]]
NodeName: SuperConstructorAccess[101] Successors: [Implicit[84]]
NodeName: Implicit[84] Successors: [ClassInstanceExpr[94]]
NodeName: ClassInstanceExpr[94] Successors: [AssignSimpleExpr[92]]
NodeName: AssignSimpleExpr[92] Successors: [Exit[84]]
NodeName: Exit[84] Successors: []

NodeName: Exit[51] Predecessor: [ConstructorAccess[57]]
NodeName: ConstructorAccess[57] Predecessor: [VarAccess[59]]
NodeName: VarAccess[59] Predecessor: [Entry[51]]
NodeName: Entry[51] Predecessor: []
NodeName: Exit[72] Predecessor: [Implicit[72]]
NodeName: Implicit[72] Predecessor: [SuperConstructorAccess[84]]
NodeName: SuperConstructorAccess[84] Predecessor: [Entry[72]]
NodeName: Entry[72] Predecessor: []
NodeName: Exit[84] Predecessor: [AssignSimpleExpr[92]]
NodeName: AssignSimpleExpr[92] Predecessor: [ClassInstanceExpr[94]]
NodeName: ClassInstanceExpr[94] Predecessor: [Implicit[84]]
NodeName: Implicit[84] Predecessor: [SuperConstructorAccess[101]]
NodeName: SuperConstructorAccess[101] Predecessor: [Entry[84]]
NodeName: Entry[84] Predecessor: []
