NodeName: Entry[13] Successors: [TypeAccess[32]]
NodeName: TypeAccess[32] Successors: [VarAccess[33]]
NodeName: VarAccess[33] Successors: [StringLiteral[37]]
NodeName: StringLiteral[37] Successors: [MethodAccess[34]]
NodeName: MethodAccess[34] Successors: [UncheckedExceptions[43]]
NodeName: UncheckedExceptions[43] Successors: [TypeAccess[52]]
NodeName: TypeAccess[52] Successors: [VarAccess[53]]
NodeName: VarAccess[53] Successors: [StringLiteral[57]]
NodeName: StringLiteral[57] Successors: [MethodAccess[54]]
NodeName: MethodAccess[54] Successors: [TypeAccess[67]]
NodeName: TypeAccess[67] Successors: [VarAccess[68]]
NodeName: VarAccess[68] Successors: [StringLiteral[72]]
NodeName: StringLiteral[72] Successors: [MethodAccess[69]]
NodeName: MethodAccess[69] Successors: [ReturnStmt[42], Exit[21]]
NodeName: ReturnStmt[42] Successors: [Exit[21]]
NodeName: Exit[21] Successors: []

NodeName: Exit[21] Predecessor: [ReturnStmt[42], MethodAccess[69]]
NodeName: ReturnStmt[42] Predecessor: [MethodAccess[69]]
NodeName: MethodAccess[69] Predecessor: [StringLiteral[72]]
NodeName: StringLiteral[72] Predecessor: [VarAccess[68]]
NodeName: VarAccess[68] Predecessor: [TypeAccess[67]]
NodeName: TypeAccess[67] Predecessor: [MethodAccess[54]]
NodeName: MethodAccess[54] Predecessor: [StringLiteral[57]]
NodeName: StringLiteral[57] Predecessor: [VarAccess[53]]
NodeName: VarAccess[53] Predecessor: [TypeAccess[52]]
NodeName: TypeAccess[52] Predecessor: [UncheckedExceptions[43]]
NodeName: UncheckedExceptions[43] Predecessor: [MethodAccess[34]]
NodeName: MethodAccess[34] Predecessor: [StringLiteral[37]]
NodeName: StringLiteral[37] Predecessor: [VarAccess[33]]
NodeName: VarAccess[33] Predecessor: [TypeAccess[32]]
NodeName: TypeAccess[32] Predecessor: [Entry[13]]
NodeName: Entry[13] Predecessor: []
