NodeName: Entry[15] Successors: [Exit[16]]
NodeName: Exit[16] Successors: []
NodeName: Entry[7] Successors: [Exit[8]]
NodeName: Exit[8] Successors: []
NodeName: Entry[29] Successors: [VarAccess[52]]
NodeName: VarAccess[52] Successors: [IntegerLiteral[53]]
NodeName: IntegerLiteral[53] Successors: [GTExpr[51]]
NodeName: GTExpr[51] Successors: [VarAccess[55], VarAccess[59]]
NodeName: VarAccess[55] Successors: [IntegerLiteral[56]]
NodeName: IntegerLiteral[56] Successors: [LTExpr[54]]
NodeName: LTExpr[54] Successors: [VarAccess[59]]
NodeName: VarAccess[59] Successors: [IntegerLiteral[60]]
NodeName: IntegerLiteral[60] Successors: [GTExpr[58]]
NodeName: GTExpr[58] Successors: [MethodAccess[47], VarAccess[62]]
NodeName: MethodAccess[47] Successors: [Exit[44]]
NodeName: Exit[44] Successors: []
NodeName: VarAccess[62] Successors: [IntegerLiteral[63]]
NodeName: IntegerLiteral[63] Successors: [LTExpr[61]]
NodeName: LTExpr[61] Successors: [MethodAccess[47]]
NodeName: Entry[67] Successors: [Exit[82]]
NodeName: Exit[82] Successors: []

NodeName: Exit[16] Predecessor: [Entry[15]]
NodeName: Entry[15] Predecessor: []
NodeName: Exit[8] Predecessor: [Entry[7]]
NodeName: Entry[7] Predecessor: []
NodeName: Exit[44] Predecessor: [MethodAccess[47]]
NodeName: MethodAccess[47] Predecessor: [GTExpr[58], LTExpr[61]]
NodeName: GTExpr[58] Predecessor: [IntegerLiteral[60]]
NodeName: IntegerLiteral[60] Predecessor: [VarAccess[59]]
NodeName: VarAccess[59] Predecessor: [GTExpr[51], LTExpr[54]]
NodeName: GTExpr[51] Predecessor: [IntegerLiteral[53]]
NodeName: IntegerLiteral[53] Predecessor: [VarAccess[52]]
NodeName: VarAccess[52] Predecessor: [Entry[29]]
NodeName: Entry[29] Predecessor: []
NodeName: LTExpr[54] Predecessor: [IntegerLiteral[56]]
NodeName: IntegerLiteral[56] Predecessor: [VarAccess[55]]
NodeName: VarAccess[55] Predecessor: [GTExpr[51]]
NodeName: LTExpr[61] Predecessor: [IntegerLiteral[63]]
NodeName: IntegerLiteral[63] Predecessor: [VarAccess[62]]
NodeName: VarAccess[62] Predecessor: [GTExpr[58]]
NodeName: Exit[82] Predecessor: [Entry[67]]
NodeName: Entry[67] Predecessor: []
