NodeName: Entry[13] Successors: [VarAccess[36]]
NodeName: VarAccess[36] Successors: [IntegerLiteral[37]]
NodeName: IntegerLiteral[37] Successors: [GTExpr[35]]
NodeName: GTExpr[35] Successors: [VarAccess[39], VarAccess[43]]
NodeName: VarAccess[39] Successors: [IntegerLiteral[40]]
NodeName: IntegerLiteral[40] Successors: [LTExpr[38]]
NodeName: LTExpr[38] Successors: [VarAccess[43]]
NodeName: VarAccess[43] Successors: [IntegerLiteral[44]]
NodeName: IntegerLiteral[44] Successors: [GTExpr[42]]
NodeName: GTExpr[42] Successors: [MethodAccess[31], VarAccess[46]]
NodeName: MethodAccess[31] Successors: [Exit[28]]
NodeName: Exit[28] Successors: []
NodeName: VarAccess[46] Successors: [IntegerLiteral[47]]
NodeName: IntegerLiteral[47] Successors: [LTExpr[45]]
NodeName: LTExpr[45] Successors: [MethodAccess[31]]
NodeName: Entry[51] Successors: [Exit[66]]
NodeName: Exit[66] Successors: []

NodeName: Exit[28] Predecessor: [MethodAccess[31]]
NodeName: MethodAccess[31] Predecessor: [GTExpr[42], LTExpr[45]]
NodeName: GTExpr[42] Predecessor: [IntegerLiteral[44]]
NodeName: IntegerLiteral[44] Predecessor: [VarAccess[43]]
NodeName: VarAccess[43] Predecessor: [GTExpr[35], LTExpr[38]]
NodeName: GTExpr[35] Predecessor: [IntegerLiteral[37]]
NodeName: IntegerLiteral[37] Predecessor: [VarAccess[36]]
NodeName: VarAccess[36] Predecessor: [Entry[13]]
NodeName: Entry[13] Predecessor: []
NodeName: LTExpr[38] Predecessor: [IntegerLiteral[40]]
NodeName: IntegerLiteral[40] Predecessor: [VarAccess[39]]
NodeName: VarAccess[39] Predecessor: [GTExpr[35]]
NodeName: LTExpr[45] Predecessor: [IntegerLiteral[47]]
NodeName: IntegerLiteral[47] Predecessor: [VarAccess[46]]
NodeName: VarAccess[46] Predecessor: [GTExpr[42]]
NodeName: Exit[66] Predecessor: [Entry[51]]
NodeName: Entry[51] Predecessor: []
