NodeName: Entry[13] Successors: [VariableDeclarator[27]]
NodeName: VariableDeclarator[27] Successors: [IntegerLiteral[43]]
NodeName: IntegerLiteral[43] Successors: [AssignSimpleExpr[41]]
NodeName: AssignSimpleExpr[41] Successors: [VarAccess[44]]
NodeName: VarAccess[44] Successors: [MethodAccess[38]]
NodeName: MethodAccess[38] Successors: [VariableDeclarator[35]]
NodeName: VariableDeclarator[35] Successors: [Exit[20]]
NodeName: Exit[20] Successors: []
NodeName: Entry[48] Successors: [VarAccess[68]]
NodeName: VarAccess[68] Successors: [VarAccess[69]]
NodeName: VarAccess[69] Successors: [AddExpr[67]]
NodeName: AddExpr[67] Successors: [ReturnStmt[65]]
NodeName: ReturnStmt[65] Successors: [Exit[63]]
NodeName: Exit[63] Successors: []

NodeName: Exit[20] Predecessor: [VariableDeclarator[35]]
NodeName: VariableDeclarator[35] Predecessor: [MethodAccess[38]]
NodeName: MethodAccess[38] Predecessor: [VarAccess[44]]
NodeName: VarAccess[44] Predecessor: [AssignSimpleExpr[41]]
NodeName: AssignSimpleExpr[41] Predecessor: [IntegerLiteral[43]]
NodeName: IntegerLiteral[43] Predecessor: [VariableDeclarator[27]]
NodeName: VariableDeclarator[27] Predecessor: [Entry[13]]
NodeName: Entry[13] Predecessor: []
NodeName: Exit[63] Predecessor: [ReturnStmt[65]]
NodeName: ReturnStmt[65] Predecessor: [AddExpr[67]]
NodeName: AddExpr[67] Predecessor: [VarAccess[69]]
NodeName: VarAccess[69] Predecessor: [VarAccess[68]]
NodeName: VarAccess[68] Predecessor: [Entry[48]]
NodeName: Entry[48] Predecessor: []
