NodeName: Entry[15] Successors: [Exit[16]]
NodeName: Exit[16] Successors: []
NodeName: Entry[7] Successors: [Exit[8]]
NodeName: Exit[8] Successors: []
NodeName: Entry[29] Successors: [VariableDeclarator[43]]
NodeName: VariableDeclarator[43] Successors: [IntegerLiteral[59]]
NodeName: IntegerLiteral[59] Successors: [AssignSimpleExpr[57]]
NodeName: AssignSimpleExpr[57] Successors: [VarAccess[60]]
NodeName: VarAccess[60] Successors: [MethodAccess[54]]
NodeName: MethodAccess[54] Successors: [VariableDeclarator[51]]
NodeName: VariableDeclarator[51] Successors: [Exit[36]]
NodeName: Exit[36] Successors: []
NodeName: Entry[64] Successors: [VarAccess[84]]
NodeName: VarAccess[84] Successors: [VarAccess[85]]
NodeName: VarAccess[85] Successors: [AddExpr[83]]
NodeName: AddExpr[83] Successors: [ReturnStmt[81]]
NodeName: ReturnStmt[81] Successors: [Exit[79]]
NodeName: Exit[79] Successors: []

NodeName: Exit[16] Predecessor: [Entry[15]]
NodeName: Entry[15] Predecessor: []
NodeName: Exit[8] Predecessor: [Entry[7]]
NodeName: Entry[7] Predecessor: []
NodeName: Exit[36] Predecessor: [VariableDeclarator[51]]
NodeName: VariableDeclarator[51] Predecessor: [MethodAccess[54]]
NodeName: MethodAccess[54] Predecessor: [VarAccess[60]]
NodeName: VarAccess[60] Predecessor: [AssignSimpleExpr[57]]
NodeName: AssignSimpleExpr[57] Predecessor: [IntegerLiteral[59]]
NodeName: IntegerLiteral[59] Predecessor: [VariableDeclarator[43]]
NodeName: VariableDeclarator[43] Predecessor: [Entry[29]]
NodeName: Entry[29] Predecessor: []
NodeName: Exit[79] Predecessor: [ReturnStmt[81]]
NodeName: ReturnStmt[81] Predecessor: [AddExpr[83]]
NodeName: AddExpr[83] Predecessor: [VarAccess[85]]
NodeName: VarAccess[85] Predecessor: [VarAccess[84]]
NodeName: VarAccess[84] Predecessor: [Entry[64]]
NodeName: Entry[64] Predecessor: []
