NodeName: Entry[13] Successors: [MethodAccess[29]]
NodeName: MethodAccess[29] Successors: [VariableDeclarator[39], UncheckedExceptions[30]]
NodeName: VariableDeclarator[39] Successors: [UncheckedExceptions[57]]
NodeName: UncheckedExceptions[57] Successors: [VariableDeclarator[63], Exit[20]]
NodeName: VariableDeclarator[63] Successors: [UncheckedExceptions[83]]
NodeName: UncheckedExceptions[83] Successors: [VariableDeclarator[89], Exit[20]]
NodeName: VariableDeclarator[89] Successors: [Exit[20]]
NodeName: Exit[20] Successors: []
NodeName: UncheckedExceptions[30] Successors: [ParameterDeclaration[44], Exit[20]]
NodeName: ParameterDeclaration[44] Successors: [MethodAccess[51]]
NodeName: MethodAccess[51] Successors: [VariableDeclarator[63], UncheckedExceptions[52]]
NodeName: UncheckedExceptions[52] Successors: [ParameterDeclaration[68], Exit[20]]
NodeName: ParameterDeclaration[68] Successors: [VariableDeclarator[79]]
NodeName: VariableDeclarator[79] Successors: [VariableDeclarator[89]]
NodeName: Entry[93] Successors: [Exit[101]]
NodeName: Exit[101] Successors: []

NodeName: Exit[20] Predecessor: [UncheckedExceptions[83], UncheckedExceptions[57], UncheckedExceptions[30], UncheckedExceptions[52], VariableDeclarator[89]]
NodeName: UncheckedExceptions[83] Predecessor: [VariableDeclarator[63]]
NodeName: VariableDeclarator[63] Predecessor: [UncheckedExceptions[57], MethodAccess[51]]
NodeName: UncheckedExceptions[57] Predecessor: [VariableDeclarator[39]]
NodeName: VariableDeclarator[39] Predecessor: [MethodAccess[29]]
NodeName: MethodAccess[29] Predecessor: [Entry[13]]
NodeName: Entry[13] Predecessor: []
NodeName: MethodAccess[51] Predecessor: [ParameterDeclaration[44]]
NodeName: ParameterDeclaration[44] Predecessor: [UncheckedExceptions[30]]
NodeName: UncheckedExceptions[30] Predecessor: [MethodAccess[29]]
NodeName: UncheckedExceptions[52] Predecessor: [MethodAccess[51]]
NodeName: VariableDeclarator[89] Predecessor: [UncheckedExceptions[83], VariableDeclarator[79]]
NodeName: VariableDeclarator[79] Predecessor: [ParameterDeclaration[68]]
NodeName: ParameterDeclaration[68] Predecessor: [UncheckedExceptions[52]]
NodeName: Exit[101] Predecessor: [Entry[93]]
NodeName: Entry[93] Predecessor: []
