NodeName: Entry[15] Successors: [Exit[16]]
NodeName: Exit[16] Successors: []
NodeName: Entry[7] Successors: [Exit[8]]
NodeName: Exit[8] Successors: []
NodeName: Entry[29] Successors: [LambdaDefinition[47]]
NodeName: LambdaDefinition[47] Successors: [VariableDeclarator[43]]
NodeName: VariableDeclarator[43] Successors: [Exit[36]]
NodeName: Exit[36] Successors: []
NodeName: Entry[48] Successors: [TypeAccess[57]]
NodeName: TypeAccess[57] Successors: [VarAccess[58]]
NodeName: VarAccess[58] Successors: [StringLiteral[62]]
NodeName: StringLiteral[62] Successors: [MethodAccess[59]]
NodeName: MethodAccess[59] Successors: [Exit[65]]
NodeName: Exit[65] Successors: []

NodeName: Exit[16] Predecessor: [Entry[15]]
NodeName: Entry[15] Predecessor: []
NodeName: Exit[8] Predecessor: [Entry[7]]
NodeName: Entry[7] Predecessor: []
NodeName: Exit[36] Predecessor: [VariableDeclarator[43]]
NodeName: VariableDeclarator[43] Predecessor: [LambdaDefinition[47]]
NodeName: LambdaDefinition[47] Predecessor: [Entry[29]]
NodeName: Entry[29] Predecessor: []
NodeName: Exit[65] Predecessor: [MethodAccess[59]]
NodeName: MethodAccess[59] Predecessor: [StringLiteral[62]]
NodeName: StringLiteral[62] Predecessor: [VarAccess[58]]
NodeName: VarAccess[58] Predecessor: [TypeAccess[57]]
NodeName: TypeAccess[57] Predecessor: [Entry[48]]
NodeName: Entry[48] Predecessor: []
