NodeName: Entry[13] Successors: [LambdaDefinition[31]]
NodeName: LambdaDefinition[31] Successors: [VariableDeclarator[27]]
NodeName: VariableDeclarator[27] Successors: [Exit[20]]
NodeName: Exit[20] Successors: []
NodeName: Entry[32] Successors: [TypeAccess[41]]
NodeName: TypeAccess[41] Successors: [VarAccess[42]]
NodeName: VarAccess[42] Successors: [StringLiteral[46]]
NodeName: StringLiteral[46] Successors: [MethodAccess[43]]
NodeName: MethodAccess[43] Successors: [Exit[49]]
NodeName: Exit[49] Successors: []

NodeName: Exit[20] Predecessor: []
NodeName: Exit[49] Predecessor: [MethodAccess[43]]
NodeName: MethodAccess[43] Predecessor: [StringLiteral[46]]
NodeName: StringLiteral[46] Predecessor: [VarAccess[42]]
NodeName: VarAccess[42] Predecessor: [TypeAccess[41]]
NodeName: TypeAccess[41] Predecessor: [Entry[32]]
NodeName: Entry[32] Predecessor: []
