NodeName: Entry[13] Successors: [IntegerLiteral[30]]
NodeName: IntegerLiteral[30] Successors: [VariableDeclarator[27]]
NodeName: VariableDeclarator[27] Successors: [LambdaDefinition[40]]
NodeName: LambdaDefinition[40] Successors: [VariableDeclarator[36]]
NodeName: VariableDeclarator[36] Successors: [VarAccess[60]]
NodeName: VarAccess[60] Successors: [MethodAccess[61]]
NodeName: MethodAccess[61] Successors: [Exit[20]]
NodeName: Exit[20] Successors: []
NodeName: Entry[41] Successors: [TypeAccess[50]]
NodeName: TypeAccess[50] Successors: [VarAccess[51]]
NodeName: VarAccess[51] Successors: [VarAccess[55]]
NodeName: VarAccess[55] Successors: [MethodAccess[52]]
NodeName: MethodAccess[52] Successors: [Exit[58]]
NodeName: Exit[58] Successors: []

NodeName: Exit[20] Predecessor: []
NodeName: Exit[58] Predecessor: [MethodAccess[52]]
NodeName: MethodAccess[52] Predecessor: [VarAccess[55]]
NodeName: VarAccess[55] Predecessor: [VarAccess[51]]
NodeName: VarAccess[51] Predecessor: [TypeAccess[50]]
NodeName: TypeAccess[50] Predecessor: [Entry[41]]
NodeName: Entry[41] Predecessor: []
