NodeName: Entry[13] Successors: [BooleanLiteral[18]]
NodeName: BooleanLiteral[18] Successors: [BooleanLiteral[18], Exit[13]]
NodeName: Exit[13] Successors: []

NodeName: Exit[13] Predecessor: [BooleanLiteral[18]]
NodeName: BooleanLiteral[18] Predecessor: [Entry[13], BooleanLiteral[18]]
NodeName: Entry[13] Predecessor: []
