NodeName: Entry[17] Successors: [ClassInstanceExpr[36]]
NodeName: ClassInstanceExpr[36] Successors: [ResourceDeclaration[28]]
NodeName: ResourceDeclaration[28] Successors: [VarAccess[49]]
NodeName: VarAccess[49] Successors: [MethodAccess[50]]
NodeName: MethodAccess[50] Successors: [MethodAccess[29], NTACloseResource[54]]
NodeName: MethodAccess[29] Successors: [UncheckedExceptions[89], UncheckedExceptions[30]]
NodeName: UncheckedExceptions[89] Successors: [TypeAccess[81]]
NodeName: TypeAccess[81] Successors: [VarAccess[82]]
NodeName: VarAccess[82] Successors: [StringLiteral[86]]
NodeName: StringLiteral[86] Successors: [MethodAccess[83]]
NodeName: MethodAccess[83] Successors: [Exit[24]]
NodeName: Exit[24] Successors: []
NodeName: UncheckedExceptions[30] Successors: [ParameterDeclaration[61], TypeAccess[81]]
NodeName: ParameterDeclaration[61] Successors: [VarAccess[69]]
NodeName: VarAccess[69] Successors: [MethodAccess[70]]
NodeName: MethodAccess[70] Successors: [TypeAccess[81]]
NodeName: NTACloseResource[54] Successors: [UncheckedExceptions[51]]
NodeName: UncheckedExceptions[51] Successors: [ParameterDeclaration[61], TypeAccess[81]]

NodeName: Exit[24] Predecessor: [MethodAccess[83]]
NodeName: MethodAccess[83] Predecessor: [StringLiteral[86]]
NodeName: StringLiteral[86] Predecessor: [VarAccess[82]]
NodeName: VarAccess[82] Predecessor: [TypeAccess[81]]
NodeName: TypeAccess[81] Predecessor: [UncheckedExceptions[89], UncheckedExceptions[30], UncheckedExceptions[51], MethodAccess[70]]
NodeName: UncheckedExceptions[89] Predecessor: [MethodAccess[29]]
NodeName: MethodAccess[29] Predecessor: [MethodAccess[50]]
NodeName: MethodAccess[50] Predecessor: [VarAccess[49]]
NodeName: VarAccess[49] Predecessor: [ResourceDeclaration[28]]
NodeName: ResourceDeclaration[28] Predecessor: [ClassInstanceExpr[36]]
NodeName: ClassInstanceExpr[36] Predecessor: [Entry[17]]
NodeName: Entry[17] Predecessor: []
NodeName: UncheckedExceptions[30] Predecessor: [MethodAccess[29]]
NodeName: UncheckedExceptions[51] Predecessor: [NTACloseResource[54]]
NodeName: NTACloseResource[54] Predecessor: [MethodAccess[50]]
NodeName: MethodAccess[70] Predecessor: [VarAccess[69]]
NodeName: VarAccess[69] Predecessor: [ParameterDeclaration[61]]
NodeName: ParameterDeclaration[61] Predecessor: [UncheckedExceptions[30], UncheckedExceptions[51]]
