NodeName: Entry[17] Successors: [ResourceDeclaration[28]]
NodeName: ResourceDeclaration[28] Successors: [VarAccess[50]]
NodeName: VarAccess[50] Successors: [MethodAccess[51]]
NodeName: MethodAccess[51] Successors: [MethodAccess[29], NTACloseResource[55]]
NodeName: MethodAccess[29] Successors: [UncheckedExceptions[90], UncheckedExceptions[30]]
NodeName: UncheckedExceptions[90] Successors: [TypeAccess[82]]
NodeName: TypeAccess[82] Successors: [VarAccess[83]]
NodeName: VarAccess[83] Successors: [StringLiteral[87]]
NodeName: StringLiteral[87] Successors: [MethodAccess[84]]
NodeName: MethodAccess[84] Successors: [Exit[24]]
NodeName: Exit[24] Successors: []
NodeName: UncheckedExceptions[30] Successors: [ParameterDeclaration[62], TypeAccess[82]]
NodeName: ParameterDeclaration[62] Successors: [VarAccess[70]]
NodeName: VarAccess[70] Successors: [MethodAccess[71]]
NodeName: MethodAccess[71] Successors: [TypeAccess[82]]
NodeName: NTACloseResource[55] Successors: [UncheckedExceptions[52]]
NodeName: UncheckedExceptions[52] Successors: [ParameterDeclaration[62], TypeAccess[82]]

NodeName: Exit[24] Predecessor: [MethodAccess[84]]
NodeName: MethodAccess[84] Predecessor: [StringLiteral[87]]
NodeName: StringLiteral[87] Predecessor: [VarAccess[83]]
NodeName: VarAccess[83] Predecessor: [TypeAccess[82]]
NodeName: TypeAccess[82] Predecessor: [UncheckedExceptions[90], UncheckedExceptions[30], UncheckedExceptions[52], MethodAccess[71]]
NodeName: UncheckedExceptions[90] Predecessor: [MethodAccess[29]]
NodeName: MethodAccess[29] Predecessor: [MethodAccess[51]]
NodeName: MethodAccess[51] Predecessor: [VarAccess[50]]
NodeName: VarAccess[50] Predecessor: [ResourceDeclaration[28]]
NodeName: ResourceDeclaration[28] Predecessor: [Entry[17]]
NodeName: Entry[17] Predecessor: []
NodeName: UncheckedExceptions[30] Predecessor: [MethodAccess[29]]
NodeName: UncheckedExceptions[52] Predecessor: [NTACloseResource[55]]
NodeName: NTACloseResource[55] Predecessor: [MethodAccess[51]]
NodeName: MethodAccess[71] Predecessor: [VarAccess[70]]
NodeName: VarAccess[70] Predecessor: [ParameterDeclaration[62]]
NodeName: ParameterDeclaration[62] Predecessor: [UncheckedExceptions[30], UncheckedExceptions[52]]
