NodeName: Entry[13] Successors: [IntegerLiteral[23]]
NodeName: IntegerLiteral[23] Successors: [VariableDeclarator[20]]
NodeName: VariableDeclarator[20] Successors: [ImplicitCondition[36]]
NodeName: ImplicitCondition[36] Successors: [Exit[13]]
NodeName: Exit[13] Successors: []

NodeName: Exit[13] Predecessor: [ImplicitCondition[36]]
NodeName: ImplicitCondition[36] Predecessor: [VariableDeclarator[20]]
NodeName: VariableDeclarator[20] Predecessor: [IntegerLiteral[23]]
NodeName: IntegerLiteral[23] Predecessor: [Entry[13]]
NodeName: Entry[13] Predecessor: []
