NodeName: Entry[13] Successors: [VariableDeclarator[31]]
NodeName: VariableDeclarator[31] Successors: [ThrowStmt[34]]
NodeName: ThrowStmt[34] Successors: [ClassInstanceExpr[36]]
NodeName: ClassInstanceExpr[36] Successors: [UncheckedExceptions[35]]
NodeName: UncheckedExceptions[35] Successors: [ParameterDeclaration[48], TypeAccess[79]]
NodeName: ParameterDeclaration[48] Successors: [TypeAccess[57]]
NodeName: TypeAccess[57] Successors: [VarAccess[58]]
NodeName: VarAccess[58] Successors: [StringLiteral[62]]
NodeName: StringLiteral[62] Successors: [MethodAccess[59]]
NodeName: MethodAccess[59] Successors: [VariableDeclarator[70]]
NodeName: VariableDeclarator[70] Successors: [TypeAccess[79]]
NodeName: TypeAccess[79] Successors: [VarAccess[80]]
NodeName: VarAccess[80] Successors: [StringLiteral[84]]
NodeName: StringLiteral[84] Successors: [MethodAccess[81]]
NodeName: MethodAccess[81] Successors: [VariableDeclarator[92]]
NodeName: VariableDeclarator[92] Successors: [TypeAccess[99], Exit[21]]
NodeName: TypeAccess[99] Successors: [VarAccess[100]]
NodeName: VarAccess[100] Successors: [StringLiteral[104]]
NodeName: StringLiteral[104] Successors: [MethodAccess[101]]
NodeName: MethodAccess[101] Successors: [VariableDeclarator[112]]
NodeName: VariableDeclarator[112] Successors: [Exit[21]]
NodeName: Exit[21] Successors: []

NodeName: Exit[21] Predecessor: [VariableDeclarator[92], VariableDeclarator[112]]
NodeName: VariableDeclarator[92] Predecessor: [MethodAccess[81]]
NodeName: MethodAccess[81] Predecessor: [StringLiteral[84]]
NodeName: StringLiteral[84] Predecessor: [VarAccess[80]]
NodeName: VarAccess[80] Predecessor: [TypeAccess[79]]
NodeName: TypeAccess[79] Predecessor: [UncheckedExceptions[35], VariableDeclarator[70]]
NodeName: UncheckedExceptions[35] Predecessor: [ClassInstanceExpr[36]]
NodeName: ClassInstanceExpr[36] Predecessor: [ThrowStmt[34]]
NodeName: ThrowStmt[34] Predecessor: [VariableDeclarator[31]]
NodeName: VariableDeclarator[31] Predecessor: [Entry[13]]
NodeName: Entry[13] Predecessor: []
NodeName: VariableDeclarator[70] Predecessor: [MethodAccess[59]]
NodeName: MethodAccess[59] Predecessor: [StringLiteral[62]]
NodeName: StringLiteral[62] Predecessor: [VarAccess[58]]
NodeName: VarAccess[58] Predecessor: [TypeAccess[57]]
NodeName: TypeAccess[57] Predecessor: [ParameterDeclaration[48]]
NodeName: ParameterDeclaration[48] Predecessor: [UncheckedExceptions[35]]
NodeName: VariableDeclarator[112] Predecessor: [MethodAccess[101]]
NodeName: MethodAccess[101] Predecessor: [StringLiteral[104]]
NodeName: StringLiteral[104] Predecessor: [VarAccess[100]]
NodeName: VarAccess[100] Predecessor: [TypeAccess[99]]
NodeName: TypeAccess[99] Predecessor: [VariableDeclarator[92]]
