NodeName: Entry[15] Successors: [Exit[16]]
NodeName: Exit[16] Successors: []
NodeName: Entry[7] Successors: [Exit[8]]
NodeName: Exit[8] Successors: []
NodeName: Entry[29] Successors: [VariableDeclarator[47]]
NodeName: VariableDeclarator[47] Successors: [ThrowStmt[50]]
NodeName: ThrowStmt[50] Successors: [ClassInstanceExpr[52]]
NodeName: ClassInstanceExpr[52] Successors: [UncheckedExceptions[51]]
NodeName: UncheckedExceptions[51] Successors: [ParameterDeclaration[64], TypeAccess[95]]
NodeName: ParameterDeclaration[64] Successors: [TypeAccess[73]]
NodeName: TypeAccess[73] Successors: [VarAccess[74]]
NodeName: VarAccess[74] Successors: [StringLiteral[78]]
NodeName: StringLiteral[78] Successors: [MethodAccess[75]]
NodeName: MethodAccess[75] Successors: [VariableDeclarator[86]]
NodeName: VariableDeclarator[86] Successors: [TypeAccess[95]]
NodeName: TypeAccess[95] Successors: [VarAccess[96]]
NodeName: VarAccess[96] Successors: [StringLiteral[100]]
NodeName: StringLiteral[100] Successors: [MethodAccess[97]]
NodeName: MethodAccess[97] Successors: [VariableDeclarator[108]]
NodeName: VariableDeclarator[108] Successors: [TypeAccess[115], Exit[37]]
NodeName: TypeAccess[115] Successors: [VarAccess[116]]
NodeName: VarAccess[116] Successors: [StringLiteral[120]]
NodeName: StringLiteral[120] Successors: [MethodAccess[117]]
NodeName: MethodAccess[117] Successors: [VariableDeclarator[128]]
NodeName: VariableDeclarator[128] Successors: [Exit[37]]
NodeName: Exit[37] Successors: []
NodeName: Entry[141] Successors: [Exit[142]]
NodeName: Exit[142] Successors: []
NodeName: Entry[133] Successors: [Exit[134]]
NodeName: Exit[134] Successors: []

NodeName: Exit[16] Predecessor: [Entry[15]]
NodeName: Entry[15] Predecessor: []
NodeName: Exit[8] Predecessor: [Entry[7]]
NodeName: Entry[7] Predecessor: []
NodeName: Exit[37] Predecessor: [VariableDeclarator[108], VariableDeclarator[128]]
NodeName: VariableDeclarator[108] Predecessor: [MethodAccess[97]]
NodeName: MethodAccess[97] Predecessor: [StringLiteral[100]]
NodeName: StringLiteral[100] Predecessor: [VarAccess[96]]
NodeName: VarAccess[96] Predecessor: [TypeAccess[95]]
NodeName: TypeAccess[95] Predecessor: [UncheckedExceptions[51], VariableDeclarator[86]]
NodeName: UncheckedExceptions[51] Predecessor: [ClassInstanceExpr[52]]
NodeName: ClassInstanceExpr[52] Predecessor: [ThrowStmt[50]]
NodeName: ThrowStmt[50] Predecessor: [VariableDeclarator[47]]
NodeName: VariableDeclarator[47] Predecessor: [Entry[29]]
NodeName: Entry[29] Predecessor: []
NodeName: VariableDeclarator[86] Predecessor: [MethodAccess[75]]
NodeName: MethodAccess[75] Predecessor: [StringLiteral[78]]
NodeName: StringLiteral[78] Predecessor: [VarAccess[74]]
NodeName: VarAccess[74] Predecessor: [TypeAccess[73]]
NodeName: TypeAccess[73] Predecessor: [ParameterDeclaration[64]]
NodeName: ParameterDeclaration[64] Predecessor: [UncheckedExceptions[51]]
NodeName: VariableDeclarator[128] Predecessor: [MethodAccess[117]]
NodeName: MethodAccess[117] Predecessor: [StringLiteral[120]]
NodeName: StringLiteral[120] Predecessor: [VarAccess[116]]
NodeName: VarAccess[116] Predecessor: [TypeAccess[115]]
NodeName: TypeAccess[115] Predecessor: [VariableDeclarator[108]]
NodeName: Exit[142] Predecessor: [Entry[141]]
NodeName: Entry[141] Predecessor: []
NodeName: Exit[134] Predecessor: [Entry[133]]
NodeName: Entry[133] Predecessor: []
