NodeName: Entry[13] Successors: [VariableDeclarator[31]]
NodeName: VariableDeclarator[31] Successors: [ThrowStmt[34]]
NodeName: ThrowStmt[34] Successors: [ClassInstanceExpr[36]]
NodeName: ClassInstanceExpr[36] Successors: [UncheckedExceptions[35]]
NodeName: UncheckedExceptions[35] Successors: [VariableDeclarator[52]]
NodeName: VariableDeclarator[52] Successors: [Exit[21]]
NodeName: Exit[21] Successors: []

NodeName: Exit[21] Predecessor: [VariableDeclarator[52]]
NodeName: VariableDeclarator[52] Predecessor: [UncheckedExceptions[35]]
NodeName: UncheckedExceptions[35] Predecessor: [ClassInstanceExpr[36]]
NodeName: ClassInstanceExpr[36] Predecessor: [ThrowStmt[34]]
NodeName: ThrowStmt[34] Predecessor: [VariableDeclarator[31]]
NodeName: VariableDeclarator[31] Predecessor: [Entry[13]]
NodeName: Entry[13] Predecessor: []
