NodeName: Entry[13] Successors: [IntegerLiteral[40]]
NodeName: IntegerLiteral[40] Successors: [VariableDeclarator[37]]
NodeName: VariableDeclarator[37] Successors: [VarAccess[44]]
NodeName: VarAccess[44] Successors: [IntegerLiteral[45]]
NodeName: IntegerLiteral[45] Successors: [GTExpr[43]]
NodeName: GTExpr[43] Successors: [IntegerLiteral[58], VarAccess[47]]
NodeName: IntegerLiteral[58] Successors: [AssignSimpleExpr[56]]
NodeName: AssignSimpleExpr[56] Successors: [PostIncExpr[51]]
NodeName: PostIncExpr[51] Successors: [VarAccess[44]]
NodeName: VarAccess[47] Successors: [IntegerLiteral[48]]
NodeName: IntegerLiteral[48] Successors: [LTExpr[46]]
NodeName: LTExpr[46] Successors: [IntegerLiteral[58], IntegerLiteral[62]]
NodeName: IntegerLiteral[62] Successors: [AssignSimpleExpr[60]]
NodeName: AssignSimpleExpr[60] Successors: [Exit[28]]
NodeName: Exit[28] Successors: []

NodeName: Exit[28] Predecessor: [AssignSimpleExpr[60]]
NodeName: AssignSimpleExpr[60] Predecessor: [IntegerLiteral[62]]
NodeName: IntegerLiteral[62] Predecessor: [LTExpr[46]]
NodeName: LTExpr[46] Predecessor: [IntegerLiteral[48]]
NodeName: IntegerLiteral[48] Predecessor: [VarAccess[47]]
NodeName: VarAccess[47] Predecessor: [GTExpr[43]]
NodeName: GTExpr[43] Predecessor: [IntegerLiteral[45]]
NodeName: IntegerLiteral[45] Predecessor: [VarAccess[44]]
NodeName: VarAccess[44] Predecessor: [VariableDeclarator[37], PostIncExpr[51]]
NodeName: VariableDeclarator[37] Predecessor: [IntegerLiteral[40]]
NodeName: IntegerLiteral[40] Predecessor: [Entry[13]]
NodeName: Entry[13] Predecessor: []
NodeName: PostIncExpr[51] Predecessor: [AssignSimpleExpr[56]]
NodeName: AssignSimpleExpr[56] Predecessor: [IntegerLiteral[58]]
NodeName: IntegerLiteral[58] Predecessor: [GTExpr[43], LTExpr[46]]
