NodeName: Entry[15] Successors: [Exit[16]]
NodeName: Exit[16] Successors: []
NodeName: Entry[7] Successors: [Exit[8]]
NodeName: Exit[8] Successors: []
NodeName: Entry[29] Successors: [IntegerLiteral[56]]
NodeName: IntegerLiteral[56] Successors: [VariableDeclarator[53]]
NodeName: VariableDeclarator[53] Successors: [VarAccess[60]]
NodeName: VarAccess[60] Successors: [IntegerLiteral[61]]
NodeName: IntegerLiteral[61] Successors: [GTExpr[59]]
NodeName: GTExpr[59] Successors: [IntegerLiteral[74], VarAccess[63]]
NodeName: IntegerLiteral[74] Successors: [AssignSimpleExpr[72]]
NodeName: AssignSimpleExpr[72] Successors: [PostIncExpr[67]]
NodeName: PostIncExpr[67] Successors: [VarAccess[60]]
NodeName: VarAccess[63] Successors: [IntegerLiteral[64]]
NodeName: IntegerLiteral[64] Successors: [LTExpr[62]]
NodeName: LTExpr[62] Successors: [IntegerLiteral[74], IntegerLiteral[78]]
NodeName: IntegerLiteral[78] Successors: [AssignSimpleExpr[76]]
NodeName: AssignSimpleExpr[76] Successors: [Exit[44]]
NodeName: Exit[44] Successors: []

NodeName: Exit[16] Predecessor: [Entry[15]]
NodeName: Entry[15] Predecessor: []
NodeName: Exit[8] Predecessor: [Entry[7]]
NodeName: Entry[7] Predecessor: []
NodeName: Exit[44] Predecessor: [AssignSimpleExpr[76]]
NodeName: AssignSimpleExpr[76] Predecessor: [IntegerLiteral[78]]
NodeName: IntegerLiteral[78] Predecessor: [LTExpr[62]]
NodeName: LTExpr[62] Predecessor: [IntegerLiteral[64]]
NodeName: IntegerLiteral[64] Predecessor: [VarAccess[63]]
NodeName: VarAccess[63] Predecessor: [GTExpr[59]]
NodeName: GTExpr[59] Predecessor: [IntegerLiteral[61]]
NodeName: IntegerLiteral[61] Predecessor: [VarAccess[60]]
NodeName: VarAccess[60] Predecessor: [VariableDeclarator[53], PostIncExpr[67]]
NodeName: VariableDeclarator[53] Predecessor: [IntegerLiteral[56]]
NodeName: IntegerLiteral[56] Predecessor: [Entry[29]]
NodeName: Entry[29] Predecessor: []
NodeName: PostIncExpr[67] Predecessor: [AssignSimpleExpr[72]]
NodeName: AssignSimpleExpr[72] Predecessor: [IntegerLiteral[74]]
NodeName: IntegerLiteral[74] Predecessor: [GTExpr[59], LTExpr[62]]
