NodeName: Entry[13] Successors: [BooleanLiteral[16]]
NodeName: BooleanLiteral[16] Successors: [VariableDeclarator[24], VariableDeclarator[35]]
NodeName: VariableDeclarator[24] Successors: [VariableDeclarator[35]]
NodeName: VariableDeclarator[35] Successors: [Exit[13]]
NodeName: Exit[13] Successors: []

NodeName: Exit[13] Predecessor: [VariableDeclarator[35]]
NodeName: VariableDeclarator[35] Predecessor: [BooleanLiteral[16], VariableDeclarator[24]]
NodeName: BooleanLiteral[16] Predecessor: [Entry[13]]
NodeName: Entry[13] Predecessor: []
NodeName: VariableDeclarator[24] Predecessor: [BooleanLiteral[16]]
