NodeName: Entry[15] Successors: [Exit[16]]
NodeName: Exit[16] Successors: []
NodeName: Entry[7] Successors: [BooleanLiteral[32]]
NodeName: BooleanLiteral[32] Successors: [VariableDeclarator[40], VariableDeclarator[51]]
NodeName: VariableDeclarator[40] Successors: [VariableDeclarator[51]]
NodeName: VariableDeclarator[51] Successors: [Exit[8]]
NodeName: Exit[8] Successors: []

NodeName: Exit[16] Predecessor: [Entry[15]]
NodeName: Entry[15] Predecessor: []
NodeName: Exit[8] Predecessor: [VariableDeclarator[51]]
NodeName: VariableDeclarator[51] Predecessor: [BooleanLiteral[32], VariableDeclarator[40]]
NodeName: BooleanLiteral[32] Predecessor: [Entry[7]]
NodeName: Entry[7] Predecessor: []
NodeName: VariableDeclarator[40] Predecessor: [BooleanLiteral[32]]
