NodeName: Entry[14] Successors: [ClassInstanceExpr[34]]
NodeName: ClassInstanceExpr[34] Successors: [VariableDeclarator[31]]
NodeName: VariableDeclarator[31] Successors: [VarAccess[50]]
NodeName: VarAccess[50] Successors: [VariableDeclarator[47], VariableDeclarator[118]]
NodeName: VariableDeclarator[47] Successors: [IntegerLiteral[61]]
NodeName: IntegerLiteral[61] Successors: [VariableDeclarator[58]]
NodeName: VariableDeclarator[58] Successors: [VarAccess[67]]
NodeName: VarAccess[67] Successors: [StringLiteral[71]]
NodeName: StringLiteral[71] Successors: [MethodAccess[68]]
NodeName: MethodAccess[68] Successors: [UncheckedExceptions[75], UncheckedExceptions[103]]
NodeName: UncheckedExceptions[75] Successors: [VariableDeclarator[86]]
NodeName: VariableDeclarator[86] Successors: [VariableDeclarator[118], Exit[21]]
NodeName: VariableDeclarator[118] Successors: [Exit[21]]
NodeName: Exit[21] Successors: []
NodeName: UncheckedExceptions[103] Successors: [VariableDeclarator[100]]
NodeName: VariableDeclarator[100] Successors: [IntegerLiteral[112], Exit[21]]
NodeName: IntegerLiteral[112] Successors: [VariableDeclarator[109]]
NodeName: VariableDeclarator[109] Successors: [VarAccess[50]]

NodeName: Exit[21] Predecessor: [VariableDeclarator[86], VariableDeclarator[100], VariableDeclarator[118]]
NodeName: VariableDeclarator[86] Predecessor: [UncheckedExceptions[75]]
NodeName: UncheckedExceptions[75] Predecessor: [MethodAccess[68]]
NodeName: MethodAccess[68] Predecessor: [StringLiteral[71]]
NodeName: StringLiteral[71] Predecessor: [VarAccess[67]]
NodeName: VarAccess[67] Predecessor: [VariableDeclarator[58]]
NodeName: VariableDeclarator[58] Predecessor: [IntegerLiteral[61]]
NodeName: IntegerLiteral[61] Predecessor: [VariableDeclarator[47]]
NodeName: VariableDeclarator[47] Predecessor: [VarAccess[50]]
NodeName: VarAccess[50] Predecessor: [VariableDeclarator[31], VariableDeclarator[109]]
NodeName: VariableDeclarator[31] Predecessor: [ClassInstanceExpr[34]]
NodeName: ClassInstanceExpr[34] Predecessor: [Entry[14]]
NodeName: Entry[14] Predecessor: []
NodeName: VariableDeclarator[109] Predecessor: [IntegerLiteral[112]]
NodeName: IntegerLiteral[112] Predecessor: [VariableDeclarator[100]]
NodeName: VariableDeclarator[100] Predecessor: [UncheckedExceptions[103]]
NodeName: UncheckedExceptions[103] Predecessor: [MethodAccess[68]]
NodeName: VariableDeclarator[118] Predecessor: [VarAccess[50], VariableDeclarator[86]]
