NodeName: Entry[20] Successors: [Exit[27]]
NodeName: Exit[27] Successors: []
NodeName: Entry[35] Successors: [ClassInstanceExpr[59]]
NodeName: ClassInstanceExpr[59] Successors: [VariableDeclarator[56]]
NodeName: VariableDeclarator[56] Successors: [VarAccess[98]]
NodeName: VarAccess[98] Successors: [MethodAccess[99]]
NodeName: MethodAccess[99] Successors: [Exit[49]]
NodeName: Exit[49] Successors: []
NodeName: Entry[68] Successors: [TypeAccess[84]]
NodeName: TypeAccess[84] Successors: [VarAccess[85]]
NodeName: VarAccess[85] Successors: [StringLiteral[90]]
NodeName: StringLiteral[90] Successors: [VarAccess[91]]
NodeName: VarAccess[91] Successors: [AddExpr[89]]
NodeName: AddExpr[89] Successors: [MethodAccess[86]]
NodeName: MethodAccess[86] Successors: [Exit[79]]
NodeName: Exit[79] Successors: []

NodeName: Exit[27] Predecessor: [Entry[20]]
NodeName: Entry[20] Predecessor: []
NodeName: Exit[49] Predecessor: [MethodAccess[99]]
NodeName: MethodAccess[99] Predecessor: [VarAccess[98]]
NodeName: VarAccess[98] Predecessor: [VariableDeclarator[56]]
NodeName: VariableDeclarator[56] Predecessor: [ClassInstanceExpr[59]]
NodeName: ClassInstanceExpr[59] Predecessor: [Entry[35]]
NodeName: Entry[35] Predecessor: []
NodeName: Exit[79] Predecessor: [MethodAccess[86]]
NodeName: MethodAccess[86] Predecessor: [AddExpr[89]]
NodeName: AddExpr[89] Predecessor: [VarAccess[91]]
NodeName: VarAccess[91] Predecessor: [StringLiteral[90]]
NodeName: StringLiteral[90] Predecessor: [VarAccess[85]]
NodeName: VarAccess[85] Predecessor: [TypeAccess[84]]
NodeName: TypeAccess[84] Predecessor: [Entry[68]]
NodeName: Entry[68] Predecessor: []
