NodeName: Entry[20] Successors: [Exit[27]]
NodeName: Exit[27] Successors: []
NodeName: Entry[37] Successors: [Exit[38]]
NodeName: Exit[38] Successors: []
NodeName: Entry[29] Successors: [Exit[30]]
NodeName: Exit[30] Successors: []
NodeName: Entry[51] Successors: [ClassInstanceExpr[75]]
NodeName: ClassInstanceExpr[75] Successors: [VariableDeclarator[72]]
NodeName: VariableDeclarator[72] Successors: [VarAccess[130]]
NodeName: VarAccess[130] Successors: [MethodAccess[131]]
NodeName: MethodAccess[131] Successors: [Exit[65]]
NodeName: Exit[65] Successors: []
NodeName: Entry[89] Successors: [Exit[90]]
NodeName: Exit[90] Successors: []
NodeName: Entry[81] Successors: [Exit[82]]
NodeName: Exit[82] Successors: []
NodeName: Entry[100] Successors: [TypeAccess[116]]
NodeName: TypeAccess[116] Successors: [VarAccess[117]]
NodeName: VarAccess[117] Successors: [StringLiteral[122]]
NodeName: StringLiteral[122] Successors: [VarAccess[123]]
NodeName: VarAccess[123] Successors: [AddExpr[121]]
NodeName: AddExpr[121] Successors: [MethodAccess[118]]
NodeName: MethodAccess[118] Successors: [Exit[111]]
NodeName: Exit[111] Successors: []

NodeName: Exit[27] Predecessor: [Entry[20]]
NodeName: Entry[20] Predecessor: []
NodeName: Exit[38] Predecessor: [Entry[37]]
NodeName: Entry[37] Predecessor: []
NodeName: Exit[30] Predecessor: [Entry[29]]
NodeName: Entry[29] Predecessor: []
NodeName: Exit[65] Predecessor: [MethodAccess[131]]
NodeName: MethodAccess[131] Predecessor: [VarAccess[130]]
NodeName: VarAccess[130] Predecessor: [VariableDeclarator[72]]
NodeName: VariableDeclarator[72] Predecessor: [ClassInstanceExpr[75]]
NodeName: ClassInstanceExpr[75] Predecessor: [Entry[51]]
NodeName: Entry[51] Predecessor: []
NodeName: Exit[90] Predecessor: [Entry[89]]
NodeName: Entry[89] Predecessor: []
NodeName: Exit[82] Predecessor: [Entry[81]]
NodeName: Entry[81] Predecessor: []
NodeName: Exit[111] Predecessor: [MethodAccess[118]]
NodeName: MethodAccess[118] Predecessor: [AddExpr[121]]
NodeName: AddExpr[121] Predecessor: [VarAccess[123]]
NodeName: VarAccess[123] Predecessor: [StringLiteral[122]]
NodeName: StringLiteral[122] Predecessor: [VarAccess[117]]
NodeName: VarAccess[117] Predecessor: [TypeAccess[116]]
NodeName: TypeAccess[116] Predecessor: [Entry[100]]
NodeName: Entry[100] Predecessor: []
