NodeName: Entry[15] Successors: [Exit[16]]
NodeName: Exit[16] Successors: []
NodeName: Entry[7] Successors: [IntegerLiteral[36]]
NodeName: IntegerLiteral[36] Successors: [FieldDeclarator[33]]
NodeName: FieldDeclarator[33] Successors: [Exit[8]]
NodeName: Exit[8] Successors: []

NodeName: Exit[16] Predecessor: [Entry[15]]
NodeName: Entry[15] Predecessor: []
NodeName: Exit[8] Predecessor: [FieldDeclarator[33]]
NodeName: FieldDeclarator[33] Predecessor: [IntegerLiteral[36]]
NodeName: IntegerLiteral[36] Predecessor: [Entry[7]]
NodeName: Entry[7] Predecessor: []
