NodeName: Entry[15] Successors: [Exit[16]]
NodeName: Exit[16] Successors: []
NodeName: Entry[7] Successors: [BooleanLiteral[35]]
NodeName: BooleanLiteral[35] Successors: [VariableDeclarator[43], Exit[8]]
NodeName: VariableDeclarator[43] Successors: [VariableDeclarator[57]]
NodeName: VariableDeclarator[57] Successors: [BooleanLiteral[60]]
NodeName: BooleanLiteral[60] Successors: [BooleanLiteral[35], Exit[8]]
NodeName: Exit[8] Successors: []

NodeName: Exit[16] Predecessor: [Entry[15]]
NodeName: Entry[15] Predecessor: []
NodeName: Exit[8] Predecessor: [BooleanLiteral[35], BooleanLiteral[60]]
NodeName: BooleanLiteral[35] Predecessor: [Entry[7], BooleanLiteral[60]]
NodeName: Entry[7] Predecessor: []
NodeName: BooleanLiteral[60] Predecessor: [VariableDeclarator[57]]
NodeName: VariableDeclarator[57] Predecessor: [VariableDeclarator[43]]
NodeName: VariableDeclarator[43] Predecessor: [BooleanLiteral[35]]
