NodeName: Entry[13] Successors: [BooleanLiteral[19]]
NodeName: BooleanLiteral[19] Successors: [VariableDeclarator[27], Exit[13]]
NodeName: VariableDeclarator[27] Successors: [VariableDeclarator[41]]
NodeName: VariableDeclarator[41] Successors: [BooleanLiteral[44]]
NodeName: BooleanLiteral[44] Successors: [BooleanLiteral[19], Exit[13]]
NodeName: Exit[13] Successors: []

NodeName: Exit[13] Predecessor: [BooleanLiteral[19], BooleanLiteral[44]]
NodeName: BooleanLiteral[19] Predecessor: [Entry[13], BooleanLiteral[44]]
NodeName: Entry[13] Predecessor: []
NodeName: BooleanLiteral[44] Predecessor: [VariableDeclarator[41]]
NodeName: VariableDeclarator[41] Predecessor: [VariableDeclarator[27]]
NodeName: VariableDeclarator[27] Predecessor: [BooleanLiteral[19]]
