NodeName: Entry[15] Successors: [ClassInstanceExpr[35]]
NodeName: ClassInstanceExpr[35] Successors: [ResourceDeclaration[27]]
NodeName: ResourceDeclaration[27] Successors: [VarAccess[51]]
NodeName: VarAccess[51] Successors: [MethodAccess[52]]
NodeName: MethodAccess[52] Successors: [MethodAccess[28], NTACloseResource[56]]
NodeName: MethodAccess[28] Successors: [UncheckedExceptions[63], UncheckedExceptions[29]]
NodeName: UncheckedExceptions[63] Successors: [Exit[23]]
NodeName: Exit[23] Successors: []
NodeName: UncheckedExceptions[29] Successors: [Exit[23]]
NodeName: NTACloseResource[56] Successors: [UncheckedExceptions[53]]
NodeName: UncheckedExceptions[53] Successors: [Exit[23]]

NodeName: Exit[23] Predecessor: [UncheckedExceptions[63], UncheckedExceptions[29], UncheckedExceptions[53]]
NodeName: UncheckedExceptions[63] Predecessor: [MethodAccess[28]]
NodeName: MethodAccess[28] Predecessor: [MethodAccess[52]]
NodeName: MethodAccess[52] Predecessor: [VarAccess[51]]
NodeName: VarAccess[51] Predecessor: [ResourceDeclaration[27]]
NodeName: ResourceDeclaration[27] Predecessor: [ClassInstanceExpr[35]]
NodeName: ClassInstanceExpr[35] Predecessor: [Entry[15]]
NodeName: Entry[15] Predecessor: []
NodeName: UncheckedExceptions[29] Predecessor: [MethodAccess[28]]
NodeName: UncheckedExceptions[53] Predecessor: [NTACloseResource[56]]
NodeName: NTACloseResource[56] Predecessor: [MethodAccess[52]]
