NodeName: Entry[13] Successors: [IntegerLiteral[31]]
NodeName: IntegerLiteral[31] Successors: [VariableDeclarator[28]]
NodeName: VariableDeclarator[28] Successors: [VarAccess[34]]
NodeName: VarAccess[34] Successors: [IntegerLiteral[35]]
NodeName: IntegerLiteral[35] Successors: [GTExpr[33]]
NodeName: GTExpr[33] Successors: [VarAccess[43], VariableDeclarator[98]]
NodeName: VarAccess[43] Successors: [IntegerLiteral[44]]
NodeName: IntegerLiteral[44] Successors: [GTExpr[42]]
NodeName: GTExpr[42] Successors: [UncheckedExceptions[46], UncheckedExceptions[92]]
NodeName: UncheckedExceptions[46] Successors: [VariableDeclarator[57]]
NodeName: VariableDeclarator[57] Successors: [ThrowStmt[60]]
NodeName: ThrowStmt[60] Successors: [ClassInstanceExpr[62]]
NodeName: ClassInstanceExpr[62] Successors: [UncheckedExceptions[61]]
NodeName: UncheckedExceptions[61] Successors: [Exit[21]]
NodeName: Exit[21] Successors: []
NodeName: UncheckedExceptions[92] Successors: [VariableDeclarator[80]]
NodeName: VariableDeclarator[80] Successors: [ThrowStmt[83]]
NodeName: ThrowStmt[83] Successors: [ClassInstanceExpr[85]]
NodeName: ClassInstanceExpr[85] Successors: [UncheckedExceptions[84]]
NodeName: UncheckedExceptions[84] Successors: [Exit[21]]
NodeName: VariableDeclarator[98] Successors: [Exit[21]]

NodeName: Exit[21] Predecessor: [UncheckedExceptions[61], UncheckedExceptions[84], VariableDeclarator[98]]
NodeName: UncheckedExceptions[61] Predecessor: [ClassInstanceExpr[62]]
NodeName: ClassInstanceExpr[62] Predecessor: [ThrowStmt[60]]
NodeName: ThrowStmt[60] Predecessor: [VariableDeclarator[57]]
NodeName: VariableDeclarator[57] Predecessor: [UncheckedExceptions[46]]
NodeName: UncheckedExceptions[46] Predecessor: [GTExpr[42]]
NodeName: GTExpr[42] Predecessor: [IntegerLiteral[44]]
NodeName: IntegerLiteral[44] Predecessor: [VarAccess[43]]
NodeName: VarAccess[43] Predecessor: [GTExpr[33]]
NodeName: GTExpr[33] Predecessor: [IntegerLiteral[35]]
NodeName: IntegerLiteral[35] Predecessor: [VarAccess[34]]
NodeName: VarAccess[34] Predecessor: [VariableDeclarator[28]]
NodeName: VariableDeclarator[28] Predecessor: [IntegerLiteral[31]]
NodeName: IntegerLiteral[31] Predecessor: [Entry[13]]
NodeName: Entry[13] Predecessor: []
NodeName: UncheckedExceptions[84] Predecessor: [ClassInstanceExpr[85]]
NodeName: ClassInstanceExpr[85] Predecessor: [ThrowStmt[83]]
NodeName: ThrowStmt[83] Predecessor: [VariableDeclarator[80]]
NodeName: VariableDeclarator[80] Predecessor: [UncheckedExceptions[92]]
NodeName: UncheckedExceptions[92] Predecessor: [GTExpr[42]]
NodeName: VariableDeclarator[98] Predecessor: [GTExpr[33]]
