NodeName: Entry[15] Successors: [Exit[16]]
NodeName: Exit[16] Successors: []
NodeName: Entry[7] Successors: [Exit[8]]
NodeName: Exit[8] Successors: []
NodeName: Entry[29] Successors: [IntegerLiteral[47]]
NodeName: IntegerLiteral[47] Successors: [VariableDeclarator[44]]
NodeName: VariableDeclarator[44] Successors: [VarAccess[50]]
NodeName: VarAccess[50] Successors: [IntegerLiteral[51]]
NodeName: IntegerLiteral[51] Successors: [GTExpr[49]]
NodeName: GTExpr[49] Successors: [VarAccess[59], VariableDeclarator[114]]
NodeName: VarAccess[59] Successors: [IntegerLiteral[60]]
NodeName: IntegerLiteral[60] Successors: [GTExpr[58]]
NodeName: GTExpr[58] Successors: [UncheckedExceptions[62], UncheckedExceptions[108]]
NodeName: UncheckedExceptions[62] Successors: [VariableDeclarator[73]]
NodeName: VariableDeclarator[73] Successors: [ThrowStmt[76]]
NodeName: ThrowStmt[76] Successors: [ClassInstanceExpr[78]]
NodeName: ClassInstanceExpr[78] Successors: [UncheckedExceptions[77]]
NodeName: UncheckedExceptions[77] Successors: [Exit[37]]
NodeName: Exit[37] Successors: []
NodeName: UncheckedExceptions[108] Successors: [VariableDeclarator[96]]
NodeName: VariableDeclarator[96] Successors: [ThrowStmt[99]]
NodeName: ThrowStmt[99] Successors: [ClassInstanceExpr[101]]
NodeName: ClassInstanceExpr[101] Successors: [UncheckedExceptions[100]]
NodeName: UncheckedExceptions[100] Successors: [Exit[37]]
NodeName: VariableDeclarator[114] Successors: [Exit[37]]
NodeName: Entry[127] Successors: [Exit[128]]
NodeName: Exit[128] Successors: []
NodeName: Entry[119] Successors: [Exit[120]]
NodeName: Exit[120] Successors: []

NodeName: Exit[16] Predecessor: [Entry[15]]
NodeName: Entry[15] Predecessor: []
NodeName: Exit[8] Predecessor: [Entry[7]]
NodeName: Entry[7] Predecessor: []
NodeName: Exit[37] Predecessor: [UncheckedExceptions[77], UncheckedExceptions[100], VariableDeclarator[114]]
NodeName: UncheckedExceptions[77] Predecessor: [ClassInstanceExpr[78]]
NodeName: ClassInstanceExpr[78] Predecessor: [ThrowStmt[76]]
NodeName: ThrowStmt[76] Predecessor: [VariableDeclarator[73]]
NodeName: VariableDeclarator[73] Predecessor: [UncheckedExceptions[62]]
NodeName: UncheckedExceptions[62] Predecessor: [GTExpr[58]]
NodeName: GTExpr[58] Predecessor: [IntegerLiteral[60]]
NodeName: IntegerLiteral[60] Predecessor: [VarAccess[59]]
NodeName: VarAccess[59] Predecessor: [GTExpr[49]]
NodeName: GTExpr[49] Predecessor: [IntegerLiteral[51]]
NodeName: IntegerLiteral[51] Predecessor: [VarAccess[50]]
NodeName: VarAccess[50] Predecessor: [VariableDeclarator[44]]
NodeName: VariableDeclarator[44] Predecessor: [IntegerLiteral[47]]
NodeName: IntegerLiteral[47] Predecessor: [Entry[29]]
NodeName: Entry[29] Predecessor: []
NodeName: UncheckedExceptions[100] Predecessor: [ClassInstanceExpr[101]]
NodeName: ClassInstanceExpr[101] Predecessor: [ThrowStmt[99]]
NodeName: ThrowStmt[99] Predecessor: [VariableDeclarator[96]]
NodeName: VariableDeclarator[96] Predecessor: [UncheckedExceptions[108]]
NodeName: UncheckedExceptions[108] Predecessor: [GTExpr[58]]
NodeName: VariableDeclarator[114] Predecessor: [GTExpr[49]]
NodeName: Exit[128] Predecessor: [Entry[127]]
NodeName: Entry[127] Predecessor: []
NodeName: Exit[120] Predecessor: [Entry[119]]
NodeName: Entry[119] Predecessor: []
