NodeName: Entry[15] Successors: [Exit[16]]
NodeName: Exit[16] Successors: []
NodeName: Entry[7] Successors: [BooleanLiteral[39]]
NodeName: BooleanLiteral[39] Successors: [VariableDeclarator[36]]
NodeName: VariableDeclarator[36] Successors: [VarAccess[41]]
NodeName: VarAccess[41] Successors: [VariableDeclarator[49], VariableDeclarator[73]]
NodeName: VariableDeclarator[49] Successors: [BooleanLiteral[53]]
NodeName: BooleanLiteral[53] Successors: [VariableDeclarator[61], VariableDeclarator[81]]
NodeName: VariableDeclarator[61] Successors: [VariableDeclarator[81]]
NodeName: VariableDeclarator[81] Successors: [Exit[8]]
NodeName: Exit[8] Successors: []
NodeName: VariableDeclarator[73] Successors: [VariableDeclarator[81]]

NodeName: Exit[16] Predecessor: [Entry[15]]
NodeName: Entry[15] Predecessor: []
NodeName: Exit[8] Predecessor: [VariableDeclarator[81]]
NodeName: VariableDeclarator[81] Predecessor: [BooleanLiteral[53], VariableDeclarator[61], VariableDeclarator[73]]
NodeName: BooleanLiteral[53] Predecessor: [VariableDeclarator[49]]
NodeName: VariableDeclarator[49] Predecessor: [VarAccess[41]]
NodeName: VarAccess[41] Predecessor: [VariableDeclarator[36]]
NodeName: VariableDeclarator[36] Predecessor: [BooleanLiteral[39]]
NodeName: BooleanLiteral[39] Predecessor: [Entry[7]]
NodeName: Entry[7] Predecessor: []
NodeName: VariableDeclarator[61] Predecessor: [BooleanLiteral[53]]
NodeName: VariableDeclarator[73] Predecessor: [VarAccess[41]]
