NodeName: Entry[13] Successors: [BooleanLiteral[23]]
NodeName: BooleanLiteral[23] Successors: [VariableDeclarator[20]]
NodeName: VariableDeclarator[20] Successors: [VarAccess[25]]
NodeName: VarAccess[25] Successors: [VariableDeclarator[33], VariableDeclarator[57]]
NodeName: VariableDeclarator[33] Successors: [BooleanLiteral[37]]
NodeName: BooleanLiteral[37] Successors: [VariableDeclarator[45], VariableDeclarator[65]]
NodeName: VariableDeclarator[45] Successors: [VariableDeclarator[65]]
NodeName: VariableDeclarator[65] Successors: [Exit[13]]
NodeName: Exit[13] Successors: []
NodeName: VariableDeclarator[57] Successors: [VariableDeclarator[65]]

NodeName: Exit[13] Predecessor: [VariableDeclarator[65]]
NodeName: VariableDeclarator[65] Predecessor: [BooleanLiteral[37], VariableDeclarator[45], VariableDeclarator[57]]
NodeName: BooleanLiteral[37] Predecessor: [VariableDeclarator[33]]
NodeName: VariableDeclarator[33] Predecessor: [VarAccess[25]]
NodeName: VarAccess[25] Predecessor: [VariableDeclarator[20]]
NodeName: VariableDeclarator[20] Predecessor: [BooleanLiteral[23]]
NodeName: BooleanLiteral[23] Predecessor: [Entry[13]]
NodeName: Entry[13] Predecessor: []
NodeName: VariableDeclarator[45] Predecessor: [BooleanLiteral[37]]
NodeName: VariableDeclarator[57] Predecessor: [VarAccess[25]]
