NodeName: Entry[13] Successors: [BooleanLiteral[30]]
NodeName: BooleanLiteral[30] Successors: [VariableDeclarator[27]]
NodeName: VariableDeclarator[27] Successors: [VarAccess[33]]
NodeName: VarAccess[33] Successors: [VariableDeclarator[41], Exit[20]]
NodeName: VariableDeclarator[41] Successors: [IntegerLiteral[55]]
NodeName: IntegerLiteral[55] Successors: [VariableDeclarator[52]]
NodeName: VariableDeclarator[52] Successors: [ImplicitCondition[80]]
NodeName: ImplicitCondition[80] Successors: [VariableDeclarator[68], VarAccess[33]]
NodeName: VariableDeclarator[68] Successors: [VarAccess[72]]
NodeName: VarAccess[72] Successors: [VarAccess[33], PostIncExpr[59]]
NodeName: PostIncExpr[59] Successors: [ImplicitCondition[80]]
NodeName: Exit[20] Successors: []

NodeName: Exit[20] Predecessor: [VarAccess[33]]
NodeName: VarAccess[33] Predecessor: [VariableDeclarator[27], ImplicitCondition[80], VarAccess[72]]
NodeName: VariableDeclarator[27] Predecessor: [BooleanLiteral[30]]
NodeName: BooleanLiteral[30] Predecessor: [Entry[13]]
NodeName: Entry[13] Predecessor: []
NodeName: ImplicitCondition[80] Predecessor: [VariableDeclarator[52], PostIncExpr[59]]
NodeName: VariableDeclarator[52] Predecessor: [IntegerLiteral[55]]
NodeName: IntegerLiteral[55] Predecessor: [VariableDeclarator[41]]
NodeName: VariableDeclarator[41] Predecessor: [VarAccess[33]]
NodeName: PostIncExpr[59] Predecessor: [VarAccess[72]]
NodeName: VarAccess[72] Predecessor: [VariableDeclarator[68]]
NodeName: VariableDeclarator[68] Predecessor: [ImplicitCondition[80]]
