NodeName: Entry[13] Successors: [BooleanLiteral[30]]
NodeName: BooleanLiteral[30] Successors: [VariableDeclarator[27]]
NodeName: VariableDeclarator[27] Successors: [VariableDeclarator[39]]
NodeName: VariableDeclarator[39] Successors: [VariableDeclarator[50]]
NodeName: VariableDeclarator[50] Successors: [VarAccess[54]]
NodeName: VarAccess[54] Successors: [LogNotExpr[53]]
NodeName: LogNotExpr[53] Successors: [VariableDeclarator[50], VarAccess[55]]
NodeName: VarAccess[55] Successors: [VariableDeclarator[39], VariableDeclarator[61]]
NodeName: VariableDeclarator[61] Successors: [Exit[20]]
NodeName: Exit[20] Successors: []

NodeName: Exit[20] Predecessor: [VariableDeclarator[61]]
NodeName: VariableDeclarator[61] Predecessor: [VarAccess[55]]
NodeName: VarAccess[55] Predecessor: [LogNotExpr[53]]
NodeName: LogNotExpr[53] Predecessor: [VarAccess[54]]
NodeName: VarAccess[54] Predecessor: [VariableDeclarator[50]]
NodeName: VariableDeclarator[50] Predecessor: [VariableDeclarator[39], LogNotExpr[53]]
NodeName: VariableDeclarator[39] Predecessor: [VariableDeclarator[27], VarAccess[55]]
NodeName: VariableDeclarator[27] Predecessor: [BooleanLiteral[30]]
NodeName: BooleanLiteral[30] Predecessor: [Entry[13]]
NodeName: Entry[13] Predecessor: []
