NodeName: Entry[15] Successors: [Exit[16]]
NodeName: Exit[16] Successors: []
NodeName: Entry[7] Successors: [Exit[8]]
NodeName: Exit[8] Successors: []
NodeName: Entry[29] Successors: [BooleanLiteral[46]]
NodeName: BooleanLiteral[46] Successors: [VariableDeclarator[43]]
NodeName: VariableDeclarator[43] Successors: [VariableDeclarator[55]]
NodeName: VariableDeclarator[55] Successors: [VariableDeclarator[66]]
NodeName: VariableDeclarator[66] Successors: [VarAccess[70]]
NodeName: VarAccess[70] Successors: [LogNotExpr[69]]
NodeName: LogNotExpr[69] Successors: [VariableDeclarator[66], VarAccess[71]]
NodeName: VarAccess[71] Successors: [VariableDeclarator[55], VariableDeclarator[77]]
NodeName: VariableDeclarator[77] Successors: [Exit[36]]
NodeName: Exit[36] Successors: []

NodeName: Exit[16] Predecessor: [Entry[15]]
NodeName: Entry[15] Predecessor: []
NodeName: Exit[8] Predecessor: [Entry[7]]
NodeName: Entry[7] Predecessor: []
NodeName: Exit[36] Predecessor: [VariableDeclarator[77]]
NodeName: VariableDeclarator[77] Predecessor: [VarAccess[71]]
NodeName: VarAccess[71] Predecessor: [LogNotExpr[69]]
NodeName: LogNotExpr[69] Predecessor: [VarAccess[70]]
NodeName: VarAccess[70] Predecessor: [VariableDeclarator[66]]
NodeName: VariableDeclarator[66] Predecessor: [VariableDeclarator[55], LogNotExpr[69]]
NodeName: VariableDeclarator[55] Predecessor: [VariableDeclarator[43], VarAccess[71]]
NodeName: VariableDeclarator[43] Predecessor: [BooleanLiteral[46]]
NodeName: BooleanLiteral[46] Predecessor: [Entry[29]]
NodeName: Entry[29] Predecessor: []
