NodeName: Entry[13] Successors: [Exit[21]]
NodeName: Exit[21] Successors: []
NodeName: Entry[24] Successors: [ClassInstanceExpr[53]]
NodeName: ClassInstanceExpr[53] Successors: [ExprMethodReference[51]]
NodeName: ExprMethodReference[51] Successors: [ClassInstanceExpr[48]]
NodeName: ClassInstanceExpr[48] Successors: [VariableDeclarator[45]]
NodeName: VariableDeclarator[45] Successors: [VarAccess[64]]
NodeName: VarAccess[64] Successors: [MethodAccess[65]]
NodeName: MethodAccess[65] Successors: [Exit[38]]
NodeName: Exit[38] Successors: []

NodeName: Exit[21] Predecessor: [Entry[13]]
NodeName: Entry[13] Predecessor: []
NodeName: Exit[38] Predecessor: [MethodAccess[65]]
NodeName: MethodAccess[65] Predecessor: [VarAccess[64]]
NodeName: VarAccess[64] Predecessor: [VariableDeclarator[45]]
NodeName: VariableDeclarator[45] Predecessor: [ClassInstanceExpr[48]]
NodeName: ClassInstanceExpr[48] Predecessor: [ExprMethodReference[51]]
NodeName: ExprMethodReference[51] Predecessor: [ClassInstanceExpr[53]]
NodeName: ClassInstanceExpr[53] Predecessor: [Entry[24]]
NodeName: Entry[24] Predecessor: []
