NodeName: Entry[15] Successors: [Exit[16]]
NodeName: Exit[16] Successors: []
NodeName: Entry[7] Successors: [Exit[8]]
NodeName: Exit[8] Successors: []
NodeName: Entry[29] Successors: [SuperConstructorAccess[37]]
NodeName: SuperConstructorAccess[37] Successors: [Implicit[29]]
NodeName: Implicit[29] Successors: [Exit[29]]
NodeName: Exit[29] Successors: []
NodeName: Entry[37] Successors: [SuperConstructorAccess[49]]
NodeName: SuperConstructorAccess[49] Successors: [Implicit[37]]
NodeName: Implicit[37] Successors: [Exit[37]]
NodeName: Exit[37] Successors: []

NodeName: Exit[16] Predecessor: [Entry[15]]
NodeName: Entry[15] Predecessor: []
NodeName: Exit[8] Predecessor: [Entry[7]]
NodeName: Entry[7] Predecessor: []
NodeName: Exit[29] Predecessor: [Implicit[29]]
NodeName: Implicit[29] Predecessor: [SuperConstructorAccess[37]]
NodeName: SuperConstructorAccess[37] Predecessor: [Entry[29]]
NodeName: Entry[29] Predecessor: []
NodeName: Exit[37] Predecessor: [Implicit[37]]
NodeName: Implicit[37] Predecessor: [SuperConstructorAccess[49]]
NodeName: SuperConstructorAccess[49] Predecessor: [Entry[37]]
NodeName: Entry[37] Predecessor: []
