NodeName: Entry[13] Successors: [BooleanLiteral[23]]
NodeName: BooleanLiteral[23] Successors: [VariableDeclarator[20]]
NodeName: VariableDeclarator[20] Successors: [BooleanLiteral[32]]
NodeName: BooleanLiteral[32] Successors: [VariableDeclarator[29]]
NodeName: VariableDeclarator[29] Successors: [VarAccess[34]]
NodeName: VarAccess[34] Successors: [VarAccess[38], VariableDeclarator[74]]
NodeName: VarAccess[38] Successors: [VariableDeclarator[46], VariableDeclarator[57]]
NodeName: VariableDeclarator[46] Successors: [VariableDeclarator[65]]
NodeName: VariableDeclarator[65] Successors: [VariableDeclarator[74]]
NodeName: VariableDeclarator[74] Successors: [Exit[13]]
NodeName: Exit[13] Successors: []
NodeName: VariableDeclarator[57] Successors: [VariableDeclarator[65]]

NodeName: Exit[13] Predecessor: [VariableDeclarator[74]]
NodeName: VariableDeclarator[74] Predecessor: [VarAccess[34], VariableDeclarator[65]]
NodeName: VarAccess[34] Predecessor: [VariableDeclarator[29]]
NodeName: VariableDeclarator[29] Predecessor: [BooleanLiteral[32]]
NodeName: BooleanLiteral[32] Predecessor: [VariableDeclarator[20]]
NodeName: VariableDeclarator[20] Predecessor: [BooleanLiteral[23]]
NodeName: BooleanLiteral[23] Predecessor: [Entry[13]]
NodeName: Entry[13] Predecessor: []
NodeName: VariableDeclarator[65] Predecessor: [VariableDeclarator[46], VariableDeclarator[57]]
NodeName: VariableDeclarator[46] Predecessor: [VarAccess[38]]
NodeName: VarAccess[38] Predecessor: [VarAccess[34]]
NodeName: VariableDeclarator[57] Predecessor: [VarAccess[38]]
