NodeName: Entry[13] Successors: [StringLiteral[23]]
NodeName: StringLiteral[23] Successors: [ConstCase[26]]
NodeName: ConstCase[26] Successors: [TypeAccess[31], ConstCase[39]]
NodeName: TypeAccess[31] Successors: [VarAccess[32]]
NodeName: VarAccess[32] Successors: [StringLiteral[36]]
NodeName: StringLiteral[36] Successors: [MethodAccess[33]]
NodeName: MethodAccess[33] Successors: [TypeAccess[44]]
NodeName: TypeAccess[44] Successors: [VarAccess[45]]
NodeName: VarAccess[45] Successors: [StringLiteral[49]]
NodeName: StringLiteral[49] Successors: [MethodAccess[46]]
NodeName: MethodAccess[46] Successors: [Exit[20]]
NodeName: Exit[20] Successors: []
NodeName: ConstCase[39] Successors: [TypeAccess[44], Exit[20]]

NodeName: Exit[20] Predecessor: [ConstCase[39], MethodAccess[46]]
NodeName: ConstCase[39] Predecessor: [ConstCase[26]]
NodeName: ConstCase[26] Predecessor: [StringLiteral[23]]
NodeName: StringLiteral[23] Predecessor: [Entry[13]]
NodeName: Entry[13] Predecessor: []
NodeName: MethodAccess[46] Predecessor: [StringLiteral[49]]
NodeName: StringLiteral[49] Predecessor: [VarAccess[45]]
NodeName: VarAccess[45] Predecessor: [TypeAccess[44]]
NodeName: TypeAccess[44] Predecessor: [MethodAccess[33], ConstCase[39]]
NodeName: MethodAccess[33] Predecessor: [StringLiteral[36]]
NodeName: StringLiteral[36] Predecessor: [VarAccess[32]]
NodeName: VarAccess[32] Predecessor: [TypeAccess[31]]
NodeName: TypeAccess[31] Predecessor: [ConstCase[26]]
