NodeName: Entry[17] Successors: [Exit[18]]
NodeName: Exit[18] Successors: []
NodeName: Entry[9] Successors: [Exit[10]]
NodeName: Exit[10] Successors: []
NodeName: Entry[30] Successors: [ClassInstanceExpr[50]]
NodeName: ClassInstanceExpr[50] Successors: [VariableDeclarator[47]]
NodeName: VariableDeclarator[47] Successors: [VarAccess[66]]
NodeName: VarAccess[66] Successors: [VariableDeclarator[63], VariableDeclarator[83]]
NodeName: VariableDeclarator[63] Successors: [IntegerLiteral[77]]
NodeName: IntegerLiteral[77] Successors: [VariableDeclarator[74]]
NodeName: VariableDeclarator[74] Successors: [VarAccess[66]]
NodeName: VariableDeclarator[83] Successors: [Exit[37]]
NodeName: Exit[37] Successors: []

NodeName: Exit[18] Predecessor: [Entry[17]]
NodeName: Entry[17] Predecessor: []
NodeName: Exit[10] Predecessor: [Entry[9]]
NodeName: Entry[9] Predecessor: []
NodeName: Exit[37] Predecessor: [VariableDeclarator[83]]
NodeName: VariableDeclarator[83] Predecessor: [VarAccess[66]]
NodeName: VarAccess[66] Predecessor: [VariableDeclarator[47], VariableDeclarator[74]]
NodeName: VariableDeclarator[47] Predecessor: [ClassInstanceExpr[50]]
NodeName: ClassInstanceExpr[50] Predecessor: [Entry[30]]
NodeName: Entry[30] Predecessor: []
NodeName: VariableDeclarator[74] Predecessor: [IntegerLiteral[77]]
NodeName: IntegerLiteral[77] Predecessor: [VariableDeclarator[63]]
NodeName: VariableDeclarator[63] Predecessor: [VarAccess[66]]
