NodeName: Entry[13] Successors: [BooleanLiteral[23]]
NodeName: BooleanLiteral[23] Successors: [VariableDeclarator[20]]
NodeName: VariableDeclarator[20] Successors: [VarAccess[25]]
NodeName: VarAccess[25] Successors: [VariableDeclarator[33], VariableDeclarator[44]]
NodeName: VariableDeclarator[33] Successors: [Exit[13]]
NodeName: Exit[13] Successors: []
NodeName: VariableDeclarator[44] Successors: [Exit[13]]

NodeName: Exit[13] Predecessor: [VariableDeclarator[33], VariableDeclarator[44]]
NodeName: VariableDeclarator[33] Predecessor: [VarAccess[25]]
NodeName: VarAccess[25] Predecessor: [VariableDeclarator[20]]
NodeName: VariableDeclarator[20] Predecessor: [BooleanLiteral[23]]
NodeName: BooleanLiteral[23] Predecessor: [Entry[13]]
NodeName: Entry[13] Predecessor: []
NodeName: VariableDeclarator[44] Predecessor: [VarAccess[25]]
