NodeName: Entry[15] Successors: [ResourceDeclaration[42]]
NodeName: ResourceDeclaration[42] Successors: [Exit[38], ResourceDeclaration[90]]
NodeName: Exit[38] Successors: []
NodeName: ResourceDeclaration[90] Successors: [Exit[38], MethodAccess[43], TypeAccess[132]]
NodeName: MethodAccess[43] Successors: [UncheckedExceptions[193], UncheckedExceptions[44]]
NodeName: UncheckedExceptions[193] Successors: [TypeAccess[185]]
NodeName: TypeAccess[185] Successors: [VarAccess[186]]
NodeName: VarAccess[186] Successors: [StringLiteral[190]]
NodeName: StringLiteral[190] Successors: [MethodAccess[187]]
NodeName: MethodAccess[187] Successors: [Exit[38]]
NodeName: UncheckedExceptions[44] Successors: [TypeAccess[55]]
NodeName: TypeAccess[55] Successors: [VarAccess[56]]
NodeName: VarAccess[56] Successors: [StringLiteral[60]]
NodeName: StringLiteral[60] Successors: [MethodAccess[57]]
NodeName: MethodAccess[57] Successors: [Exit[38], ParameterDeclaration[162]]
NodeName: ParameterDeclaration[162] Successors: [TypeAccess[171]]
NodeName: TypeAccess[171] Successors: [VarAccess[172]]
NodeName: VarAccess[172] Successors: [StringLiteral[176]]
NodeName: StringLiteral[176] Successors: [MethodAccess[173]]
NodeName: MethodAccess[173] Successors: [TypeAccess[185]]
NodeName: TypeAccess[132] Successors: [VarAccess[133]]
NodeName: VarAccess[133] Successors: [StringLiteral[137]]
NodeName: StringLiteral[137] Successors: [MethodAccess[134]]
NodeName: MethodAccess[134] Successors: [ThrowStmt[140]]
NodeName: ThrowStmt[140] Successors: [ClassInstanceExpr[142]]
NodeName: ClassInstanceExpr[142] Successors: [NTACloseResource[152]]
NodeName: NTACloseResource[152] Successors: [NTACloseResource[156]]
NodeName: NTACloseResource[156] Successors: [UncheckedExceptions[141]]
NodeName: UncheckedExceptions[141] Successors: [ParameterDeclaration[162]]
NodeName: Entry[202] Successors: [SuperConstructorAccess[212]]
NodeName: SuperConstructorAccess[212] Successors: [Implicit[202]]
NodeName: Implicit[202] Successors: [Exit[202]]
NodeName: Exit[202] Successors: []
NodeName: Entry[212] Successors: [Exit[224]]
NodeName: Exit[224] Successors: []
NodeName: Entry[250] Successors: [SuperConstructorAccess[260]]
NodeName: SuperConstructorAccess[260] Successors: [Implicit[250]]
NodeName: Implicit[250] Successors: [Exit[250]]
NodeName: Exit[250] Successors: []
NodeName: Entry[260] Successors: [Exit[271]]
NodeName: Exit[271] Successors: []

NodeName: Exit[38] Predecessor: [ResourceDeclaration[42], MethodAccess[57], ResourceDeclaration[90], MethodAccess[187]]
NodeName: ResourceDeclaration[42] Predecessor: [Entry[15]]
NodeName: Entry[15] Predecessor: []
NodeName: MethodAccess[57] Predecessor: [StringLiteral[60]]
NodeName: StringLiteral[60] Predecessor: [VarAccess[56]]
NodeName: VarAccess[56] Predecessor: [TypeAccess[55]]
NodeName: TypeAccess[55] Predecessor: [UncheckedExceptions[44]]
NodeName: UncheckedExceptions[44] Predecessor: [MethodAccess[43]]
NodeName: MethodAccess[43] Predecessor: [ResourceDeclaration[90]]
NodeName: ResourceDeclaration[90] Predecessor: [ResourceDeclaration[42]]
NodeName: MethodAccess[187] Predecessor: [StringLiteral[190]]
NodeName: StringLiteral[190] Predecessor: [VarAccess[186]]
NodeName: VarAccess[186] Predecessor: [TypeAccess[185]]
NodeName: TypeAccess[185] Predecessor: [UncheckedExceptions[193], MethodAccess[173]]
NodeName: UncheckedExceptions[193] Predecessor: [MethodAccess[43]]
NodeName: MethodAccess[173] Predecessor: [StringLiteral[176]]
NodeName: StringLiteral[176] Predecessor: [VarAccess[172]]
NodeName: VarAccess[172] Predecessor: [TypeAccess[171]]
NodeName: TypeAccess[171] Predecessor: [ParameterDeclaration[162]]
NodeName: ParameterDeclaration[162] Predecessor: [MethodAccess[57], UncheckedExceptions[141]]
NodeName: UncheckedExceptions[141] Predecessor: [NTACloseResource[156]]
NodeName: NTACloseResource[156] Predecessor: [NTACloseResource[152]]
NodeName: NTACloseResource[152] Predecessor: [ClassInstanceExpr[142]]
NodeName: ClassInstanceExpr[142] Predecessor: [ThrowStmt[140]]
NodeName: ThrowStmt[140] Predecessor: [MethodAccess[134]]
NodeName: MethodAccess[134] Predecessor: [StringLiteral[137]]
NodeName: StringLiteral[137] Predecessor: [VarAccess[133]]
NodeName: VarAccess[133] Predecessor: [TypeAccess[132]]
NodeName: TypeAccess[132] Predecessor: [ResourceDeclaration[90]]
NodeName: Exit[202] Predecessor: [Implicit[202]]
NodeName: Implicit[202] Predecessor: [SuperConstructorAccess[212]]
NodeName: SuperConstructorAccess[212] Predecessor: [Entry[202]]
NodeName: Entry[202] Predecessor: []
NodeName: Exit[224] Predecessor: [Entry[212]]
NodeName: Entry[212] Predecessor: []
NodeName: Exit[250] Predecessor: [Implicit[250]]
NodeName: Implicit[250] Predecessor: [SuperConstructorAccess[260]]
NodeName: SuperConstructorAccess[260] Predecessor: [Entry[250]]
NodeName: Entry[250] Predecessor: []
NodeName: Exit[271] Predecessor: [Entry[260]]
NodeName: Entry[260] Predecessor: []
