NodeName: Entry[17] Successors: [Exit[18]]
NodeName: Exit[18] Successors: []
NodeName: Entry[9] Successors: [Exit[10]]
NodeName: Exit[10] Successors: []
NodeName: Entry[31] Successors: [ClassInstanceExpr[81]]
NodeName: ClassInstanceExpr[81] Successors: [ResourceDeclaration[58], TypeAccess[94]]
NodeName: ResourceDeclaration[58] Successors: [ClassInstanceExpr[113]]
NodeName: ClassInstanceExpr[113] Successors: [ResourceDeclaration[105], NTACloseResource[118]]
NodeName: ResourceDeclaration[105] Successors: [TypeAccess[146]]
NodeName: TypeAccess[146] Successors: [VarAccess[147]]
NodeName: VarAccess[147] Successors: [StringLiteral[151]]
NodeName: StringLiteral[151] Successors: [MethodAccess[148]]
NodeName: MethodAccess[148] Successors: [ThrowStmt[154]]
NodeName: ThrowStmt[154] Successors: [ClassInstanceExpr[156]]
NodeName: ClassInstanceExpr[156] Successors: [NTACloseResource[166]]
NodeName: NTACloseResource[166] Successors: [NTACloseResource[170]]
NodeName: NTACloseResource[170] Successors: [UncheckedExceptions[155]]
NodeName: UncheckedExceptions[155] Successors: [ParameterDeclaration[176]]
NodeName: ParameterDeclaration[176] Successors: [TypeAccess[185]]
NodeName: TypeAccess[185] Successors: [VarAccess[186]]
NodeName: VarAccess[186] Successors: [StringLiteral[190]]
NodeName: StringLiteral[190] Successors: [MethodAccess[187]]
NodeName: MethodAccess[187] Successors: [TypeAccess[199]]
NodeName: TypeAccess[199] Successors: [VarAccess[200]]
NodeName: VarAccess[200] Successors: [StringLiteral[204]]
NodeName: StringLiteral[204] Successors: [MethodAccess[201]]
NodeName: MethodAccess[201] Successors: [Exit[54]]
NodeName: Exit[54] Successors: []
NodeName: NTACloseResource[118] Successors: [TypeAccess[130]]
NodeName: TypeAccess[130] Successors: [VarAccess[131]]
NodeName: VarAccess[131] Successors: [StringLiteral[135]]
NodeName: StringLiteral[135] Successors: [MethodAccess[132]]
NodeName: MethodAccess[132] Successors: [Exit[54]]
NodeName: TypeAccess[94] Successors: [VarAccess[95]]
NodeName: VarAccess[95] Successors: [StringLiteral[99]]
NodeName: StringLiteral[99] Successors: [MethodAccess[96]]
NodeName: MethodAccess[96] Successors: [Exit[54]]
NodeName: Entry[218] Successors: [Exit[219]]
NodeName: Exit[219] Successors: []
NodeName: Entry[210] Successors: [Exit[211]]
NodeName: Exit[211] Successors: []
NodeName: Entry[232] Successors: [SuperConstructorAccess[242]]
NodeName: SuperConstructorAccess[242] Successors: [Implicit[232]]
NodeName: Implicit[232] Successors: [Exit[232]]
NodeName: Exit[232] Successors: []
NodeName: Entry[242] Successors: [Exit[254]]
NodeName: Exit[254] Successors: []
NodeName: Entry[267] Successors: [Exit[268]]
NodeName: Exit[268] Successors: []
NodeName: Entry[259] Successors: [Exit[260]]
NodeName: Exit[260] Successors: []
NodeName: Entry[291] Successors: [Exit[292]]
NodeName: Exit[292] Successors: []
NodeName: Entry[283] Successors: [Exit[284]]
NodeName: Exit[284] Successors: []
NodeName: Entry[314] Successors: [Exit[315]]
NodeName: Exit[315] Successors: []
NodeName: Entry[306] Successors: [Exit[307]]
NodeName: Exit[307] Successors: []
NodeName: Entry[328] Successors: [SuperConstructorAccess[338]]
NodeName: SuperConstructorAccess[338] Successors: [Implicit[328]]
NodeName: Implicit[328] Successors: [Exit[328]]
NodeName: Exit[328] Successors: []
NodeName: Entry[338] Successors: [Exit[349]]
NodeName: Exit[349] Successors: []
NodeName: Entry[362] Successors: [Exit[363]]
NodeName: Exit[363] Successors: []
NodeName: Entry[354] Successors: [Exit[355]]
NodeName: Exit[355] Successors: []

NodeName: Exit[18] Predecessor: [Entry[17]]
NodeName: Entry[17] Predecessor: []
NodeName: Exit[10] Predecessor: [Entry[9]]
NodeName: Entry[9] Predecessor: []
NodeName: Exit[54] Predecessor: [MethodAccess[96], MethodAccess[132], MethodAccess[201]]
NodeName: MethodAccess[96] Predecessor: [StringLiteral[99]]
NodeName: StringLiteral[99] Predecessor: [VarAccess[95]]
NodeName: VarAccess[95] Predecessor: [TypeAccess[94]]
NodeName: TypeAccess[94] Predecessor: [ClassInstanceExpr[81]]
NodeName: ClassInstanceExpr[81] Predecessor: [Entry[31]]
NodeName: Entry[31] Predecessor: []
NodeName: MethodAccess[132] Predecessor: [StringLiteral[135]]
NodeName: StringLiteral[135] Predecessor: [VarAccess[131]]
NodeName: VarAccess[131] Predecessor: [TypeAccess[130]]
NodeName: TypeAccess[130] Predecessor: [NTACloseResource[118]]
NodeName: NTACloseResource[118] Predecessor: [ClassInstanceExpr[113]]
NodeName: ClassInstanceExpr[113] Predecessor: [ResourceDeclaration[58]]
NodeName: ResourceDeclaration[58] Predecessor: [ClassInstanceExpr[81]]
NodeName: MethodAccess[201] Predecessor: [StringLiteral[204]]
NodeName: StringLiteral[204] Predecessor: [VarAccess[200]]
NodeName: VarAccess[200] Predecessor: [TypeAccess[199]]
NodeName: TypeAccess[199] Predecessor: [MethodAccess[187]]
NodeName: MethodAccess[187] Predecessor: [StringLiteral[190]]
NodeName: StringLiteral[190] Predecessor: [VarAccess[186]]
NodeName: VarAccess[186] Predecessor: [TypeAccess[185]]
NodeName: TypeAccess[185] Predecessor: [ParameterDeclaration[176]]
NodeName: ParameterDeclaration[176] Predecessor: [UncheckedExceptions[155]]
NodeName: UncheckedExceptions[155] Predecessor: [NTACloseResource[170]]
NodeName: NTACloseResource[170] Predecessor: [NTACloseResource[166]]
NodeName: NTACloseResource[166] Predecessor: [ClassInstanceExpr[156]]
NodeName: ClassInstanceExpr[156] Predecessor: [ThrowStmt[154]]
NodeName: ThrowStmt[154] Predecessor: [MethodAccess[148]]
NodeName: MethodAccess[148] Predecessor: [StringLiteral[151]]
NodeName: StringLiteral[151] Predecessor: [VarAccess[147]]
NodeName: VarAccess[147] Predecessor: [TypeAccess[146]]
NodeName: TypeAccess[146] Predecessor: [ResourceDeclaration[105]]
NodeName: ResourceDeclaration[105] Predecessor: [ClassInstanceExpr[113]]
NodeName: Exit[219] Predecessor: [Entry[218]]
NodeName: Entry[218] Predecessor: []
NodeName: Exit[211] Predecessor: [Entry[210]]
NodeName: Entry[210] Predecessor: []
NodeName: Exit[232] Predecessor: [Implicit[232]]
NodeName: Implicit[232] Predecessor: [SuperConstructorAccess[242]]
NodeName: SuperConstructorAccess[242] Predecessor: [Entry[232]]
NodeName: Entry[232] Predecessor: []
NodeName: Exit[254] Predecessor: [Entry[242]]
NodeName: Entry[242] Predecessor: []
NodeName: Exit[268] Predecessor: [Entry[267]]
NodeName: Entry[267] Predecessor: []
NodeName: Exit[260] Predecessor: [Entry[259]]
NodeName: Entry[259] Predecessor: []
NodeName: Exit[292] Predecessor: [Entry[291]]
NodeName: Entry[291] Predecessor: []
NodeName: Exit[284] Predecessor: [Entry[283]]
NodeName: Entry[283] Predecessor: []
NodeName: Exit[315] Predecessor: [Entry[314]]
NodeName: Entry[314] Predecessor: []
NodeName: Exit[307] Predecessor: [Entry[306]]
NodeName: Entry[306] Predecessor: []
NodeName: Exit[328] Predecessor: [Implicit[328]]
NodeName: Implicit[328] Predecessor: [SuperConstructorAccess[338]]
NodeName: SuperConstructorAccess[338] Predecessor: [Entry[328]]
NodeName: Entry[328] Predecessor: []
NodeName: Exit[349] Predecessor: [Entry[338]]
NodeName: Entry[338] Predecessor: []
NodeName: Exit[363] Predecessor: [Entry[362]]
NodeName: Entry[362] Predecessor: []
NodeName: Exit[355] Predecessor: [Entry[354]]
NodeName: Entry[354] Predecessor: []
