NodeName: Entry[15] Successors: [ClassInstanceExpr[65]]
NodeName: ClassInstanceExpr[65] Successors: [ResourceDeclaration[42], TypeAccess[78]]
NodeName: ResourceDeclaration[42] Successors: [ClassInstanceExpr[97]]
NodeName: ClassInstanceExpr[97] Successors: [ResourceDeclaration[89], NTACloseResource[102]]
NodeName: ResourceDeclaration[89] Successors: [TypeAccess[130]]
NodeName: TypeAccess[130] Successors: [VarAccess[131]]
NodeName: VarAccess[131] Successors: [StringLiteral[135]]
NodeName: StringLiteral[135] Successors: [MethodAccess[132]]
NodeName: MethodAccess[132] Successors: [ThrowStmt[138]]
NodeName: ThrowStmt[138] Successors: [ClassInstanceExpr[140]]
NodeName: ClassInstanceExpr[140] Successors: [NTACloseResource[150]]
NodeName: NTACloseResource[150] Successors: [NTACloseResource[154]]
NodeName: NTACloseResource[154] Successors: [UncheckedExceptions[139]]
NodeName: UncheckedExceptions[139] Successors: [ParameterDeclaration[160]]
NodeName: ParameterDeclaration[160] Successors: [TypeAccess[169]]
NodeName: TypeAccess[169] Successors: [VarAccess[170]]
NodeName: VarAccess[170] Successors: [StringLiteral[174]]
NodeName: StringLiteral[174] Successors: [MethodAccess[171]]
NodeName: MethodAccess[171] Successors: [TypeAccess[183]]
NodeName: TypeAccess[183] Successors: [VarAccess[184]]
NodeName: VarAccess[184] Successors: [StringLiteral[188]]
NodeName: StringLiteral[188] Successors: [MethodAccess[185]]
NodeName: MethodAccess[185] Successors: [Exit[38]]
NodeName: Exit[38] Successors: []
NodeName: NTACloseResource[102] Successors: [TypeAccess[114]]
NodeName: TypeAccess[114] Successors: [VarAccess[115]]
NodeName: VarAccess[115] Successors: [StringLiteral[119]]
NodeName: StringLiteral[119] Successors: [MethodAccess[116]]
NodeName: MethodAccess[116] Successors: [Exit[38]]
NodeName: TypeAccess[78] Successors: [VarAccess[79]]
NodeName: VarAccess[79] Successors: [StringLiteral[83]]
NodeName: StringLiteral[83] Successors: [MethodAccess[80]]
NodeName: MethodAccess[80] Successors: [Exit[38]]
NodeName: Entry[200] Successors: [SuperConstructorAccess[210]]
NodeName: SuperConstructorAccess[210] Successors: [Implicit[200]]
NodeName: Implicit[200] Successors: [Exit[200]]
NodeName: Exit[200] Successors: []
NodeName: Entry[210] Successors: [Exit[222]]
NodeName: Exit[222] Successors: []
NodeName: Entry[248] Successors: [SuperConstructorAccess[258]]
NodeName: SuperConstructorAccess[258] Successors: [Implicit[248]]
NodeName: Implicit[248] Successors: [Exit[248]]
NodeName: Exit[248] Successors: []
NodeName: Entry[258] Successors: [Exit[269]]
NodeName: Exit[269] Successors: []

NodeName: Exit[38] Predecessor: [MethodAccess[80], MethodAccess[116], MethodAccess[185]]
NodeName: MethodAccess[80] Predecessor: [StringLiteral[83]]
NodeName: StringLiteral[83] Predecessor: [VarAccess[79]]
NodeName: VarAccess[79] Predecessor: [TypeAccess[78]]
NodeName: TypeAccess[78] Predecessor: [ClassInstanceExpr[65]]
NodeName: ClassInstanceExpr[65] Predecessor: [Entry[15]]
NodeName: Entry[15] Predecessor: []
NodeName: MethodAccess[116] Predecessor: [StringLiteral[119]]
NodeName: StringLiteral[119] Predecessor: [VarAccess[115]]
NodeName: VarAccess[115] Predecessor: [TypeAccess[114]]
NodeName: TypeAccess[114] Predecessor: [NTACloseResource[102]]
NodeName: NTACloseResource[102] Predecessor: [ClassInstanceExpr[97]]
NodeName: ClassInstanceExpr[97] Predecessor: [ResourceDeclaration[42]]
NodeName: ResourceDeclaration[42] Predecessor: [ClassInstanceExpr[65]]
NodeName: MethodAccess[185] Predecessor: [StringLiteral[188]]
NodeName: StringLiteral[188] Predecessor: [VarAccess[184]]
NodeName: VarAccess[184] Predecessor: [TypeAccess[183]]
NodeName: TypeAccess[183] Predecessor: [MethodAccess[171]]
NodeName: MethodAccess[171] Predecessor: [StringLiteral[174]]
NodeName: StringLiteral[174] Predecessor: [VarAccess[170]]
NodeName: VarAccess[170] Predecessor: [TypeAccess[169]]
NodeName: TypeAccess[169] Predecessor: [ParameterDeclaration[160]]
NodeName: ParameterDeclaration[160] Predecessor: [UncheckedExceptions[139]]
NodeName: UncheckedExceptions[139] Predecessor: [NTACloseResource[154]]
NodeName: NTACloseResource[154] Predecessor: [NTACloseResource[150]]
NodeName: NTACloseResource[150] Predecessor: [ClassInstanceExpr[140]]
NodeName: ClassInstanceExpr[140] Predecessor: [ThrowStmt[138]]
NodeName: ThrowStmt[138] Predecessor: [MethodAccess[132]]
NodeName: MethodAccess[132] Predecessor: [StringLiteral[135]]
NodeName: StringLiteral[135] Predecessor: [VarAccess[131]]
NodeName: VarAccess[131] Predecessor: [TypeAccess[130]]
NodeName: TypeAccess[130] Predecessor: [ResourceDeclaration[89]]
NodeName: ResourceDeclaration[89] Predecessor: [ClassInstanceExpr[97]]
NodeName: Exit[200] Predecessor: [Implicit[200]]
NodeName: Implicit[200] Predecessor: [SuperConstructorAccess[210]]
NodeName: SuperConstructorAccess[210] Predecessor: [Entry[200]]
NodeName: Entry[200] Predecessor: []
NodeName: Exit[222] Predecessor: [Entry[210]]
NodeName: Entry[210] Predecessor: []
NodeName: Exit[248] Predecessor: [Implicit[248]]
NodeName: Implicit[248] Predecessor: [SuperConstructorAccess[258]]
NodeName: SuperConstructorAccess[258] Predecessor: [Entry[248]]
NodeName: Entry[248] Predecessor: []
NodeName: Exit[269] Predecessor: [Entry[258]]
NodeName: Entry[258] Predecessor: []
