NodeName: Entry[12] Successors: [MethodAccess[28]]
NodeName: MethodAccess[28] Successors: [VariableDeclarator[38], UncheckedExceptions[29]]
NodeName: VariableDeclarator[38] Successors: [UncheckedExceptions[63]]
NodeName: UncheckedExceptions[63] Successors: [UncheckedExceptions[106], Exit[19]]
NodeName: UncheckedExceptions[106] Successors: [VariableDeclarator[113], Exit[19]]
NodeName: VariableDeclarator[113] Successors: [Exit[19]]
NodeName: Exit[19] Successors: []
NodeName: UncheckedExceptions[29] Successors: [CatchParameterDeclaration[86], Exit[19]]
NodeName: CatchParameterDeclaration[86] Successors: [TypeAccess[97]]
NodeName: TypeAccess[97] Successors: [VarAccess[98]]
NodeName: VarAccess[98] Successors: [StringLiteral[102]]
NodeName: StringLiteral[102] Successors: [MethodAccess[99]]
NodeName: MethodAccess[99] Successors: [VariableDeclarator[113]]
NodeName: Entry[117] Successors: [Exit[126]]
NodeName: Exit[126] Successors: []

NodeName: Exit[19] Predecessor: [UncheckedExceptions[106], UncheckedExceptions[63], UncheckedExceptions[29], VariableDeclarator[113]]
NodeName: UncheckedExceptions[106] Predecessor: [UncheckedExceptions[63]]
NodeName: UncheckedExceptions[63] Predecessor: [VariableDeclarator[38]]
NodeName: VariableDeclarator[38] Predecessor: [MethodAccess[28]]
NodeName: MethodAccess[28] Predecessor: [Entry[12]]
NodeName: Entry[12] Predecessor: []
NodeName: UncheckedExceptions[29] Predecessor: [MethodAccess[28]]
NodeName: VariableDeclarator[113] Predecessor: [UncheckedExceptions[106], MethodAccess[99]]
NodeName: MethodAccess[99] Predecessor: [StringLiteral[102]]
NodeName: StringLiteral[102] Predecessor: [VarAccess[98]]
NodeName: VarAccess[98] Predecessor: [TypeAccess[97]]
NodeName: TypeAccess[97] Predecessor: [CatchParameterDeclaration[86]]
NodeName: CatchParameterDeclaration[86] Predecessor: [UncheckedExceptions[29]]
NodeName: Exit[126] Predecessor: [Entry[117]]
NodeName: Entry[117] Predecessor: []
