NodeName: Entry[13] Successors: [IntegerLiteral[23]]
NodeName: IntegerLiteral[23] Successors: [VariableDeclarator[20]]
NodeName: VariableDeclarator[20] Successors: [IntegerLiteral[27]]
NodeName: IntegerLiteral[27] Successors: [VariableDeclarator[24]]
NodeName: VariableDeclarator[24] Successors: [IntegerLiteral[34]]
NodeName: IntegerLiteral[34] Successors: [AssignSimpleExpr[32]]
NodeName: AssignSimpleExpr[32] Successors: [VarAccess[37]]
NodeName: VarAccess[37] Successors: [IntegerLiteral[38]]
NodeName: IntegerLiteral[38] Successors: [GTExpr[36]]
NodeName: GTExpr[36] Successors: [IntegerLiteral[34], VarAccess[40]]
NodeName: VarAccess[40] Successors: [IntegerLiteral[41]]
NodeName: IntegerLiteral[41] Successors: [LTExpr[39]]
NodeName: LTExpr[39] Successors: [IntegerLiteral[34], IntegerLiteral[45]]
NodeName: IntegerLiteral[45] Successors: [AssignSimpleExpr[43]]
NodeName: AssignSimpleExpr[43] Successors: [Exit[13]]
NodeName: Exit[13] Successors: []

NodeName: Exit[13] Predecessor: [AssignSimpleExpr[43]]
NodeName: AssignSimpleExpr[43] Predecessor: [IntegerLiteral[45]]
NodeName: IntegerLiteral[45] Predecessor: [LTExpr[39]]
NodeName: LTExpr[39] Predecessor: [IntegerLiteral[41]]
NodeName: IntegerLiteral[41] Predecessor: [VarAccess[40]]
NodeName: VarAccess[40] Predecessor: [GTExpr[36]]
NodeName: GTExpr[36] Predecessor: [IntegerLiteral[38]]
NodeName: IntegerLiteral[38] Predecessor: [VarAccess[37]]
NodeName: VarAccess[37] Predecessor: [AssignSimpleExpr[32]]
NodeName: AssignSimpleExpr[32] Predecessor: [IntegerLiteral[34]]
NodeName: IntegerLiteral[34] Predecessor: [VariableDeclarator[24], GTExpr[36], LTExpr[39]]
NodeName: VariableDeclarator[24] Predecessor: [IntegerLiteral[27]]
NodeName: IntegerLiteral[27] Predecessor: [VariableDeclarator[20]]
NodeName: VariableDeclarator[20] Predecessor: [IntegerLiteral[23]]
NodeName: IntegerLiteral[23] Predecessor: [Entry[13]]
NodeName: Entry[13] Predecessor: []
