NodeName: Entry[15] Successors: [Exit[16]]
NodeName: Exit[16] Successors: []
NodeName: Entry[7] Successors: [IntegerLiteral[39]]
NodeName: IntegerLiteral[39] Successors: [VariableDeclarator[36]]
NodeName: VariableDeclarator[36] Successors: [IntegerLiteral[43]]
NodeName: IntegerLiteral[43] Successors: [VariableDeclarator[40]]
NodeName: VariableDeclarator[40] Successors: [IntegerLiteral[50]]
NodeName: IntegerLiteral[50] Successors: [AssignSimpleExpr[48]]
NodeName: AssignSimpleExpr[48] Successors: [VarAccess[53]]
NodeName: VarAccess[53] Successors: [IntegerLiteral[54]]
NodeName: IntegerLiteral[54] Successors: [GTExpr[52]]
NodeName: GTExpr[52] Successors: [IntegerLiteral[50], VarAccess[56]]
NodeName: VarAccess[56] Successors: [IntegerLiteral[57]]
NodeName: IntegerLiteral[57] Successors: [LTExpr[55]]
NodeName: LTExpr[55] Successors: [IntegerLiteral[50], IntegerLiteral[61]]
NodeName: IntegerLiteral[61] Successors: [AssignSimpleExpr[59]]
NodeName: AssignSimpleExpr[59] Successors: [Exit[8]]
NodeName: Exit[8] Successors: []

NodeName: Exit[16] Predecessor: [Entry[15]]
NodeName: Entry[15] Predecessor: []
NodeName: Exit[8] Predecessor: [AssignSimpleExpr[59]]
NodeName: AssignSimpleExpr[59] Predecessor: [IntegerLiteral[61]]
NodeName: IntegerLiteral[61] Predecessor: [LTExpr[55]]
NodeName: LTExpr[55] Predecessor: [IntegerLiteral[57]]
NodeName: IntegerLiteral[57] Predecessor: [VarAccess[56]]
NodeName: VarAccess[56] Predecessor: [GTExpr[52]]
NodeName: GTExpr[52] Predecessor: [IntegerLiteral[54]]
NodeName: IntegerLiteral[54] Predecessor: [VarAccess[53]]
NodeName: VarAccess[53] Predecessor: [AssignSimpleExpr[48]]
NodeName: AssignSimpleExpr[48] Predecessor: [IntegerLiteral[50]]
NodeName: IntegerLiteral[50] Predecessor: [VariableDeclarator[40], GTExpr[52], LTExpr[55]]
NodeName: VariableDeclarator[40] Predecessor: [IntegerLiteral[43]]
NodeName: IntegerLiteral[43] Predecessor: [VariableDeclarator[36]]
NodeName: VariableDeclarator[36] Predecessor: [IntegerLiteral[39]]
NodeName: IntegerLiteral[39] Predecessor: [Entry[7]]
NodeName: Entry[7] Predecessor: []
