NodeName: Entry[13] Successors: [ImplicitCondition[39]]
NodeName: ImplicitCondition[39] Successors: [VariableDeclarator[33], Exit[20]]
NodeName: VariableDeclarator[33] Successors: [ImplicitCondition[39]]
NodeName: Exit[20] Successors: []

NodeName: Exit[20] Predecessor: [ImplicitCondition[39]]
NodeName: ImplicitCondition[39] Predecessor: [Entry[13], VariableDeclarator[33]]
NodeName: Entry[13] Predecessor: []
NodeName: VariableDeclarator[33] Predecessor: [ImplicitCondition[39]]
