NodeName: Entry[15] Successors: [Exit[16]]
NodeName: Exit[16] Successors: []
NodeName: Entry[7] Successors: [Exit[8]]
NodeName: Exit[8] Successors: []
NodeName: Entry[29] Successors: [ImplicitCondition[55]]
NodeName: ImplicitCondition[55] Successors: [VariableDeclarator[49], Exit[36]]
NodeName: VariableDeclarator[49] Successors: [ImplicitCondition[55]]
NodeName: Exit[36] Successors: []

NodeName: Exit[16] Predecessor: [Entry[15]]
NodeName: Entry[15] Predecessor: []
NodeName: Exit[8] Predecessor: [Entry[7]]
NodeName: Entry[7] Predecessor: []
NodeName: Exit[36] Predecessor: [ImplicitCondition[55]]
NodeName: ImplicitCondition[55] Predecessor: [Entry[29], VariableDeclarator[49]]
NodeName: Entry[29] Predecessor: []
NodeName: VariableDeclarator[49] Predecessor: [ImplicitCondition[55]]
