NodeName: Entry[15] Successors: [Exit[16]]
NodeName: Exit[16] Successors: []
NodeName: Entry[7] Successors: [Exit[8]]
NodeName: Exit[8] Successors: []
NodeName: Entry[29] Successors: [VarAccess[49]]
NodeName: VarAccess[49] Successors: [MethodAccess[53], VariableDeclarator[76]]
NodeName: MethodAccess[53] Successors: [VariableDeclarator[76], UncheckedExceptions[54]]
NodeName: VariableDeclarator[76] Successors: [UncheckedExceptions[106]]
NodeName: UncheckedExceptions[106] Successors: [VariableDeclarator[103]]
NodeName: VariableDeclarator[103] Successors: [UncheckedExceptions[134], VariableDeclarator[131]]
NodeName: UncheckedExceptions[134] Successors: [VariableDeclarator[131]]
NodeName: VariableDeclarator[131] Successors: [VariableDeclarator[140], Exit[40]]
NodeName: VariableDeclarator[140] Successors: [Exit[40]]
NodeName: Exit[40] Successors: []
NodeName: UncheckedExceptions[54] Successors: [VariableDeclarator[67]]
NodeName: VariableDeclarator[67] Successors: [ParameterDeclaration[109], VariableDeclarator[131]]
NodeName: ParameterDeclaration[109] Successors: [VariableDeclarator[120]]
NodeName: VariableDeclarator[120] Successors: [VariableDeclarator[131]]
NodeName: Entry[144] Successors: [Exit[152]]
NodeName: Exit[152] Successors: []
NodeName: Entry[165] Successors: [Exit[166]]
NodeName: Exit[166] Successors: []
NodeName: Entry[157] Successors: [Exit[158]]
NodeName: Exit[158] Successors: []
NodeName: Entry[189] Successors: [Exit[190]]
NodeName: Exit[190] Successors: []
NodeName: Entry[181] Successors: [Exit[182]]
NodeName: Exit[182] Successors: []

NodeName: Exit[16] Predecessor: [Entry[15]]
NodeName: Entry[15] Predecessor: []
NodeName: Exit[8] Predecessor: [Entry[7]]
NodeName: Entry[7] Predecessor: []
NodeName: Exit[40] Predecessor: [VariableDeclarator[131], VariableDeclarator[140]]
NodeName: VariableDeclarator[131] Predecessor: [UncheckedExceptions[134], VariableDeclarator[67], VariableDeclarator[103], VariableDeclarator[120]]
NodeName: UncheckedExceptions[134] Predecessor: [VariableDeclarator[103]]
NodeName: VariableDeclarator[103] Predecessor: [UncheckedExceptions[106]]
NodeName: UncheckedExceptions[106] Predecessor: [VariableDeclarator[76]]
NodeName: VariableDeclarator[76] Predecessor: [VarAccess[49], MethodAccess[53]]
NodeName: VarAccess[49] Predecessor: [Entry[29]]
NodeName: Entry[29] Predecessor: []
NodeName: MethodAccess[53] Predecessor: [VarAccess[49]]
NodeName: VariableDeclarator[67] Predecessor: [UncheckedExceptions[54]]
NodeName: UncheckedExceptions[54] Predecessor: [MethodAccess[53]]
NodeName: VariableDeclarator[120] Predecessor: [ParameterDeclaration[109]]
NodeName: ParameterDeclaration[109] Predecessor: [VariableDeclarator[67]]
NodeName: VariableDeclarator[140] Predecessor: [VariableDeclarator[131]]
NodeName: Exit[152] Predecessor: [Entry[144]]
NodeName: Entry[144] Predecessor: []
NodeName: Exit[166] Predecessor: [Entry[165]]
NodeName: Entry[165] Predecessor: []
NodeName: Exit[158] Predecessor: [Entry[157]]
NodeName: Entry[157] Predecessor: []
NodeName: Exit[190] Predecessor: [Entry[189]]
NodeName: Entry[189] Predecessor: []
NodeName: Exit[182] Predecessor: [Entry[181]]
NodeName: Entry[181] Predecessor: []
