NodeName: Entry[13] Successors: [VarAccess[33]]
NodeName: VarAccess[33] Successors: [MethodAccess[37], VariableDeclarator[60]]
NodeName: MethodAccess[37] Successors: [VariableDeclarator[60], UncheckedExceptions[38]]
NodeName: VariableDeclarator[60] Successors: [UncheckedExceptions[90]]
NodeName: UncheckedExceptions[90] Successors: [VariableDeclarator[87]]
NodeName: VariableDeclarator[87] Successors: [UncheckedExceptions[118], VariableDeclarator[115]]
NodeName: UncheckedExceptions[118] Successors: [VariableDeclarator[115]]
NodeName: VariableDeclarator[115] Successors: [VariableDeclarator[124], Exit[24]]
NodeName: VariableDeclarator[124] Successors: [Exit[24]]
NodeName: Exit[24] Successors: []
NodeName: UncheckedExceptions[38] Successors: [VariableDeclarator[51]]
NodeName: VariableDeclarator[51] Successors: [ParameterDeclaration[93], VariableDeclarator[115]]
NodeName: ParameterDeclaration[93] Successors: [VariableDeclarator[104]]
NodeName: VariableDeclarator[104] Successors: [VariableDeclarator[115]]
NodeName: Entry[128] Successors: [Exit[136]]
NodeName: Exit[136] Successors: []

NodeName: Exit[24] Predecessor: [VariableDeclarator[115], VariableDeclarator[124]]
NodeName: VariableDeclarator[115] Predecessor: [UncheckedExceptions[118], VariableDeclarator[51], VariableDeclarator[87], VariableDeclarator[104]]
NodeName: UncheckedExceptions[118] Predecessor: [VariableDeclarator[87]]
NodeName: VariableDeclarator[87] Predecessor: [UncheckedExceptions[90]]
NodeName: UncheckedExceptions[90] Predecessor: [VariableDeclarator[60]]
NodeName: VariableDeclarator[60] Predecessor: [VarAccess[33], MethodAccess[37]]
NodeName: VarAccess[33] Predecessor: [Entry[13]]
NodeName: Entry[13] Predecessor: []
NodeName: MethodAccess[37] Predecessor: [VarAccess[33]]
NodeName: VariableDeclarator[51] Predecessor: [UncheckedExceptions[38]]
NodeName: UncheckedExceptions[38] Predecessor: [MethodAccess[37]]
NodeName: VariableDeclarator[104] Predecessor: [ParameterDeclaration[93]]
NodeName: ParameterDeclaration[93] Predecessor: [VariableDeclarator[51]]
NodeName: VariableDeclarator[124] Predecessor: [VariableDeclarator[115]]
NodeName: Exit[136] Predecessor: [Entry[128]]
NodeName: Entry[128] Predecessor: []
