NodeName: Entry[31] Successors: [SuperConstructorAccess[60]]
NodeName: SuperConstructorAccess[60] Successors: [Implicit[31]]
NodeName: Implicit[31] Successors: [TypeAccess[49]]
NodeName: TypeAccess[49] Successors: [VarAccess[50]]
NodeName: VarAccess[50] Successors: [VarAccess[55]]
NodeName: VarAccess[55] Successors: [VarAccess[56]]
NodeName: VarAccess[56] Successors: [AddExpr[54]]
NodeName: AddExpr[54] Successors: [MethodAccess[51]]
NodeName: MethodAccess[51] Successors: [Exit[31]]
NodeName: Exit[31] Successors: []

NodeName: Exit[31] Predecessor: [MethodAccess[51]]
NodeName: MethodAccess[51] Predecessor: [AddExpr[54]]
NodeName: AddExpr[54] Predecessor: [VarAccess[56]]
NodeName: VarAccess[56] Predecessor: [VarAccess[55]]
NodeName: VarAccess[55] Predecessor: [VarAccess[50]]
NodeName: VarAccess[50] Predecessor: [TypeAccess[49]]
NodeName: TypeAccess[49] Predecessor: [Implicit[31]]
NodeName: Implicit[31] Predecessor: [SuperConstructorAccess[60]]
NodeName: SuperConstructorAccess[60] Predecessor: [Entry[31]]
NodeName: Entry[31] Predecessor: []
