NodeName: Entry[13] Successors: [IntegerLiteral[33]]
NodeName: IntegerLiteral[33] Successors: [VariableDeclarator[30]]
NodeName: VariableDeclarator[30] Successors: [VarAccess[36]]
NodeName: VarAccess[36] Successors: [IntegerLiteral[37]]
NodeName: IntegerLiteral[37] Successors: [GTExpr[35]]
NodeName: GTExpr[35] Successors: [UncheckedExceptions[39], UncheckedExceptions[67]]
NodeName: UncheckedExceptions[39] Successors: [VariableDeclarator[50]]
NodeName: VariableDeclarator[50] Successors: [ReturnStmt[38], Exit[20]]
NodeName: ReturnStmt[38] Successors: [Exit[20]]
NodeName: Exit[20] Successors: []
NodeName: UncheckedExceptions[67] Successors: [VariableDeclarator[64]]
NodeName: VariableDeclarator[64] Successors: [VariableDeclarator[73], Exit[20]]
NodeName: VariableDeclarator[73] Successors: [Exit[20]]

NodeName: Exit[20] Predecessor: [ReturnStmt[38], VariableDeclarator[50], VariableDeclarator[64], VariableDeclarator[73]]
NodeName: ReturnStmt[38] Predecessor: [VariableDeclarator[50]]
NodeName: VariableDeclarator[50] Predecessor: [UncheckedExceptions[39]]
NodeName: UncheckedExceptions[39] Predecessor: [GTExpr[35]]
NodeName: GTExpr[35] Predecessor: [IntegerLiteral[37]]
NodeName: IntegerLiteral[37] Predecessor: [VarAccess[36]]
NodeName: VarAccess[36] Predecessor: [VariableDeclarator[30]]
NodeName: VariableDeclarator[30] Predecessor: [IntegerLiteral[33]]
NodeName: IntegerLiteral[33] Predecessor: [Entry[13]]
NodeName: Entry[13] Predecessor: []
NodeName: VariableDeclarator[64] Predecessor: [UncheckedExceptions[67]]
NodeName: UncheckedExceptions[67] Predecessor: [GTExpr[35]]
NodeName: VariableDeclarator[73] Predecessor: [VariableDeclarator[64]]
