NodeName: Entry[13] Successors: [MethodAccess[26]]
NodeName: MethodAccess[26] Successors: [UncheckedExceptions[46], UncheckedExceptions[27]]
NodeName: UncheckedExceptions[46] Successors: [Exit[20]]
NodeName: Exit[20] Successors: []
NodeName: UncheckedExceptions[27] Successors: [Exit[20]]
NodeName: Entry[48] Successors: [Exit[56]]
NodeName: Exit[56] Successors: []

NodeName: Exit[20] Predecessor: [UncheckedExceptions[46], UncheckedExceptions[27]]
NodeName: UncheckedExceptions[46] Predecessor: [MethodAccess[26]]
NodeName: MethodAccess[26] Predecessor: [Entry[13]]
NodeName: Entry[13] Predecessor: []
NodeName: UncheckedExceptions[27] Predecessor: [MethodAccess[26]]
NodeName: Exit[56] Predecessor: [Entry[48]]
NodeName: Entry[48] Predecessor: []
