NodeName: Entry[15] Successors: [Exit[16]]
NodeName: Exit[16] Successors: []
NodeName: Entry[7] Successors: [Exit[8]]
NodeName: Exit[8] Successors: []
NodeName: Entry[29] Successors: [MethodAccess[42]]
NodeName: MethodAccess[42] Successors: [UncheckedExceptions[62], UncheckedExceptions[43]]
NodeName: UncheckedExceptions[62] Successors: [Exit[36]]
NodeName: Exit[36] Successors: []
NodeName: UncheckedExceptions[43] Successors: [Exit[36]]
NodeName: Entry[64] Successors: [Exit[72]]
NodeName: Exit[72] Successors: []
NodeName: Entry[84] Successors: [Exit[85]]
NodeName: Exit[85] Successors: []
NodeName: Entry[76] Successors: [Exit[77]]
NodeName: Exit[77] Successors: []
NodeName: Entry[107] Successors: [Exit[108]]
NodeName: Exit[108] Successors: []
NodeName: Entry[99] Successors: [Exit[100]]
NodeName: Exit[100] Successors: []

NodeName: Exit[16] Predecessor: [Entry[15]]
NodeName: Entry[15] Predecessor: []
NodeName: Exit[8] Predecessor: [Entry[7]]
NodeName: Entry[7] Predecessor: []
NodeName: Exit[36] Predecessor: [UncheckedExceptions[62], UncheckedExceptions[43]]
NodeName: UncheckedExceptions[62] Predecessor: [MethodAccess[42]]
NodeName: MethodAccess[42] Predecessor: [Entry[29]]
NodeName: Entry[29] Predecessor: []
NodeName: UncheckedExceptions[43] Predecessor: [MethodAccess[42]]
NodeName: Exit[72] Predecessor: [Entry[64]]
NodeName: Entry[64] Predecessor: []
NodeName: Exit[85] Predecessor: [Entry[84]]
NodeName: Entry[84] Predecessor: []
NodeName: Exit[77] Predecessor: [Entry[76]]
NodeName: Entry[76] Predecessor: []
NodeName: Exit[108] Predecessor: [Entry[107]]
NodeName: Entry[107] Predecessor: []
NodeName: Exit[100] Predecessor: [Entry[99]]
NodeName: Entry[99] Predecessor: []
