NodeName: Entry[15] Successors: [Exit[16]]
NodeName: Exit[16] Successors: []
NodeName: Entry[7] Successors: [BooleanLiteral[39]]
NodeName: BooleanLiteral[39] Successors: [VariableDeclarator[36]]
NodeName: VariableDeclarator[36] Successors: [VarAccess[43]]
NodeName: VarAccess[43] Successors: [TypeAccess[50], Exit[8]]
NodeName: TypeAccess[50] Successors: [VarAccess[51]]
NodeName: VarAccess[51] Successors: [StringLiteral[55]]
NodeName: StringLiteral[55] Successors: [MethodAccess[52]]
NodeName: MethodAccess[52] Successors: [VarAccess[43]]
NodeName: Exit[8] Successors: []

NodeName: Exit[16] Predecessor: [Entry[15]]
NodeName: Entry[15] Predecessor: []
NodeName: Exit[8] Predecessor: [VarAccess[43]]
NodeName: VarAccess[43] Predecessor: [VariableDeclarator[36], MethodAccess[52]]
NodeName: VariableDeclarator[36] Predecessor: [BooleanLiteral[39]]
NodeName: BooleanLiteral[39] Predecessor: [Entry[7]]
NodeName: Entry[7] Predecessor: []
NodeName: MethodAccess[52] Predecessor: [StringLiteral[55]]
NodeName: StringLiteral[55] Predecessor: [VarAccess[51]]
NodeName: VarAccess[51] Predecessor: [TypeAccess[50]]
NodeName: TypeAccess[50] Predecessor: [VarAccess[43]]
