NodeName: Entry[15] Successors: [Exit[16]]
NodeName: Exit[16] Successors: []
NodeName: Entry[7] Successors: [BooleanLiteral[37]]
NodeName: BooleanLiteral[37] Successors: [BooleanLiteral[38], FieldDeclarator[33]]
NodeName: BooleanLiteral[38] Successors: [FieldDeclarator[33]]
NodeName: FieldDeclarator[33] Successors: [Exit[8]]
NodeName: Exit[8] Successors: []

NodeName: Exit[16] Predecessor: [Entry[15]]
NodeName: Entry[15] Predecessor: []
NodeName: Exit[8] Predecessor: [FieldDeclarator[33]]
NodeName: FieldDeclarator[33] Predecessor: [BooleanLiteral[37], BooleanLiteral[38]]
NodeName: BooleanLiteral[37] Predecessor: [Entry[7]]
NodeName: Entry[7] Predecessor: []
NodeName: BooleanLiteral[38] Predecessor: [BooleanLiteral[37]]
