NodeName: Entry[15] Successors: [IntegerLiteral[37]]
NodeName: IntegerLiteral[37] Successors: [FieldDeclarator[34]]
NodeName: FieldDeclarator[34] Successors: [Exit[16]]
NodeName: Exit[16] Successors: []
NodeName: Entry[7] Successors: [Exit[8]]
NodeName: Exit[8] Successors: []

NodeName: Exit[16] Predecessor: [FieldDeclarator[34]]
NodeName: FieldDeclarator[34] Predecessor: [IntegerLiteral[37]]
NodeName: IntegerLiteral[37] Predecessor: [Entry[15]]
NodeName: Entry[15] Predecessor: []
NodeName: Exit[8] Predecessor: [Entry[7]]
NodeName: Entry[7] Predecessor: []
