NodeName: Entry[13] Successors: [VariableDeclarator[20]]
NodeName: VariableDeclarator[20] Successors: [VariableDeclarator[28]]
NodeName: VariableDeclarator[28] Successors: [IntegerLiteral[39]]
NodeName: IntegerLiteral[39] Successors: [VariableDeclarator[36]]
NodeName: VariableDeclarator[36] Successors: [IntegerLiteral[48]]
NodeName: IntegerLiteral[48] Successors: [VariableDeclarator[45]]
NodeName: VariableDeclarator[45] Successors: [BooleanLiteral[60]]
NodeName: BooleanLiteral[60] Successors: [BooleanLiteral[61], VariableDeclarator[56]]
NodeName: BooleanLiteral[61] Successors: [VariableDeclarator[56]]
NodeName: VariableDeclarator[56] Successors: [BooleanLiteral[66]]
NodeName: BooleanLiteral[66] Successors: [VariableDeclarator[62], BooleanLiteral[67]]
NodeName: VariableDeclarator[62] Successors: [VarAccess[70]]
NodeName: VarAccess[70] Successors: [IntegerLiteral[71]]
NodeName: IntegerLiteral[71] Successors: [LTExpr[69]]
NodeName: LTExpr[69] Successors: [IntegerLiteral[84], VariableDeclarator[90]]
NodeName: IntegerLiteral[84] Successors: [AssignSimpleExpr[82]]
NodeName: AssignSimpleExpr[82] Successors: [PostIncExpr[74]]
NodeName: PostIncExpr[74] Successors: [PostDecExpr[77]]
NodeName: PostDecExpr[77] Successors: [VarAccess[70]]
NodeName: VariableDeclarator[90] Successors: [Exit[13]]
NodeName: Exit[13] Successors: []
NodeName: BooleanLiteral[67] Successors: [VariableDeclarator[62]]

NodeName: Exit[13] Predecessor: [VariableDeclarator[90]]
NodeName: VariableDeclarator[90] Predecessor: [LTExpr[69]]
NodeName: LTExpr[69] Predecessor: [IntegerLiteral[71]]
NodeName: IntegerLiteral[71] Predecessor: [VarAccess[70]]
NodeName: VarAccess[70] Predecessor: [VariableDeclarator[62], PostDecExpr[77]]
NodeName: VariableDeclarator[62] Predecessor: [BooleanLiteral[66], BooleanLiteral[67]]
NodeName: BooleanLiteral[66] Predecessor: [VariableDeclarator[56]]
NodeName: VariableDeclarator[56] Predecessor: [BooleanLiteral[60], BooleanLiteral[61]]
NodeName: BooleanLiteral[60] Predecessor: [VariableDeclarator[45]]
NodeName: VariableDeclarator[45] Predecessor: [IntegerLiteral[48]]
NodeName: IntegerLiteral[48] Predecessor: [VariableDeclarator[36]]
NodeName: VariableDeclarator[36] Predecessor: [IntegerLiteral[39]]
NodeName: IntegerLiteral[39] Predecessor: [VariableDeclarator[28]]
NodeName: VariableDeclarator[28] Predecessor: [VariableDeclarator[20]]
NodeName: VariableDeclarator[20] Predecessor: [Entry[13]]
NodeName: Entry[13] Predecessor: []
NodeName: BooleanLiteral[61] Predecessor: [BooleanLiteral[60]]
NodeName: BooleanLiteral[67] Predecessor: [BooleanLiteral[66]]
NodeName: PostDecExpr[77] Predecessor: [PostIncExpr[74]]
NodeName: PostIncExpr[74] Predecessor: [AssignSimpleExpr[82]]
NodeName: AssignSimpleExpr[82] Predecessor: [IntegerLiteral[84]]
NodeName: IntegerLiteral[84] Predecessor: [LTExpr[69]]
