NodeName: Entry[15] Successors: [Exit[16]]
NodeName: Exit[16] Successors: []
NodeName: Entry[7] Successors: [VariableDeclarator[36]]
NodeName: VariableDeclarator[36] Successors: [VariableDeclarator[44]]
NodeName: VariableDeclarator[44] Successors: [IntegerLiteral[55]]
NodeName: IntegerLiteral[55] Successors: [VariableDeclarator[52]]
NodeName: VariableDeclarator[52] Successors: [IntegerLiteral[64]]
NodeName: IntegerLiteral[64] Successors: [VariableDeclarator[61]]
NodeName: VariableDeclarator[61] Successors: [BooleanLiteral[76]]
NodeName: BooleanLiteral[76] Successors: [BooleanLiteral[77], VariableDeclarator[72]]
NodeName: BooleanLiteral[77] Successors: [VariableDeclarator[72]]
NodeName: VariableDeclarator[72] Successors: [BooleanLiteral[82]]
NodeName: BooleanLiteral[82] Successors: [VariableDeclarator[78], BooleanLiteral[83]]
NodeName: VariableDeclarator[78] Successors: [VarAccess[86]]
NodeName: VarAccess[86] Successors: [IntegerLiteral[87]]
NodeName: IntegerLiteral[87] Successors: [LTExpr[85]]
NodeName: LTExpr[85] Successors: [IntegerLiteral[100], VariableDeclarator[106]]
NodeName: IntegerLiteral[100] Successors: [AssignSimpleExpr[98]]
NodeName: AssignSimpleExpr[98] Successors: [PostIncExpr[90]]
NodeName: PostIncExpr[90] Successors: [PostDecExpr[93]]
NodeName: PostDecExpr[93] Successors: [VarAccess[86]]
NodeName: VariableDeclarator[106] Successors: [Exit[8]]
NodeName: Exit[8] Successors: []
NodeName: BooleanLiteral[83] Successors: [VariableDeclarator[78]]

NodeName: Exit[16] Predecessor: [Entry[15]]
NodeName: Entry[15] Predecessor: []
NodeName: Exit[8] Predecessor: [VariableDeclarator[106]]
NodeName: VariableDeclarator[106] Predecessor: [LTExpr[85]]
NodeName: LTExpr[85] Predecessor: [IntegerLiteral[87]]
NodeName: IntegerLiteral[87] Predecessor: [VarAccess[86]]
NodeName: VarAccess[86] Predecessor: [VariableDeclarator[78], PostDecExpr[93]]
NodeName: VariableDeclarator[78] Predecessor: [BooleanLiteral[82], BooleanLiteral[83]]
NodeName: BooleanLiteral[82] Predecessor: [VariableDeclarator[72]]
NodeName: VariableDeclarator[72] Predecessor: [BooleanLiteral[76], BooleanLiteral[77]]
NodeName: BooleanLiteral[76] Predecessor: [VariableDeclarator[61]]
NodeName: VariableDeclarator[61] Predecessor: [IntegerLiteral[64]]
NodeName: IntegerLiteral[64] Predecessor: [VariableDeclarator[52]]
NodeName: VariableDeclarator[52] Predecessor: [IntegerLiteral[55]]
NodeName: IntegerLiteral[55] Predecessor: [VariableDeclarator[44]]
NodeName: VariableDeclarator[44] Predecessor: [VariableDeclarator[36]]
NodeName: VariableDeclarator[36] Predecessor: [Entry[7]]
NodeName: Entry[7] Predecessor: []
NodeName: BooleanLiteral[77] Predecessor: [BooleanLiteral[76]]
NodeName: BooleanLiteral[83] Predecessor: [BooleanLiteral[82]]
NodeName: PostDecExpr[93] Predecessor: [PostIncExpr[90]]
NodeName: PostIncExpr[90] Predecessor: [AssignSimpleExpr[98]]
NodeName: AssignSimpleExpr[98] Predecessor: [IntegerLiteral[100]]
NodeName: IntegerLiteral[100] Predecessor: [LTExpr[85]]
