NodeName: Entry[15] Successors: [Exit[16]]
NodeName: Exit[16] Successors: []
NodeName: Entry[7] Successors: [Exit[8]]
NodeName: Exit[8] Successors: []
NodeName: Entry[29] Successors: [IntegerLiteral[48]]
NodeName: IntegerLiteral[48] Successors: [VariableDeclarator[45]]
NodeName: VariableDeclarator[45] Successors: [ImplicitCondition[53]]
NodeName: ImplicitCondition[53] Successors: [ImplicitCondition[53], Exit[36]]
NodeName: Exit[36] Successors: []

NodeName: Exit[16] Predecessor: [Entry[15]]
NodeName: Entry[15] Predecessor: []
NodeName: Exit[8] Predecessor: [Entry[7]]
NodeName: Entry[7] Predecessor: []
NodeName: Exit[36] Predecessor: [ImplicitCondition[53]]
NodeName: ImplicitCondition[53] Predecessor: [ImplicitCondition[53], VariableDeclarator[45]]
NodeName: VariableDeclarator[45] Predecessor: [IntegerLiteral[48]]
NodeName: IntegerLiteral[48] Predecessor: [Entry[29]]
NodeName: Entry[29] Predecessor: []
