NodeName: Entry[13] Successors: [IntegerLiteral[32]]
NodeName: IntegerLiteral[32] Successors: [VariableDeclarator[29]]
NodeName: VariableDeclarator[29] Successors: [ImplicitCondition[37]]
NodeName: ImplicitCondition[37] Successors: [ImplicitCondition[37], Exit[20]]
NodeName: Exit[20] Successors: []

NodeName: Exit[20] Predecessor: [ImplicitCondition[37]]
NodeName: ImplicitCondition[37] Predecessor: [ImplicitCondition[37], VariableDeclarator[29]]
NodeName: VariableDeclarator[29] Predecessor: [IntegerLiteral[32]]
NodeName: IntegerLiteral[32] Predecessor: [Entry[13]]
NodeName: Entry[13] Predecessor: []
