NodeName: Entry[13] Successors: [SuperConstructorAccess[19]]
NodeName: SuperConstructorAccess[19] Successors: [Implicit[13]]
NodeName: Implicit[13] Successors: [TypeAccess[26]]
NodeName: TypeAccess[26] Successors: [VarAccess[27]]
NodeName: VarAccess[27] Successors: [StringLiteral[31]]
NodeName: StringLiteral[31] Successors: [MethodAccess[28]]
NodeName: MethodAccess[28] Successors: [Exit[13]]
NodeName: Exit[13] Successors: []

NodeName: Exit[13] Predecessor: [MethodAccess[28]]
NodeName: MethodAccess[28] Predecessor: [StringLiteral[31]]
NodeName: StringLiteral[31] Predecessor: [VarAccess[27]]
NodeName: VarAccess[27] Predecessor: [TypeAccess[26]]
NodeName: TypeAccess[26] Predecessor: [Implicit[13]]
NodeName: Implicit[13] Predecessor: [SuperConstructorAccess[19]]
NodeName: SuperConstructorAccess[19] Predecessor: [Entry[13]]
NodeName: Entry[13] Predecessor: []
