NodeName: Entry[11] Successors: [Exit[18]]
NodeName: Exit[18] Successors: []
NodeName: Entry[25] Successors: [Exit[34]]
NodeName: Exit[34] Successors: []
NodeName: Entry[37] Successors: [TypeMethodReference[61]]
NodeName: TypeMethodReference[61] Successors: [VariableDeclarator[58]]
NodeName: VariableDeclarator[58] Successors: [VarAccess[66]]
NodeName: VarAccess[66] Successors: [MethodAccess[67]]
NodeName: MethodAccess[67] Successors: [Exit[51]]
NodeName: Exit[51] Successors: []

NodeName: Exit[18] Predecessor: [Entry[11]]
NodeName: Entry[11] Predecessor: []
NodeName: Exit[34] Predecessor: [Entry[25]]
NodeName: Entry[25] Predecessor: []
NodeName: Exit[51] Predecessor: [MethodAccess[67]]
NodeName: MethodAccess[67] Predecessor: [VarAccess[66]]
NodeName: VarAccess[66] Predecessor: [VariableDeclarator[58]]
NodeName: VariableDeclarator[58] Predecessor: [TypeMethodReference[61]]
NodeName: TypeMethodReference[61] Predecessor: [Entry[37]]
NodeName: Entry[37] Predecessor: []
