NodeName: Entry[11] Successors: [Exit[18]]
NodeName: Exit[18] Successors: []
NodeName: Entry[26] Successors: [Exit[35]]
NodeName: Exit[35] Successors: []
NodeName: Entry[38] Successors: [TypeMethodReference[62]]
NodeName: TypeMethodReference[62] Successors: [VariableDeclarator[59]]
NodeName: VariableDeclarator[59] Successors: [VarAccess[67]]
NodeName: VarAccess[67] Successors: [MethodAccess[68]]
NodeName: MethodAccess[68] Successors: [Exit[52]]
NodeName: Exit[52] Successors: []

NodeName: Exit[18] Predecessor: [Entry[11]]
NodeName: Entry[11] Predecessor: []
NodeName: Exit[35] Predecessor: [Entry[26]]
NodeName: Entry[26] Predecessor: []
NodeName: Exit[52] Predecessor: [MethodAccess[68]]
NodeName: MethodAccess[68] Predecessor: [VarAccess[67]]
NodeName: VarAccess[67] Predecessor: [VariableDeclarator[59]]
NodeName: VariableDeclarator[59] Predecessor: [TypeMethodReference[62]]
NodeName: TypeMethodReference[62] Predecessor: [Entry[38]]
NodeName: Entry[38] Predecessor: []
