NodeName: Entry[11] Successors: [Exit[18]]
NodeName: Exit[18] Successors: []
NodeName: Entry[28] Successors: [Exit[29]]
NodeName: Exit[29] Successors: []
NodeName: Entry[20] Successors: [Exit[21]]
NodeName: Exit[21] Successors: []
NodeName: Entry[42] Successors: [Exit[51]]
NodeName: Exit[51] Successors: []
NodeName: Entry[54] Successors: [TypeMethodReference[78]]
NodeName: TypeMethodReference[78] Successors: [VariableDeclarator[75]]
NodeName: VariableDeclarator[75] Successors: [VarAccess[83]]
NodeName: VarAccess[83] Successors: [MethodAccess[84]]
NodeName: MethodAccess[84] Successors: [Exit[68]]
NodeName: Exit[68] Successors: []

NodeName: Exit[18] Predecessor: [Entry[11]]
NodeName: Entry[11] Predecessor: []
NodeName: Exit[29] Predecessor: [Entry[28]]
NodeName: Entry[28] Predecessor: []
NodeName: Exit[21] Predecessor: [Entry[20]]
NodeName: Entry[20] Predecessor: []
NodeName: Exit[51] Predecessor: [Entry[42]]
NodeName: Entry[42] Predecessor: []
NodeName: Exit[68] Predecessor: [MethodAccess[84]]
NodeName: MethodAccess[84] Predecessor: [VarAccess[83]]
NodeName: VarAccess[83] Predecessor: [VariableDeclarator[75]]
NodeName: VariableDeclarator[75] Predecessor: [TypeMethodReference[78]]
NodeName: TypeMethodReference[78] Predecessor: [Entry[54]]
NodeName: Entry[54] Predecessor: []
