NodeName: Entry[15] Successors: [FieldDeclarator[34]]
NodeName: FieldDeclarator[34] Successors: [TypeAccess[43]]
NodeName: TypeAccess[43] Successors: [VarAccess[44]]
NodeName: VarAccess[44] Successors: [StringLiteral[48]]
NodeName: StringLiteral[48] Successors: [MethodAccess[45]]
NodeName: MethodAccess[45] Successors: [Exit[16]]
NodeName: Exit[16] Successors: []
NodeName: Entry[7] Successors: [Exit[8]]
NodeName: Exit[8] Successors: []

NodeName: Exit[16] Predecessor: [MethodAccess[45]]
NodeName: MethodAccess[45] Predecessor: [StringLiteral[48]]
NodeName: StringLiteral[48] Predecessor: [VarAccess[44]]
NodeName: VarAccess[44] Predecessor: [TypeAccess[43]]
NodeName: TypeAccess[43] Predecessor: [FieldDeclarator[34]]
NodeName: FieldDeclarator[34] Predecessor: [Entry[15]]
NodeName: Entry[15] Predecessor: []
NodeName: Exit[8] Predecessor: [Entry[7]]
NodeName: Entry[7] Predecessor: []
