NodeName: Entry[13] Successors: [FieldDeclarator[18]]
NodeName: FieldDeclarator[18] Successors: [Exit[13]]
NodeName: Exit[13] Successors: []
NodeName: Entry[22] Successors: [TypeAccess[27]]
NodeName: TypeAccess[27] Successors: [VarAccess[28]]
NodeName: VarAccess[28] Successors: [StringLiteral[32]]
NodeName: StringLiteral[32] Successors: [MethodAccess[29]]
NodeName: MethodAccess[29] Successors: [Exit[22]]
NodeName: Exit[22] Successors: []

NodeName: Exit[13] Predecessor: [FieldDeclarator[18]]
NodeName: FieldDeclarator[18] Predecessor: [Entry[13]]
NodeName: Entry[13] Predecessor: []
NodeName: Exit[22] Predecessor: [MethodAccess[29]]
NodeName: MethodAccess[29] Predecessor: [StringLiteral[32]]
NodeName: StringLiteral[32] Predecessor: [VarAccess[28]]
NodeName: VarAccess[28] Predecessor: [TypeAccess[27]]
NodeName: TypeAccess[27] Predecessor: [Entry[22]]
NodeName: Entry[22] Predecessor: []
