NodeName: Entry[13] Successors: [SuperConstructorAccess[21]]
NodeName: SuperConstructorAccess[21] Successors: [Implicit[13]]
NodeName: Implicit[13] Successors: [Exit[13]]
NodeName: Exit[13] Successors: []

NodeName: Exit[13] Predecessor: [Implicit[13]]
NodeName: Implicit[13] Predecessor: [SuperConstructorAccess[21]]
NodeName: SuperConstructorAccess[21] Predecessor: [Entry[13]]
NodeName: Entry[13] Predecessor: []
