NodeName: Entry[13] Successors: [BooleanLiteral[23]]
NodeName: BooleanLiteral[23] Successors: [VariableDeclarator[20]]
NodeName: VariableDeclarator[20] Successors: [BooleanLiteral[32]]
NodeName: BooleanLiteral[32] Successors: [VariableDeclarator[29]]
NodeName: VariableDeclarator[29] Successors: [VarAccess[35]]
NodeName: VarAccess[35] Successors: [VariableDeclarator[44], VarAccess[36]]
NodeName: VariableDeclarator[44] Successors: [VarAccess[35]]
NodeName: VarAccess[36] Successors: [VariableDeclarator[44], Exit[13]]
NodeName: Exit[13] Successors: []

NodeName: Exit[13] Predecessor: [VarAccess[36]]
NodeName: VarAccess[36] Predecessor: [VarAccess[35]]
NodeName: VarAccess[35] Predecessor: [VariableDeclarator[29], VariableDeclarator[44]]
NodeName: VariableDeclarator[29] Predecessor: [BooleanLiteral[32]]
NodeName: BooleanLiteral[32] Predecessor: [VariableDeclarator[20]]
NodeName: VariableDeclarator[20] Predecessor: [BooleanLiteral[23]]
NodeName: BooleanLiteral[23] Predecessor: [Entry[13]]
NodeName: Entry[13] Predecessor: []
NodeName: VariableDeclarator[44] Predecessor: [VarAccess[35], VarAccess[36]]
