NodeName: Entry[15] Successors: [Exit[16]]
NodeName: Exit[16] Successors: []
NodeName: Entry[7] Successors: [VariableDeclarator[36]]
NodeName: VariableDeclarator[36] Successors: [VariableDeclarator[44]]
NodeName: VariableDeclarator[44] Successors: [IntegerLiteral[55]]
NodeName: IntegerLiteral[55] Successors: [VariableDeclarator[52]]
NodeName: VariableDeclarator[52] Successors: [IntegerLiteral[64]]
NodeName: IntegerLiteral[64] Successors: [VariableDeclarator[61]]
NodeName: VariableDeclarator[61] Successors: [BooleanLiteral[73]]
NodeName: BooleanLiteral[73] Successors: [VariableDeclarator[70]]
NodeName: VariableDeclarator[70] Successors: [BooleanLiteral[82]]
NodeName: BooleanLiteral[82] Successors: [VariableDeclarator[79]]
NodeName: VariableDeclarator[79] Successors: [VarAccess[87]]
NodeName: VarAccess[87] Successors: [IntegerLiteral[88]]
NodeName: IntegerLiteral[88] Successors: [LTExpr[86]]
NodeName: LTExpr[86] Successors: [IntegerLiteral[107], VariableDeclarator[113]]
NodeName: IntegerLiteral[107] Successors: [AssignSimpleExpr[105]]
NodeName: AssignSimpleExpr[105] Successors: [VarAccess[94]]
NodeName: VarAccess[94] Successors: [VarAccess[95], AssignSimpleExpr[91]]
NodeName: VarAccess[95] Successors: [AssignSimpleExpr[91]]
NodeName: AssignSimpleExpr[91] Successors: [VarAccess[100]]
NodeName: VarAccess[100] Successors: [AssignSimpleExpr[97], VarAccess[101]]
NodeName: AssignSimpleExpr[97] Successors: [VarAccess[87]]
NodeName: VarAccess[101] Successors: [AssignSimpleExpr[97]]
NodeName: VariableDeclarator[113] Successors: [Exit[8]]
NodeName: Exit[8] Successors: []

NodeName: Exit[16] Predecessor: [Entry[15]]
NodeName: Entry[15] Predecessor: []
NodeName: Exit[8] Predecessor: [VariableDeclarator[113]]
NodeName: VariableDeclarator[113] Predecessor: [LTExpr[86]]
NodeName: LTExpr[86] Predecessor: [IntegerLiteral[88]]
NodeName: IntegerLiteral[88] Predecessor: [VarAccess[87]]
NodeName: VarAccess[87] Predecessor: [VariableDeclarator[79], AssignSimpleExpr[97]]
NodeName: VariableDeclarator[79] Predecessor: [BooleanLiteral[82]]
NodeName: BooleanLiteral[82] Predecessor: [VariableDeclarator[70]]
NodeName: VariableDeclarator[70] Predecessor: [BooleanLiteral[73]]
NodeName: BooleanLiteral[73] Predecessor: [VariableDeclarator[61]]
NodeName: VariableDeclarator[61] Predecessor: [IntegerLiteral[64]]
NodeName: IntegerLiteral[64] Predecessor: [VariableDeclarator[52]]
NodeName: VariableDeclarator[52] Predecessor: [IntegerLiteral[55]]
NodeName: IntegerLiteral[55] Predecessor: [VariableDeclarator[44]]
NodeName: VariableDeclarator[44] Predecessor: [VariableDeclarator[36]]
NodeName: VariableDeclarator[36] Predecessor: [Entry[7]]
NodeName: Entry[7] Predecessor: []
NodeName: AssignSimpleExpr[97] Predecessor: [VarAccess[100], VarAccess[101]]
NodeName: VarAccess[100] Predecessor: [AssignSimpleExpr[91]]
NodeName: AssignSimpleExpr[91] Predecessor: [VarAccess[94], VarAccess[95]]
NodeName: VarAccess[94] Predecessor: [AssignSimpleExpr[105]]
NodeName: AssignSimpleExpr[105] Predecessor: [IntegerLiteral[107]]
NodeName: IntegerLiteral[107] Predecessor: [LTExpr[86]]
NodeName: VarAccess[95] Predecessor: [VarAccess[94]]
NodeName: VarAccess[101] Predecessor: [VarAccess[100]]
