NodeName: Entry[13] Successors: [TypeAccess[33]]
NodeName: TypeAccess[33] Successors: [VarAccess[34]]
NodeName: VarAccess[34] Successors: [VarAccess[39]]
NodeName: VarAccess[39] Successors: [VarAccess[40]]
NodeName: VarAccess[40] Successors: [AddExpr[38]]
NodeName: AddExpr[38] Successors: [MethodAccess[35]]
NodeName: MethodAccess[35] Successors: [Exit[28]]
NodeName: Exit[28] Successors: []

NodeName: Exit[28] Predecessor: [MethodAccess[35]]
NodeName: MethodAccess[35] Predecessor: [AddExpr[38]]
NodeName: AddExpr[38] Predecessor: [VarAccess[40]]
NodeName: VarAccess[40] Predecessor: [VarAccess[39]]
NodeName: VarAccess[39] Predecessor: [VarAccess[34]]
NodeName: VarAccess[34] Predecessor: [TypeAccess[33]]
NodeName: TypeAccess[33] Predecessor: [Entry[13]]
NodeName: Entry[13] Predecessor: []
