NodeName: Entry[13] Successors: [TypeAccess[27]]
NodeName: TypeAccess[27] Successors: [VarAccess[28]]
NodeName: VarAccess[28] Successors: [StringLiteral[32]]
NodeName: StringLiteral[32] Successors: [MethodAccess[29]]
NodeName: MethodAccess[29] Successors: [Exit[20]]
NodeName: Exit[20] Successors: []

NodeName: Exit[20] Predecessor: [MethodAccess[29]]
NodeName: MethodAccess[29] Predecessor: [StringLiteral[32]]
NodeName: StringLiteral[32] Predecessor: [VarAccess[28]]
NodeName: VarAccess[28] Predecessor: [TypeAccess[27]]
NodeName: TypeAccess[27] Predecessor: [Entry[13]]
NodeName: Entry[13] Predecessor: []
