NodeName: Entry[13] Successors: [VarAccess[40]]
NodeName: VarAccess[40] Successors: [AssignSimpleExpr[37], VarAccess[41]]
NodeName: AssignSimpleExpr[37] Successors: [VarAccess[40], Exit[32]]
NodeName: Exit[32] Successors: []
NodeName: VarAccess[41] Successors: [AssignSimpleExpr[37]]

NodeName: Exit[32] Predecessor: [AssignSimpleExpr[37]]
NodeName: AssignSimpleExpr[37] Predecessor: [VarAccess[40], VarAccess[41]]
NodeName: VarAccess[40] Predecessor: [Entry[13], AssignSimpleExpr[37]]
NodeName: Entry[13] Predecessor: []
NodeName: VarAccess[41] Predecessor: [VarAccess[40]]
