NodeName: Entry[15] Successors: [Exit[16]]
NodeName: Exit[16] Successors: []
NodeName: Entry[7] Successors: [Exit[8]]
NodeName: Exit[8] Successors: []
NodeName: Entry[29] Successors: [VarAccess[56]]
NodeName: VarAccess[56] Successors: [AssignSimpleExpr[53], VarAccess[57]]
NodeName: AssignSimpleExpr[53] Successors: [VarAccess[56], Exit[48]]
NodeName: Exit[48] Successors: []
NodeName: VarAccess[57] Successors: [AssignSimpleExpr[53]]

NodeName: Exit[16] Predecessor: [Entry[15]]
NodeName: Entry[15] Predecessor: []
NodeName: Exit[8] Predecessor: [Entry[7]]
NodeName: Entry[7] Predecessor: []
NodeName: Exit[48] Predecessor: [AssignSimpleExpr[53]]
NodeName: AssignSimpleExpr[53] Predecessor: [VarAccess[56], VarAccess[57]]
NodeName: VarAccess[56] Predecessor: [Entry[29], AssignSimpleExpr[53]]
NodeName: Entry[29] Predecessor: []
NodeName: VarAccess[57] Predecessor: [VarAccess[56]]
