NodeName: Entry[11] Successors: [Exit[18]]
NodeName: Exit[18] Successors: []
NodeName: Entry[28] Successors: [Exit[29]]
NodeName: Exit[29] Successors: []
NodeName: Entry[20] Successors: [Exit[21]]
NodeName: Exit[21] Successors: []
NodeName: Entry[42] Successors: [Exit[50]]
NodeName: Exit[50] Successors: []
NodeName: Entry[53] Successors: [ClassInstanceExpr[77]]
NodeName: ClassInstanceExpr[77] Successors: [VariableDeclarator[74]]
NodeName: VariableDeclarator[74] Successors: [VarAccess[93]]
NodeName: VarAccess[93] Successors: [ExprMethodReference[91]]
NodeName: ExprMethodReference[91] Successors: [VariableDeclarator[88]]
NodeName: VariableDeclarator[88] Successors: [VarAccess[96]]
NodeName: VarAccess[96] Successors: [MethodAccess[97]]
NodeName: MethodAccess[97] Successors: [ClassInstanceExpr[112]]
NodeName: ClassInstanceExpr[112] Successors: [ExprMethodReference[110]]
NodeName: ExprMethodReference[110] Successors: [VariableDeclarator[107]]
NodeName: VariableDeclarator[107] Successors: [VarAccess[120]]
NodeName: VarAccess[120] Successors: [MethodAccess[121]]
NodeName: MethodAccess[121] Successors: [Exit[67]]
NodeName: Exit[67] Successors: []

NodeName: Exit[18] Predecessor: [Entry[11]]
NodeName: Entry[11] Predecessor: []
NodeName: Exit[29] Predecessor: [Entry[28]]
NodeName: Entry[28] Predecessor: []
NodeName: Exit[21] Predecessor: [Entry[20]]
NodeName: Entry[20] Predecessor: []
NodeName: Exit[50] Predecessor: [Entry[42]]
NodeName: Entry[42] Predecessor: []
NodeName: Exit[67] Predecessor: [MethodAccess[121]]
NodeName: MethodAccess[121] Predecessor: [VarAccess[120]]
NodeName: VarAccess[120] Predecessor: [VariableDeclarator[107]]
NodeName: VariableDeclarator[107] Predecessor: [ExprMethodReference[110]]
NodeName: ExprMethodReference[110] Predecessor: [ClassInstanceExpr[112]]
NodeName: ClassInstanceExpr[112] Predecessor: [MethodAccess[97]]
NodeName: MethodAccess[97] Predecessor: [VarAccess[96]]
NodeName: VarAccess[96] Predecessor: [VariableDeclarator[88]]
NodeName: VariableDeclarator[88] Predecessor: [ExprMethodReference[91]]
NodeName: ExprMethodReference[91] Predecessor: [VarAccess[93]]
NodeName: VarAccess[93] Predecessor: [VariableDeclarator[74]]
NodeName: VariableDeclarator[74] Predecessor: [ClassInstanceExpr[77]]
NodeName: ClassInstanceExpr[77] Predecessor: [Entry[53]]
NodeName: Entry[53] Predecessor: []
