NodeName: Entry[15] Successors: [Exit[16]]
NodeName: Exit[16] Successors: []
NodeName: Entry[7] Successors: [Exit[8]]
NodeName: Exit[8] Successors: []
NodeName: Entry[29] Successors: [VarAccess[44]]
NodeName: VarAccess[44] Successors: [IntegerLiteral[45]]
NodeName: IntegerLiteral[45] Successors: [GTExpr[43]]
NodeName: GTExpr[43] Successors: [VariableDeclarator[53], VariableDeclarator[65]]
NodeName: VariableDeclarator[53] Successors: [ReturnStmt[56]]
NodeName: ReturnStmt[56] Successors: [Exit[40]]
NodeName: Exit[40] Successors: []
NodeName: VariableDeclarator[65] Successors: [ReturnStmt[68]]
NodeName: ReturnStmt[68] Successors: [Exit[40]]

NodeName: Exit[16] Predecessor: [Entry[15]]
NodeName: Entry[15] Predecessor: []
NodeName: Exit[8] Predecessor: [Entry[7]]
NodeName: Entry[7] Predecessor: []
NodeName: Exit[40] Predecessor: [ReturnStmt[56], ReturnStmt[68]]
NodeName: ReturnStmt[56] Predecessor: [VariableDeclarator[53]]
NodeName: VariableDeclarator[53] Predecessor: [GTExpr[43]]
NodeName: GTExpr[43] Predecessor: [IntegerLiteral[45]]
NodeName: IntegerLiteral[45] Predecessor: [VarAccess[44]]
NodeName: VarAccess[44] Predecessor: [Entry[29]]
NodeName: Entry[29] Predecessor: []
NodeName: ReturnStmt[68] Predecessor: [VariableDeclarator[65]]
NodeName: VariableDeclarator[65] Predecessor: [GTExpr[43]]
