NodeName: Entry[13] Successors: [VarAccess[28]]
NodeName: VarAccess[28] Successors: [IntegerLiteral[29]]
NodeName: IntegerLiteral[29] Successors: [GTExpr[27]]
NodeName: GTExpr[27] Successors: [VariableDeclarator[37], VariableDeclarator[49]]
NodeName: VariableDeclarator[37] Successors: [ReturnStmt[40]]
NodeName: ReturnStmt[40] Successors: [Exit[24]]
NodeName: Exit[24] Successors: []
NodeName: VariableDeclarator[49] Successors: [ReturnStmt[52]]
NodeName: ReturnStmt[52] Successors: [Exit[24]]

NodeName: Exit[24] Predecessor: [ReturnStmt[40], ReturnStmt[52]]
NodeName: ReturnStmt[40] Predecessor: [VariableDeclarator[37]]
NodeName: VariableDeclarator[37] Predecessor: [GTExpr[27]]
NodeName: GTExpr[27] Predecessor: [IntegerLiteral[29]]
NodeName: IntegerLiteral[29] Predecessor: [VarAccess[28]]
NodeName: VarAccess[28] Predecessor: [Entry[13]]
NodeName: Entry[13] Predecessor: []
NodeName: ReturnStmt[52] Predecessor: [VariableDeclarator[49]]
NodeName: VariableDeclarator[49] Predecessor: [GTExpr[27]]
