NodeName: Entry[13] Successors: [VarAccess[33]]
NodeName: VarAccess[33] Successors: [IntegerLiteral[34]]
NodeName: IntegerLiteral[34] Successors: [GTExpr[32]]
NodeName: GTExpr[32] Successors: [VarAccess[36], VariableDeclarator[47]]
NodeName: VarAccess[36] Successors: [IntegerLiteral[37]]
NodeName: IntegerLiteral[37] Successors: [LTExpr[35]]
NodeName: LTExpr[35] Successors: [IntegerLiteral[41], VariableDeclarator[47]]
NodeName: IntegerLiteral[41] Successors: [AssignSimpleExpr[39]]
NodeName: AssignSimpleExpr[39] Successors: [VarAccess[33]]
NodeName: VariableDeclarator[47] Successors: [Exit[28]]
NodeName: Exit[28] Successors: []

NodeName: Exit[28] Predecessor: [VariableDeclarator[47]]
NodeName: VariableDeclarator[47] Predecessor: [GTExpr[32], LTExpr[35]]
NodeName: GTExpr[32] Predecessor: [IntegerLiteral[34]]
NodeName: IntegerLiteral[34] Predecessor: [VarAccess[33]]
NodeName: VarAccess[33] Predecessor: [Entry[13], AssignSimpleExpr[39]]
NodeName: Entry[13] Predecessor: []
NodeName: AssignSimpleExpr[39] Predecessor: [IntegerLiteral[41]]
NodeName: IntegerLiteral[41] Predecessor: [LTExpr[35]]
NodeName: LTExpr[35] Predecessor: [IntegerLiteral[37]]
NodeName: IntegerLiteral[37] Predecessor: [VarAccess[36]]
NodeName: VarAccess[36] Predecessor: [GTExpr[32]]
