NodeName: Entry[13] Successors: [ImplicitCondition[32]]
NodeName: ImplicitCondition[32] Successors: [VariableDeclarator[26], Exit[13]]
NodeName: VariableDeclarator[26] Successors: [Exit[13]]
NodeName: Exit[13] Successors: []

NodeName: Exit[13] Predecessor: [ImplicitCondition[32], VariableDeclarator[26]]
NodeName: ImplicitCondition[32] Predecessor: [Entry[13]]
NodeName: Entry[13] Predecessor: []
NodeName: VariableDeclarator[26] Predecessor: [ImplicitCondition[32]]
