NodeName: Entry[15] Successors: [Exit[16]]
NodeName: Exit[16] Successors: []
NodeName: Entry[7] Successors: [ImplicitCondition[48]]
NodeName: ImplicitCondition[48] Successors: [VariableDeclarator[42], Exit[8]]
NodeName: VariableDeclarator[42] Successors: [Exit[8]]
NodeName: Exit[8] Successors: []

NodeName: Exit[16] Predecessor: [Entry[15]]
NodeName: Entry[15] Predecessor: []
NodeName: Exit[8] Predecessor: [ImplicitCondition[48], VariableDeclarator[42]]
NodeName: ImplicitCondition[48] Predecessor: [Entry[7]]
NodeName: Entry[7] Predecessor: []
NodeName: VariableDeclarator[42] Predecessor: [ImplicitCondition[48]]
