NodeName: Entry[19] Successors: [ClassInstanceExpr[39]]
NodeName: ClassInstanceExpr[39] Successors: [ResourceDeclaration[31]]
NodeName: ResourceDeclaration[31] Successors: [VarAccess[63]]
NodeName: VarAccess[63] Successors: [ClassInstanceExpr[60]]
NodeName: ClassInstanceExpr[60] Successors: [ResourceDeclaration[48]]
NodeName: ResourceDeclaration[48] Successors: [VarAccess[74]]
NodeName: VarAccess[74] Successors: [MethodAccess[75]]
NodeName: MethodAccess[75] Successors: [MethodAccess[49], NTACloseResource[79]]
NodeName: MethodAccess[49] Successors: [MethodAccess[32], NTACloseResource[53]]
NodeName: MethodAccess[32] Successors: [UncheckedExceptions[90], UncheckedExceptions[33]]
NodeName: UncheckedExceptions[90] Successors: [Exit[27]]
NodeName: Exit[27] Successors: []
NodeName: UncheckedExceptions[33] Successors: [Exit[27]]
NodeName: NTACloseResource[53] Successors: [UncheckedExceptions[50]]
NodeName: UncheckedExceptions[50] Successors: [Exit[27]]
NodeName: NTACloseResource[79] Successors: [NTACloseResource[83]]
NodeName: NTACloseResource[83] Successors: [UncheckedExceptions[76]]
NodeName: UncheckedExceptions[76] Successors: [Exit[27]]

NodeName: Exit[27] Predecessor: [UncheckedExceptions[90], UncheckedExceptions[33], UncheckedExceptions[50], UncheckedExceptions[76]]
NodeName: UncheckedExceptions[90] Predecessor: [MethodAccess[32]]
NodeName: MethodAccess[32] Predecessor: [MethodAccess[49]]
NodeName: MethodAccess[49] Predecessor: [MethodAccess[75]]
NodeName: MethodAccess[75] Predecessor: [VarAccess[74]]
NodeName: VarAccess[74] Predecessor: [ResourceDeclaration[48]]
NodeName: ResourceDeclaration[48] Predecessor: [ClassInstanceExpr[60]]
NodeName: ClassInstanceExpr[60] Predecessor: [VarAccess[63]]
NodeName: VarAccess[63] Predecessor: [ResourceDeclaration[31]]
NodeName: ResourceDeclaration[31] Predecessor: [ClassInstanceExpr[39]]
NodeName: ClassInstanceExpr[39] Predecessor: [Entry[19]]
NodeName: Entry[19] Predecessor: []
NodeName: UncheckedExceptions[33] Predecessor: [MethodAccess[32]]
NodeName: UncheckedExceptions[50] Predecessor: [NTACloseResource[53]]
NodeName: NTACloseResource[53] Predecessor: [MethodAccess[49]]
NodeName: UncheckedExceptions[76] Predecessor: [NTACloseResource[83]]
NodeName: NTACloseResource[83] Predecessor: [NTACloseResource[79]]
NodeName: NTACloseResource[79] Predecessor: [MethodAccess[75]]
