NodeName: Entry[21] Successors: [Exit[22]]
NodeName: Exit[22] Successors: []
NodeName: Entry[13] Successors: [Exit[14]]
NodeName: Exit[14] Successors: []
NodeName: Entry[35] Successors: [ClassInstanceExpr[55]]
NodeName: ClassInstanceExpr[55] Successors: [ResourceDeclaration[47]]
NodeName: ResourceDeclaration[47] Successors: [VarAccess[79]]
NodeName: VarAccess[79] Successors: [ClassInstanceExpr[76]]
NodeName: ClassInstanceExpr[76] Successors: [ResourceDeclaration[64]]
NodeName: ResourceDeclaration[64] Successors: [VarAccess[90]]
NodeName: VarAccess[90] Successors: [MethodAccess[91]]
NodeName: MethodAccess[91] Successors: [MethodAccess[65], NTACloseResource[95]]
NodeName: MethodAccess[65] Successors: [MethodAccess[48], NTACloseResource[69]]
NodeName: MethodAccess[48] Successors: [UncheckedExceptions[106], UncheckedExceptions[49]]
NodeName: UncheckedExceptions[106] Successors: [Exit[43]]
NodeName: Exit[43] Successors: []
NodeName: UncheckedExceptions[49] Successors: [Exit[43]]
NodeName: NTACloseResource[69] Successors: [UncheckedExceptions[66]]
NodeName: UncheckedExceptions[66] Successors: [Exit[43]]
NodeName: NTACloseResource[95] Successors: [NTACloseResource[99]]
NodeName: NTACloseResource[99] Successors: [UncheckedExceptions[92]]
NodeName: UncheckedExceptions[92] Successors: [Exit[43]]

NodeName: Exit[22] Predecessor: [Entry[21]]
NodeName: Entry[21] Predecessor: []
NodeName: Exit[14] Predecessor: [Entry[13]]
NodeName: Entry[13] Predecessor: []
NodeName: Exit[43] Predecessor: [UncheckedExceptions[106], UncheckedExceptions[49], UncheckedExceptions[66], UncheckedExceptions[92]]
NodeName: UncheckedExceptions[106] Predecessor: [MethodAccess[48]]
NodeName: MethodAccess[48] Predecessor: [MethodAccess[65]]
NodeName: MethodAccess[65] Predecessor: [MethodAccess[91]]
NodeName: MethodAccess[91] Predecessor: [VarAccess[90]]
NodeName: VarAccess[90] Predecessor: [ResourceDeclaration[64]]
NodeName: ResourceDeclaration[64] Predecessor: [ClassInstanceExpr[76]]
NodeName: ClassInstanceExpr[76] Predecessor: [VarAccess[79]]
NodeName: VarAccess[79] Predecessor: [ResourceDeclaration[47]]
NodeName: ResourceDeclaration[47] Predecessor: [ClassInstanceExpr[55]]
NodeName: ClassInstanceExpr[55] Predecessor: [Entry[35]]
NodeName: Entry[35] Predecessor: []
NodeName: UncheckedExceptions[49] Predecessor: [MethodAccess[48]]
NodeName: UncheckedExceptions[66] Predecessor: [NTACloseResource[69]]
NodeName: NTACloseResource[69] Predecessor: [MethodAccess[65]]
NodeName: UncheckedExceptions[92] Predecessor: [NTACloseResource[99]]
NodeName: NTACloseResource[99] Predecessor: [NTACloseResource[95]]
NodeName: NTACloseResource[95] Predecessor: [MethodAccess[91]]
