NodeName: Entry[15] Successors: [Exit[16]]
NodeName: Exit[16] Successors: []
NodeName: Entry[7] Successors: [Exit[8]]
NodeName: Exit[8] Successors: []
NodeName: Entry[29] Successors: [VarAccess[45]]
NodeName: VarAccess[45] Successors: [IntegerLiteral[46]]
NodeName: IntegerLiteral[46] Successors: [LTExpr[44]]
NodeName: LTExpr[44] Successors: [TypeAccess[55], TypeAccess[106]]
NodeName: TypeAccess[55] Successors: [VarAccess[56]]
NodeName: VarAccess[56] Successors: [StringLiteral[60]]
NodeName: StringLiteral[60] Successors: [MethodAccess[57]]
NodeName: MethodAccess[57] Successors: [UncheckedExceptions[64]]
NodeName: UncheckedExceptions[64] Successors: [PostIncExpr[70]]
NodeName: PostIncExpr[70] Successors: [TypeAccess[75]]
NodeName: TypeAccess[75] Successors: [VarAccess[76]]
NodeName: VarAccess[76] Successors: [StringLiteral[80]]
NodeName: StringLiteral[80] Successors: [MethodAccess[77]]
NodeName: MethodAccess[77] Successors: [VarAccess[45], Exit[41]]
NodeName: Exit[41] Successors: []
NodeName: TypeAccess[106] Successors: [VarAccess[107]]
NodeName: VarAccess[107] Successors: [StringLiteral[111]]
NodeName: StringLiteral[111] Successors: [MethodAccess[108]]
NodeName: MethodAccess[108] Successors: [Exit[41]]

NodeName: Exit[16] Predecessor: [Entry[15]]
NodeName: Entry[15] Predecessor: []
NodeName: Exit[8] Predecessor: [Entry[7]]
NodeName: Entry[7] Predecessor: []
NodeName: Exit[41] Predecessor: [MethodAccess[77], MethodAccess[108]]
NodeName: MethodAccess[77] Predecessor: [StringLiteral[80]]
NodeName: StringLiteral[80] Predecessor: [VarAccess[76]]
NodeName: VarAccess[76] Predecessor: [TypeAccess[75]]
NodeName: TypeAccess[75] Predecessor: [PostIncExpr[70]]
NodeName: PostIncExpr[70] Predecessor: [UncheckedExceptions[64]]
NodeName: UncheckedExceptions[64] Predecessor: [MethodAccess[57]]
NodeName: MethodAccess[57] Predecessor: [StringLiteral[60]]
NodeName: StringLiteral[60] Predecessor: [VarAccess[56]]
NodeName: VarAccess[56] Predecessor: [TypeAccess[55]]
NodeName: TypeAccess[55] Predecessor: [LTExpr[44]]
NodeName: LTExpr[44] Predecessor: [IntegerLiteral[46]]
NodeName: IntegerLiteral[46] Predecessor: [VarAccess[45]]
NodeName: VarAccess[45] Predecessor: [Entry[29], MethodAccess[77]]
NodeName: Entry[29] Predecessor: []
NodeName: MethodAccess[108] Predecessor: [StringLiteral[111]]
NodeName: StringLiteral[111] Predecessor: [VarAccess[107]]
NodeName: VarAccess[107] Predecessor: [TypeAccess[106]]
NodeName: TypeAccess[106] Predecessor: [LTExpr[44]]
