NodeName: Entry[13] Successors: [VarAccess[29]]
NodeName: VarAccess[29] Successors: [IntegerLiteral[30]]
NodeName: IntegerLiteral[30] Successors: [LTExpr[28]]
NodeName: LTExpr[28] Successors: [TypeAccess[39], TypeAccess[90]]
NodeName: TypeAccess[39] Successors: [VarAccess[40]]
NodeName: VarAccess[40] Successors: [StringLiteral[44]]
NodeName: StringLiteral[44] Successors: [MethodAccess[41]]
NodeName: MethodAccess[41] Successors: [UncheckedExceptions[48]]
NodeName: UncheckedExceptions[48] Successors: [PostIncExpr[54]]
NodeName: PostIncExpr[54] Successors: [TypeAccess[59]]
NodeName: TypeAccess[59] Successors: [VarAccess[60]]
NodeName: VarAccess[60] Successors: [StringLiteral[64]]
NodeName: StringLiteral[64] Successors: [MethodAccess[61]]
NodeName: MethodAccess[61] Successors: [VarAccess[29], Exit[25]]
NodeName: Exit[25] Successors: []
NodeName: TypeAccess[90] Successors: [VarAccess[91]]
NodeName: VarAccess[91] Successors: [StringLiteral[95]]
NodeName: StringLiteral[95] Successors: [MethodAccess[92]]
NodeName: MethodAccess[92] Successors: [Exit[25]]

NodeName: Exit[25] Predecessor: [MethodAccess[61], MethodAccess[92]]
NodeName: MethodAccess[61] Predecessor: [StringLiteral[64]]
NodeName: StringLiteral[64] Predecessor: [VarAccess[60]]
NodeName: VarAccess[60] Predecessor: [TypeAccess[59]]
NodeName: TypeAccess[59] Predecessor: [PostIncExpr[54]]
NodeName: PostIncExpr[54] Predecessor: [UncheckedExceptions[48]]
NodeName: UncheckedExceptions[48] Predecessor: [MethodAccess[41]]
NodeName: MethodAccess[41] Predecessor: [StringLiteral[44]]
NodeName: StringLiteral[44] Predecessor: [VarAccess[40]]
NodeName: VarAccess[40] Predecessor: [TypeAccess[39]]
NodeName: TypeAccess[39] Predecessor: [LTExpr[28]]
NodeName: LTExpr[28] Predecessor: [IntegerLiteral[30]]
NodeName: IntegerLiteral[30] Predecessor: [VarAccess[29]]
NodeName: VarAccess[29] Predecessor: [Entry[13], MethodAccess[61]]
NodeName: Entry[13] Predecessor: []
NodeName: MethodAccess[92] Predecessor: [StringLiteral[95]]
NodeName: StringLiteral[95] Predecessor: [VarAccess[91]]
NodeName: VarAccess[91] Predecessor: [TypeAccess[90]]
NodeName: TypeAccess[90] Predecessor: [LTExpr[28]]
