NodeName: Entry[15] Successors: [Exit[16]]
NodeName: Exit[16] Successors: []
NodeName: Entry[7] Successors: [IntegerLiteral[39]]
NodeName: IntegerLiteral[39] Successors: [VariableDeclarator[36]]
NodeName: VariableDeclarator[36] Successors: [IntegerLiteral[48]]
NodeName: IntegerLiteral[48] Successors: [VariableDeclarator[45]]
NodeName: VariableDeclarator[45] Successors: [VarAccess[54]]
NodeName: VarAccess[54] Successors: [IntegerLiteral[55]]
NodeName: IntegerLiteral[55] Successors: [LTExpr[53]]
NodeName: LTExpr[53] Successors: [VarAccess[57], VariableDeclarator[71]]
NodeName: VarAccess[57] Successors: [IntegerLiteral[58]]
NodeName: IntegerLiteral[58] Successors: [GTExpr[56]]
NodeName: GTExpr[56] Successors: [IntegerLiteral[65], VariableDeclarator[71]]
NodeName: IntegerLiteral[65] Successors: [AssignSimpleExpr[63]]
NodeName: AssignSimpleExpr[63] Successors: [VarAccess[54]]
NodeName: VariableDeclarator[71] Successors: [Exit[8]]
NodeName: Exit[8] Successors: []

NodeName: Exit[16] Predecessor: [Entry[15]]
NodeName: Entry[15] Predecessor: []
NodeName: Exit[8] Predecessor: [VariableDeclarator[71]]
NodeName: VariableDeclarator[71] Predecessor: [LTExpr[53], GTExpr[56]]
NodeName: LTExpr[53] Predecessor: [IntegerLiteral[55]]
NodeName: IntegerLiteral[55] Predecessor: [VarAccess[54]]
NodeName: VarAccess[54] Predecessor: [VariableDeclarator[45], AssignSimpleExpr[63]]
NodeName: VariableDeclarator[45] Predecessor: [IntegerLiteral[48]]
NodeName: IntegerLiteral[48] Predecessor: [VariableDeclarator[36]]
NodeName: VariableDeclarator[36] Predecessor: [IntegerLiteral[39]]
NodeName: IntegerLiteral[39] Predecessor: [Entry[7]]
NodeName: Entry[7] Predecessor: []
NodeName: AssignSimpleExpr[63] Predecessor: [IntegerLiteral[65]]
NodeName: IntegerLiteral[65] Predecessor: [GTExpr[56]]
NodeName: GTExpr[56] Predecessor: [IntegerLiteral[58]]
NodeName: IntegerLiteral[58] Predecessor: [VarAccess[57]]
NodeName: VarAccess[57] Predecessor: [LTExpr[53]]
