NodeName: Entry[13] Successors: [IntegerLiteral[23]]
NodeName: IntegerLiteral[23] Successors: [VariableDeclarator[20]]
NodeName: VariableDeclarator[20] Successors: [IntegerLiteral[32]]
NodeName: IntegerLiteral[32] Successors: [VariableDeclarator[29]]
NodeName: VariableDeclarator[29] Successors: [VarAccess[38]]
NodeName: VarAccess[38] Successors: [IntegerLiteral[39]]
NodeName: IntegerLiteral[39] Successors: [LTExpr[37]]
NodeName: LTExpr[37] Successors: [VarAccess[41], VariableDeclarator[55]]
NodeName: VarAccess[41] Successors: [IntegerLiteral[42]]
NodeName: IntegerLiteral[42] Successors: [GTExpr[40]]
NodeName: GTExpr[40] Successors: [IntegerLiteral[49], VariableDeclarator[55]]
NodeName: IntegerLiteral[49] Successors: [AssignSimpleExpr[47]]
NodeName: AssignSimpleExpr[47] Successors: [VarAccess[38]]
NodeName: VariableDeclarator[55] Successors: [Exit[13]]
NodeName: Exit[13] Successors: []

NodeName: Exit[13] Predecessor: [VariableDeclarator[55]]
NodeName: VariableDeclarator[55] Predecessor: [LTExpr[37], GTExpr[40]]
NodeName: LTExpr[37] Predecessor: [IntegerLiteral[39]]
NodeName: IntegerLiteral[39] Predecessor: [VarAccess[38]]
NodeName: VarAccess[38] Predecessor: [VariableDeclarator[29], AssignSimpleExpr[47]]
NodeName: VariableDeclarator[29] Predecessor: [IntegerLiteral[32]]
NodeName: IntegerLiteral[32] Predecessor: [VariableDeclarator[20]]
NodeName: VariableDeclarator[20] Predecessor: [IntegerLiteral[23]]
NodeName: IntegerLiteral[23] Predecessor: [Entry[13]]
NodeName: Entry[13] Predecessor: []
NodeName: AssignSimpleExpr[47] Predecessor: [IntegerLiteral[49]]
NodeName: IntegerLiteral[49] Predecessor: [GTExpr[40]]
NodeName: GTExpr[40] Predecessor: [IntegerLiteral[42]]
NodeName: IntegerLiteral[42] Predecessor: [VarAccess[41]]
NodeName: VarAccess[41] Predecessor: [LTExpr[37]]
