NodeName: Entry[13] Successors: [IntegerLiteral[30]]
NodeName: IntegerLiteral[30] Successors: [VariableDeclarator[27]]
NodeName: VariableDeclarator[27] Successors: [Exit[20]]
NodeName: Exit[20] Successors: []

NodeName: Exit[20] Predecessor: [VariableDeclarator[27]]
NodeName: VariableDeclarator[27] Predecessor: [IntegerLiteral[30]]
NodeName: IntegerLiteral[30] Predecessor: [Entry[13]]
NodeName: Entry[13] Predecessor: []
