NodeName: Entry[15] Successors: [Exit[16]]
NodeName: Exit[16] Successors: []
NodeName: Entry[7] Successors: [Exit[8]]
NodeName: Exit[8] Successors: []
NodeName: Entry[29] Successors: [VarAccess[54]]
NodeName: VarAccess[54] Successors: [VarAccess[55], AssignSimpleExpr[51]]
NodeName: VarAccess[55] Successors: [AssignSimpleExpr[51]]
NodeName: AssignSimpleExpr[51] Successors: [ReturnStmt[58], Exit[48]]
NodeName: ReturnStmt[58] Successors: [Exit[48]]
NodeName: Exit[48] Successors: []

NodeName: Exit[16] Predecessor: [Entry[15]]
NodeName: Entry[15] Predecessor: []
NodeName: Exit[8] Predecessor: [Entry[7]]
NodeName: Entry[7] Predecessor: []
NodeName: Exit[48] Predecessor: [AssignSimpleExpr[51], ReturnStmt[58]]
NodeName: AssignSimpleExpr[51] Predecessor: [VarAccess[54], VarAccess[55]]
NodeName: VarAccess[54] Predecessor: [Entry[29]]
NodeName: Entry[29] Predecessor: []
NodeName: VarAccess[55] Predecessor: [VarAccess[54]]
NodeName: ReturnStmt[58] Predecessor: [AssignSimpleExpr[51]]
