NodeName: Entry[13] Successors: [VarAccess[38]]
NodeName: VarAccess[38] Successors: [VarAccess[39], AssignSimpleExpr[35]]
NodeName: VarAccess[39] Successors: [AssignSimpleExpr[35]]
NodeName: AssignSimpleExpr[35] Successors: [ReturnStmt[42], Exit[32]]
NodeName: ReturnStmt[42] Successors: [Exit[32]]
NodeName: Exit[32] Successors: []

NodeName: Exit[32] Predecessor: [AssignSimpleExpr[35], ReturnStmt[42]]
NodeName: AssignSimpleExpr[35] Predecessor: [VarAccess[38], VarAccess[39]]
NodeName: VarAccess[38] Predecessor: [Entry[13]]
NodeName: Entry[13] Predecessor: []
NodeName: VarAccess[39] Predecessor: [VarAccess[38]]
NodeName: ReturnStmt[42] Predecessor: [AssignSimpleExpr[35]]
