NodeName: Entry[13] Successors: [VariableDeclarator[27]]
NodeName: VariableDeclarator[27] Successors: [VariableDeclarator[35]]
NodeName: VariableDeclarator[35] Successors: [IntegerLiteral[51]]
NodeName: IntegerLiteral[51] Successors: [AssignSimpleExpr[49]]
NodeName: AssignSimpleExpr[49] Successors: [IntegerLiteral[54]]
NodeName: IntegerLiteral[54] Successors: [AssignSimpleExpr[52]]
NodeName: AssignSimpleExpr[52] Successors: [MethodAccess[46]]
NodeName: MethodAccess[46] Successors: [VariableDeclarator[43]]
NodeName: VariableDeclarator[43] Successors: [Exit[20]]
NodeName: Exit[20] Successors: []
NodeName: Entry[58] Successors: [VarAccess[78]]
NodeName: VarAccess[78] Successors: [VarAccess[79]]
NodeName: VarAccess[79] Successors: [AddExpr[77]]
NodeName: AddExpr[77] Successors: [ReturnStmt[75]]
NodeName: ReturnStmt[75] Successors: [Exit[73]]
NodeName: Exit[73] Successors: []

NodeName: Exit[20] Predecessor: [VariableDeclarator[43]]
NodeName: VariableDeclarator[43] Predecessor: [MethodAccess[46]]
NodeName: MethodAccess[46] Predecessor: [AssignSimpleExpr[52]]
NodeName: AssignSimpleExpr[52] Predecessor: [IntegerLiteral[54]]
NodeName: IntegerLiteral[54] Predecessor: [AssignSimpleExpr[49]]
NodeName: AssignSimpleExpr[49] Predecessor: [IntegerLiteral[51]]
NodeName: IntegerLiteral[51] Predecessor: [VariableDeclarator[35]]
NodeName: VariableDeclarator[35] Predecessor: [VariableDeclarator[27]]
NodeName: VariableDeclarator[27] Predecessor: [Entry[13]]
NodeName: Entry[13] Predecessor: []
NodeName: Exit[73] Predecessor: [ReturnStmt[75]]
NodeName: ReturnStmt[75] Predecessor: [AddExpr[77]]
NodeName: AddExpr[77] Predecessor: [VarAccess[79]]
NodeName: VarAccess[79] Predecessor: [VarAccess[78]]
NodeName: VarAccess[78] Predecessor: [Entry[58]]
NodeName: Entry[58] Predecessor: []
