NodeName: Entry[15] Successors: [Exit[16]]
NodeName: Exit[16] Successors: []
NodeName: Entry[7] Successors: [Exit[8]]
NodeName: Exit[8] Successors: []
NodeName: Entry[29] Successors: [VariableDeclarator[43]]
NodeName: VariableDeclarator[43] Successors: [VariableDeclarator[51]]
NodeName: VariableDeclarator[51] Successors: [IntegerLiteral[67]]
NodeName: IntegerLiteral[67] Successors: [AssignSimpleExpr[65]]
NodeName: AssignSimpleExpr[65] Successors: [IntegerLiteral[70]]
NodeName: IntegerLiteral[70] Successors: [AssignSimpleExpr[68]]
NodeName: AssignSimpleExpr[68] Successors: [MethodAccess[62]]
NodeName: MethodAccess[62] Successors: [VariableDeclarator[59]]
NodeName: VariableDeclarator[59] Successors: [Exit[36]]
NodeName: Exit[36] Successors: []
NodeName: Entry[74] Successors: [VarAccess[94]]
NodeName: VarAccess[94] Successors: [VarAccess[95]]
NodeName: VarAccess[95] Successors: [AddExpr[93]]
NodeName: AddExpr[93] Successors: [ReturnStmt[91]]
NodeName: ReturnStmt[91] Successors: [Exit[89]]
NodeName: Exit[89] Successors: []

NodeName: Exit[16] Predecessor: [Entry[15]]
NodeName: Entry[15] Predecessor: []
NodeName: Exit[8] Predecessor: [Entry[7]]
NodeName: Entry[7] Predecessor: []
NodeName: Exit[36] Predecessor: [VariableDeclarator[59]]
NodeName: VariableDeclarator[59] Predecessor: [MethodAccess[62]]
NodeName: MethodAccess[62] Predecessor: [AssignSimpleExpr[68]]
NodeName: AssignSimpleExpr[68] Predecessor: [IntegerLiteral[70]]
NodeName: IntegerLiteral[70] Predecessor: [AssignSimpleExpr[65]]
NodeName: AssignSimpleExpr[65] Predecessor: [IntegerLiteral[67]]
NodeName: IntegerLiteral[67] Predecessor: [VariableDeclarator[51]]
NodeName: VariableDeclarator[51] Predecessor: [VariableDeclarator[43]]
NodeName: VariableDeclarator[43] Predecessor: [Entry[29]]
NodeName: Entry[29] Predecessor: []
NodeName: Exit[89] Predecessor: [ReturnStmt[91]]
NodeName: ReturnStmt[91] Predecessor: [AddExpr[93]]
NodeName: AddExpr[93] Predecessor: [VarAccess[95]]
NodeName: VarAccess[95] Predecessor: [VarAccess[94]]
NodeName: VarAccess[94] Predecessor: [Entry[74]]
NodeName: Entry[74] Predecessor: []
