NodeName: Entry[13] Successors: [VarAccess[34]]
NodeName: VarAccess[34] Successors: [IntegerLiteral[35]]
NodeName: IntegerLiteral[35] Successors: [GTExpr[33]]
NodeName: GTExpr[33] Successors: [ReturnStmt[30], VarAccess[37]]
NodeName: ReturnStmt[30] Successors: [Exit[28]]
NodeName: Exit[28] Successors: []
NodeName: VarAccess[37] Successors: [IntegerLiteral[38]]
NodeName: IntegerLiteral[38] Successors: [LTExpr[36]]
NodeName: LTExpr[36] Successors: [ReturnStmt[30]]

NodeName: Exit[28] Predecessor: [ReturnStmt[30]]
NodeName: ReturnStmt[30] Predecessor: [GTExpr[33], LTExpr[36]]
NodeName: GTExpr[33] Predecessor: [IntegerLiteral[35]]
NodeName: IntegerLiteral[35] Predecessor: [VarAccess[34]]
NodeName: VarAccess[34] Predecessor: [Entry[13]]
NodeName: Entry[13] Predecessor: []
NodeName: LTExpr[36] Predecessor: [IntegerLiteral[38]]
NodeName: IntegerLiteral[38] Predecessor: [VarAccess[37]]
NodeName: VarAccess[37] Predecessor: [GTExpr[33]]
