NodeName: Entry[15] Successors: [Exit[16]]
NodeName: Exit[16] Successors: []
NodeName: Entry[7] Successors: [Exit[8]]
NodeName: Exit[8] Successors: []
NodeName: Entry[29] Successors: [VarAccess[50]]
NodeName: VarAccess[50] Successors: [IntegerLiteral[51]]
NodeName: IntegerLiteral[51] Successors: [GTExpr[49]]
NodeName: GTExpr[49] Successors: [ReturnStmt[46], VarAccess[53]]
NodeName: ReturnStmt[46] Successors: [Exit[44]]
NodeName: Exit[44] Successors: []
NodeName: VarAccess[53] Successors: [IntegerLiteral[54]]
NodeName: IntegerLiteral[54] Successors: [LTExpr[52]]
NodeName: LTExpr[52] Successors: [ReturnStmt[46]]

NodeName: Exit[16] Predecessor: [Entry[15]]
NodeName: Entry[15] Predecessor: []
NodeName: Exit[8] Predecessor: [Entry[7]]
NodeName: Entry[7] Predecessor: []
NodeName: Exit[44] Predecessor: [ReturnStmt[46]]
NodeName: ReturnStmt[46] Predecessor: [GTExpr[49], LTExpr[52]]
NodeName: GTExpr[49] Predecessor: [IntegerLiteral[51]]
NodeName: IntegerLiteral[51] Predecessor: [VarAccess[50]]
NodeName: VarAccess[50] Predecessor: [Entry[29]]
NodeName: Entry[29] Predecessor: []
NodeName: LTExpr[52] Predecessor: [IntegerLiteral[54]]
NodeName: IntegerLiteral[54] Predecessor: [VarAccess[53]]
NodeName: VarAccess[53] Predecessor: [GTExpr[49]]
