NodeName: Entry[13] Successors: [VariableDeclarator[26]]
NodeName: VariableDeclarator[26] Successors: [VariableDeclarator[38]]
NodeName: VariableDeclarator[38] Successors: [VariableDeclarator[50]]
NodeName: VariableDeclarator[50] Successors: [Exit[13]]
NodeName: Exit[13] Successors: []

NodeName: Exit[13] Predecessor: [VariableDeclarator[50]]
NodeName: VariableDeclarator[50] Predecessor: [VariableDeclarator[38]]
NodeName: VariableDeclarator[38] Predecessor: [VariableDeclarator[26]]
NodeName: VariableDeclarator[26] Predecessor: [Entry[13]]
NodeName: Entry[13] Predecessor: []
