NodeName: Entry[15] Successors: [Exit[16]]
NodeName: Exit[16] Successors: []
NodeName: Entry[7] Successors: [VariableDeclarator[42]]
NodeName: VariableDeclarator[42] Successors: [VariableDeclarator[54]]
NodeName: VariableDeclarator[54] Successors: [VariableDeclarator[66]]
NodeName: VariableDeclarator[66] Successors: [Exit[8]]
NodeName: Exit[8] Successors: []

NodeName: Exit[16] Predecessor: [Entry[15]]
NodeName: Entry[15] Predecessor: []
NodeName: Exit[8] Predecessor: [VariableDeclarator[66]]
NodeName: VariableDeclarator[66] Predecessor: [VariableDeclarator[54]]
NodeName: VariableDeclarator[54] Predecessor: [VariableDeclarator[42]]
NodeName: VariableDeclarator[42] Predecessor: [Entry[7]]
NodeName: Entry[7] Predecessor: []
