NodeName: Entry[13] Successors: [IntegerLiteral[35]]
NodeName: IntegerLiteral[35] Successors: [VariableDeclarator[32]]
NodeName: VariableDeclarator[32] Successors: [IntegerLiteral[44]]
NodeName: IntegerLiteral[44] Successors: [VariableDeclarator[41]]
NodeName: VariableDeclarator[41] Successors: [VarAccess[46]]
NodeName: VarAccess[46] Successors: [ConstCase[49]]
NodeName: ConstCase[49] Successors: [IntegerLiteral[54], ConstCase[55]]
NodeName: IntegerLiteral[54] Successors: [AssignSimpleExpr[52]]
NodeName: AssignSimpleExpr[52] Successors: [IntegerLiteral[60]]
NodeName: IntegerLiteral[60] Successors: [AssignSimpleExpr[58]]
NodeName: AssignSimpleExpr[58] Successors: [TypeAccess[66]]
NodeName: TypeAccess[66] Successors: [VarAccess[67]]
NodeName: VarAccess[67] Successors: [VarAccess[72]]
NodeName: VarAccess[72] Successors: [VarAccess[73]]
NodeName: VarAccess[73] Successors: [AddExpr[71]]
NodeName: AddExpr[71] Successors: [MethodAccess[68]]
NodeName: MethodAccess[68] Successors: [Exit[25]]
NodeName: Exit[25] Successors: []
NodeName: ConstCase[55] Successors: [IntegerLiteral[60], ConstCase[61]]
NodeName: ConstCase[61] Successors: [TypeAccess[66], Exit[25]]

NodeName: Exit[25] Predecessor: [ConstCase[61], MethodAccess[68]]
NodeName: ConstCase[61] Predecessor: [ConstCase[55]]
NodeName: ConstCase[55] Predecessor: [ConstCase[49]]
NodeName: ConstCase[49] Predecessor: [VarAccess[46]]
NodeName: VarAccess[46] Predecessor: [VariableDeclarator[41]]
NodeName: VariableDeclarator[41] Predecessor: [IntegerLiteral[44]]
NodeName: IntegerLiteral[44] Predecessor: [VariableDeclarator[32]]
NodeName: VariableDeclarator[32] Predecessor: [IntegerLiteral[35]]
NodeName: IntegerLiteral[35] Predecessor: [Entry[13]]
NodeName: Entry[13] Predecessor: []
NodeName: MethodAccess[68] Predecessor: [AddExpr[71]]
NodeName: AddExpr[71] Predecessor: [VarAccess[73]]
NodeName: VarAccess[73] Predecessor: [VarAccess[72]]
NodeName: VarAccess[72] Predecessor: [VarAccess[67]]
NodeName: VarAccess[67] Predecessor: [TypeAccess[66]]
NodeName: TypeAccess[66] Predecessor: [AssignSimpleExpr[58], ConstCase[61]]
NodeName: AssignSimpleExpr[58] Predecessor: [IntegerLiteral[60]]
NodeName: IntegerLiteral[60] Predecessor: [AssignSimpleExpr[52], ConstCase[55]]
NodeName: AssignSimpleExpr[52] Predecessor: [IntegerLiteral[54]]
NodeName: IntegerLiteral[54] Predecessor: [ConstCase[49]]
