NodeName: Entry[15] Successors: [Exit[16]]
NodeName: Exit[16] Successors: []
NodeName: Entry[7] Successors: [Exit[8]]
NodeName: Exit[8] Successors: []
NodeName: Entry[29] Successors: [BooleanLiteral[46]]
NodeName: BooleanLiteral[46] Successors: [VariableDeclarator[43]]
NodeName: VariableDeclarator[43] Successors: [VariableDeclarator[55]]
NodeName: VariableDeclarator[55] Successors: [VarAccess[58]]
NodeName: VarAccess[58] Successors: [VariableDeclarator[55], VariableDeclarator[64]]
NodeName: VariableDeclarator[64] Successors: [Exit[36]]
NodeName: Exit[36] Successors: []

NodeName: Exit[16] Predecessor: [Entry[15]]
NodeName: Entry[15] Predecessor: []
NodeName: Exit[8] Predecessor: [Entry[7]]
NodeName: Entry[7] Predecessor: []
NodeName: Exit[36] Predecessor: [VariableDeclarator[64]]
NodeName: VariableDeclarator[64] Predecessor: [VarAccess[58]]
NodeName: VarAccess[58] Predecessor: [VariableDeclarator[55]]
NodeName: VariableDeclarator[55] Predecessor: [VariableDeclarator[43], VarAccess[58]]
NodeName: VariableDeclarator[43] Predecessor: [BooleanLiteral[46]]
NodeName: BooleanLiteral[46] Predecessor: [Entry[29]]
NodeName: Entry[29] Predecessor: []
