NodeName: Entry[13] Successors: [BooleanLiteral[30]]
NodeName: BooleanLiteral[30] Successors: [VariableDeclarator[27]]
NodeName: VariableDeclarator[27] Successors: [VariableDeclarator[39]]
NodeName: VariableDeclarator[39] Successors: [VarAccess[42]]
NodeName: VarAccess[42] Successors: [VariableDeclarator[39], VariableDeclarator[48]]
NodeName: VariableDeclarator[48] Successors: [Exit[20]]
NodeName: Exit[20] Successors: []

NodeName: Exit[20] Predecessor: [VariableDeclarator[48]]
NodeName: VariableDeclarator[48] Predecessor: [VarAccess[42]]
NodeName: VarAccess[42] Predecessor: [VariableDeclarator[39]]
NodeName: VariableDeclarator[39] Predecessor: [VariableDeclarator[27], VarAccess[42]]
NodeName: VariableDeclarator[27] Predecessor: [BooleanLiteral[30]]
NodeName: BooleanLiteral[30] Predecessor: [Entry[13]]
NodeName: Entry[13] Predecessor: []
