NodeName: Entry[12] Successors: [MethodAccess[26]]
NodeName: MethodAccess[26] Successors: [VariableDeclarator[36], UncheckedExceptions[27]]
NodeName: VariableDeclarator[36] Successors: [UncheckedExceptions[58]]
NodeName: UncheckedExceptions[58] Successors: [VariableDeclarator[64], Exit[20]]
NodeName: VariableDeclarator[64] Successors: [Exit[20]]
NodeName: Exit[20] Successors: []
NodeName: UncheckedExceptions[27] Successors: [CatchParameterDeclaration[41], Exit[20]]
NodeName: CatchParameterDeclaration[41] Successors: [VariableDeclarator[54]]
NodeName: VariableDeclarator[54] Successors: [VariableDeclarator[64]]
NodeName: Entry[68] Successors: [Exit[78]]
NodeName: Exit[78] Successors: []

NodeName: Exit[20] Predecessor: [UncheckedExceptions[58], UncheckedExceptions[27], VariableDeclarator[64]]
NodeName: UncheckedExceptions[58] Predecessor: [VariableDeclarator[36]]
NodeName: VariableDeclarator[36] Predecessor: [MethodAccess[26]]
NodeName: MethodAccess[26] Predecessor: [Entry[12]]
NodeName: Entry[12] Predecessor: []
NodeName: UncheckedExceptions[27] Predecessor: [MethodAccess[26]]
NodeName: VariableDeclarator[64] Predecessor: [UncheckedExceptions[58], VariableDeclarator[54]]
NodeName: VariableDeclarator[54] Predecessor: [CatchParameterDeclaration[41]]
NodeName: CatchParameterDeclaration[41] Predecessor: [UncheckedExceptions[27]]
NodeName: Exit[78] Predecessor: [Entry[68]]
NodeName: Entry[68] Predecessor: []
