NodeName: Entry[15] Successors: [ClassInstanceExpr[62]]
NodeName: ClassInstanceExpr[62] Successors: [ResourceDeclaration[39]]
NodeName: ResourceDeclaration[39] Successors: [ClassInstanceExpr[79]]
NodeName: ClassInstanceExpr[79] Successors: [ResourceDeclaration[71], NTACloseResource[84]]
NodeName: ResourceDeclaration[71] Successors: [TypeAccess[112]]
NodeName: TypeAccess[112] Successors: [VarAccess[113]]
NodeName: VarAccess[113] Successors: [StringLiteral[117]]
NodeName: StringLiteral[117] Successors: [MethodAccess[114]]
NodeName: MethodAccess[114] Successors: [ThrowStmt[120]]
NodeName: ThrowStmt[120] Successors: [ClassInstanceExpr[122]]
NodeName: ClassInstanceExpr[122] Successors: [NTACloseResource[132]]
NodeName: NTACloseResource[132] Successors: [NTACloseResource[136]]
NodeName: NTACloseResource[136] Successors: [UncheckedExceptions[121]]
NodeName: UncheckedExceptions[121] Successors: [ParameterDeclaration[142]]
NodeName: ParameterDeclaration[142] Successors: [TypeAccess[151]]
NodeName: TypeAccess[151] Successors: [VarAccess[152]]
NodeName: VarAccess[152] Successors: [StringLiteral[156]]
NodeName: StringLiteral[156] Successors: [MethodAccess[153]]
NodeName: MethodAccess[153] Successors: [TypeAccess[165]]
NodeName: TypeAccess[165] Successors: [VarAccess[166]]
NodeName: VarAccess[166] Successors: [StringLiteral[170]]
NodeName: StringLiteral[170] Successors: [MethodAccess[167]]
NodeName: MethodAccess[167] Successors: [Exit[35]]
NodeName: Exit[35] Successors: []
NodeName: NTACloseResource[84] Successors: [TypeAccess[96]]
NodeName: TypeAccess[96] Successors: [VarAccess[97]]
NodeName: VarAccess[97] Successors: [StringLiteral[101]]
NodeName: StringLiteral[101] Successors: [MethodAccess[98]]
NodeName: MethodAccess[98] Successors: [Exit[35]]
NodeName: Entry[182] Successors: [SuperConstructorAccess[191]]
NodeName: SuperConstructorAccess[191] Successors: [Implicit[182]]
NodeName: Implicit[182] Successors: [Exit[182]]
NodeName: Exit[182] Successors: []
NodeName: Entry[191] Successors: [Exit[203]]
NodeName: Exit[203] Successors: []
NodeName: Entry[221] Successors: [SuperConstructorAccess[231]]
NodeName: SuperConstructorAccess[231] Successors: [Implicit[221]]
NodeName: Implicit[221] Successors: [Exit[221]]
NodeName: Exit[221] Successors: []
NodeName: Entry[231] Successors: [Exit[242]]
NodeName: Exit[242] Successors: []

NodeName: Exit[35] Predecessor: [MethodAccess[98], MethodAccess[167]]
NodeName: MethodAccess[98] Predecessor: [StringLiteral[101]]
NodeName: StringLiteral[101] Predecessor: [VarAccess[97]]
NodeName: VarAccess[97] Predecessor: [TypeAccess[96]]
NodeName: TypeAccess[96] Predecessor: [NTACloseResource[84]]
NodeName: NTACloseResource[84] Predecessor: [ClassInstanceExpr[79]]
NodeName: ClassInstanceExpr[79] Predecessor: [ResourceDeclaration[39]]
NodeName: ResourceDeclaration[39] Predecessor: [ClassInstanceExpr[62]]
NodeName: ClassInstanceExpr[62] Predecessor: [Entry[15]]
NodeName: Entry[15] Predecessor: []
NodeName: MethodAccess[167] Predecessor: [StringLiteral[170]]
NodeName: StringLiteral[170] Predecessor: [VarAccess[166]]
NodeName: VarAccess[166] Predecessor: [TypeAccess[165]]
NodeName: TypeAccess[165] Predecessor: [MethodAccess[153]]
NodeName: MethodAccess[153] Predecessor: [StringLiteral[156]]
NodeName: StringLiteral[156] Predecessor: [VarAccess[152]]
NodeName: VarAccess[152] Predecessor: [TypeAccess[151]]
NodeName: TypeAccess[151] Predecessor: [ParameterDeclaration[142]]
NodeName: ParameterDeclaration[142] Predecessor: [UncheckedExceptions[121]]
NodeName: UncheckedExceptions[121] Predecessor: [NTACloseResource[136]]
NodeName: NTACloseResource[136] Predecessor: [NTACloseResource[132]]
NodeName: NTACloseResource[132] Predecessor: [ClassInstanceExpr[122]]
NodeName: ClassInstanceExpr[122] Predecessor: [ThrowStmt[120]]
NodeName: ThrowStmt[120] Predecessor: [MethodAccess[114]]
NodeName: MethodAccess[114] Predecessor: [StringLiteral[117]]
NodeName: StringLiteral[117] Predecessor: [VarAccess[113]]
NodeName: VarAccess[113] Predecessor: [TypeAccess[112]]
NodeName: TypeAccess[112] Predecessor: [ResourceDeclaration[71]]
NodeName: ResourceDeclaration[71] Predecessor: [ClassInstanceExpr[79]]
NodeName: Exit[182] Predecessor: [Implicit[182]]
NodeName: Implicit[182] Predecessor: [SuperConstructorAccess[191]]
NodeName: SuperConstructorAccess[191] Predecessor: [Entry[182]]
NodeName: Entry[182] Predecessor: []
NodeName: Exit[203] Predecessor: [Entry[191]]
NodeName: Entry[191] Predecessor: []
NodeName: Exit[221] Predecessor: [Implicit[221]]
NodeName: Implicit[221] Predecessor: [SuperConstructorAccess[231]]
NodeName: SuperConstructorAccess[231] Predecessor: [Entry[221]]
NodeName: Entry[221] Predecessor: []
NodeName: Exit[242] Predecessor: [Entry[231]]
NodeName: Entry[231] Predecessor: []
