NodeName: Entry[13] Successors: [IntegerLiteral[33]]
NodeName: IntegerLiteral[33] Successors: [VariableDeclarator[30]]
NodeName: VariableDeclarator[30] Successors: [VarAccess[39]]
NodeName: VarAccess[39] Successors: [IntegerLiteral[40]]
NodeName: IntegerLiteral[40] Successors: [GTExpr[38]]
NodeName: GTExpr[38] Successors: [UncheckedExceptions[42], UncheckedExceptions[82]]
NodeName: UncheckedExceptions[42] Successors: [VariableDeclarator[53]]
NodeName: VariableDeclarator[53] Successors: [VariableDeclarator[65]]
NodeName: VariableDeclarator[65] Successors: [ReturnStmt[41], Exit[20]]
NodeName: ReturnStmt[41] Successors: [Exit[20]]
NodeName: Exit[20] Successors: []
NodeName: UncheckedExceptions[82] Successors: [VariableDeclarator[79]]
NodeName: VariableDeclarator[79] Successors: [VariableDeclarator[88], VariableDeclarator[100]]
NodeName: VariableDeclarator[88] Successors: [UncheckedExceptions[103]]
NodeName: UncheckedExceptions[103] Successors: [VariableDeclarator[100]]
NodeName: VariableDeclarator[100] Successors: [VariableDeclarator[109], Exit[20]]
NodeName: VariableDeclarator[109] Successors: [Exit[20]]

NodeName: Exit[20] Predecessor: [ReturnStmt[41], VariableDeclarator[65], VariableDeclarator[100], VariableDeclarator[109]]
NodeName: ReturnStmt[41] Predecessor: [VariableDeclarator[65]]
NodeName: VariableDeclarator[65] Predecessor: [VariableDeclarator[53]]
NodeName: VariableDeclarator[53] Predecessor: [UncheckedExceptions[42]]
NodeName: UncheckedExceptions[42] Predecessor: [GTExpr[38]]
NodeName: GTExpr[38] Predecessor: [IntegerLiteral[40]]
NodeName: IntegerLiteral[40] Predecessor: [VarAccess[39]]
NodeName: VarAccess[39] Predecessor: [VariableDeclarator[30]]
NodeName: VariableDeclarator[30] Predecessor: [IntegerLiteral[33]]
NodeName: IntegerLiteral[33] Predecessor: [Entry[13]]
NodeName: Entry[13] Predecessor: []
NodeName: VariableDeclarator[100] Predecessor: [UncheckedExceptions[103], VariableDeclarator[79]]
NodeName: UncheckedExceptions[103] Predecessor: [VariableDeclarator[88]]
NodeName: VariableDeclarator[88] Predecessor: [VariableDeclarator[79]]
NodeName: VariableDeclarator[79] Predecessor: [UncheckedExceptions[82]]
NodeName: UncheckedExceptions[82] Predecessor: [GTExpr[38]]
NodeName: VariableDeclarator[109] Predecessor: [VariableDeclarator[100]]
