NodeName: Entry[13] Successors: [VarAccess[33]]
NodeName: VarAccess[33] Successors: [IntegerLiteral[34]]
NodeName: IntegerLiteral[34] Successors: [LTExpr[32]]
NodeName: LTExpr[32] Successors: [VarAccess[36], VariableDeclarator[54]]
NodeName: VarAccess[36] Successors: [IntegerLiteral[37]]
NodeName: IntegerLiteral[37] Successors: [GTExpr[35]]
NodeName: GTExpr[35] Successors: [VariableDeclarator[45], VariableDeclarator[54]]
NodeName: VariableDeclarator[45] Successors: [VariableDeclarator[54]]
NodeName: VariableDeclarator[54] Successors: [Exit[28]]
NodeName: Exit[28] Successors: []

NodeName: Exit[28] Predecessor: [VariableDeclarator[54]]
NodeName: VariableDeclarator[54] Predecessor: [LTExpr[32], GTExpr[35], VariableDeclarator[45]]
NodeName: LTExpr[32] Predecessor: [IntegerLiteral[34]]
NodeName: IntegerLiteral[34] Predecessor: [VarAccess[33]]
NodeName: VarAccess[33] Predecessor: [Entry[13]]
NodeName: Entry[13] Predecessor: []
NodeName: GTExpr[35] Predecessor: [IntegerLiteral[37]]
NodeName: IntegerLiteral[37] Predecessor: [VarAccess[36]]
NodeName: VarAccess[36] Predecessor: [LTExpr[32]]
NodeName: VariableDeclarator[45] Predecessor: [GTExpr[35]]
