NodeName: Entry[15] Successors: [ClassInstanceExpr[42]]
NodeName: ClassInstanceExpr[42] Successors: [VariableDeclarator[39]]
NodeName: VariableDeclarator[39] Successors: [VarAccess[53]]
NodeName: VarAccess[53] Successors: [LambdaDefinition[58]]
NodeName: LambdaDefinition[58] Successors: [MethodAccess[54]]
NodeName: MethodAccess[54] Successors: [Exit[29]]
NodeName: Exit[29] Successors: []
NodeName: Entry[59] Successors: [TypeAccess[69]]
NodeName: TypeAccess[69] Successors: [VarAccess[70]]
NodeName: VarAccess[70] Successors: [VarAccess[74]]
NodeName: VarAccess[74] Successors: [MethodAccess[71]]
NodeName: MethodAccess[71] Successors: [Exit[77]]
NodeName: Exit[77] Successors: []

NodeName: Exit[29] Predecessor: []
NodeName: Exit[77] Predecessor: [MethodAccess[71]]
NodeName: MethodAccess[71] Predecessor: [VarAccess[74]]
NodeName: VarAccess[74] Predecessor: [VarAccess[70]]
NodeName: VarAccess[70] Predecessor: [TypeAccess[69]]
NodeName: TypeAccess[69] Predecessor: [Entry[59]]
NodeName: Entry[59] Predecessor: []
