NodeName: Entry[17] Successors: [Exit[18]]
NodeName: Exit[18] Successors: []
NodeName: Entry[9] Successors: [Exit[10]]
NodeName: Exit[10] Successors: []
NodeName: Entry[31] Successors: [ClassInstanceExpr[58]]
NodeName: ClassInstanceExpr[58] Successors: [VariableDeclarator[55]]
NodeName: VariableDeclarator[55] Successors: [VarAccess[69]]
NodeName: VarAccess[69] Successors: [LambdaDefinition[74]]
NodeName: LambdaDefinition[74] Successors: [MethodAccess[70]]
NodeName: MethodAccess[70] Successors: [Exit[45]]
NodeName: Exit[45] Successors: []
NodeName: Entry[75] Successors: [TypeAccess[85]]
NodeName: TypeAccess[85] Successors: [VarAccess[86]]
NodeName: VarAccess[86] Successors: [VarAccess[90]]
NodeName: VarAccess[90] Successors: [MethodAccess[87]]
NodeName: MethodAccess[87] Successors: [Exit[93]]
NodeName: Exit[93] Successors: []

NodeName: Exit[18] Predecessor: [Entry[17]]
NodeName: Entry[17] Predecessor: []
NodeName: Exit[10] Predecessor: [Entry[9]]
NodeName: Entry[9] Predecessor: []
NodeName: Exit[45] Predecessor: [MethodAccess[70]]
NodeName: MethodAccess[70] Predecessor: [LambdaDefinition[74]]
NodeName: LambdaDefinition[74] Predecessor: [VarAccess[69]]
NodeName: VarAccess[69] Predecessor: [VariableDeclarator[55]]
NodeName: VariableDeclarator[55] Predecessor: [ClassInstanceExpr[58]]
NodeName: ClassInstanceExpr[58] Predecessor: [Entry[31]]
NodeName: Entry[31] Predecessor: []
NodeName: Exit[93] Predecessor: [MethodAccess[87]]
NodeName: MethodAccess[87] Predecessor: [VarAccess[90]]
NodeName: VarAccess[90] Predecessor: [VarAccess[86]]
NodeName: VarAccess[86] Predecessor: [TypeAccess[85]]
NodeName: TypeAccess[85] Predecessor: [Entry[75]]
NodeName: Entry[75] Predecessor: []
