NodeName: Entry[12] Successors: [IntegerLiteral[19]]
NodeName: IntegerLiteral[19] Successors: [FieldDeclarator[16]]
NodeName: FieldDeclarator[16] Successors: [Exit[12]]
NodeName: Exit[12] Successors: []
NodeName: Entry[21] Successors: [IntegerLiteral[29]]
NodeName: IntegerLiteral[29] Successors: [FieldDeclarator[26]]
NodeName: FieldDeclarator[26] Successors: [Exit[21]]
NodeName: Exit[21] Successors: []

NodeName: Exit[12] Predecessor: [FieldDeclarator[16]]
NodeName: FieldDeclarator[16] Predecessor: [IntegerLiteral[19]]
NodeName: IntegerLiteral[19] Predecessor: [Entry[12]]
NodeName: Entry[12] Predecessor: []
NodeName: Exit[21] Predecessor: [FieldDeclarator[26]]
NodeName: FieldDeclarator[26] Predecessor: [IntegerLiteral[29]]
NodeName: IntegerLiteral[29] Predecessor: [Entry[21]]
NodeName: Entry[21] Predecessor: []
