NodeName: Entry[11] Successors: [Exit[22]]
NodeName: Exit[22] Successors: []
NodeName: Entry[32] Successors: [Exit[33]]
NodeName: Exit[33] Successors: []
NodeName: Entry[24] Successors: [Exit[25]]
NodeName: Exit[25] Successors: []
NodeName: Entry[45] Successors: [SuperConstructorAccess[68]]
NodeName: SuperConstructorAccess[68] Successors: [Implicit[45]]
NodeName: Implicit[45] Successors: [TypeAccess[59]]
NodeName: TypeAccess[59] Successors: [VarAccess[60]]
NodeName: VarAccess[60] Successors: [VarAccess[64]]
NodeName: VarAccess[64] Successors: [MethodAccess[61]]
NodeName: MethodAccess[61] Successors: [Exit[45]]
NodeName: Exit[45] Successors: []
NodeName: Entry[77] Successors: [Exit[78]]
NodeName: Exit[78] Successors: []
NodeName: Entry[69] Successors: [Exit[70]]
NodeName: Exit[70] Successors: []
NodeName: Entry[91] Successors: [ClassReference[115]]
NodeName: ClassReference[115] Successors: [VariableDeclarator[112]]
NodeName: VariableDeclarator[112] Successors: [VarAccess[120]]
NodeName: VarAccess[120] Successors: [StringLiteral[124]]
NodeName: StringLiteral[124] Successors: [MethodAccess[121]]
NodeName: MethodAccess[121] Successors: [Exit[105]]
NodeName: Exit[105] Successors: []

NodeName: Exit[22] Predecessor: [Entry[11]]
NodeName: Entry[11] Predecessor: []
NodeName: Exit[33] Predecessor: [Entry[32]]
NodeName: Entry[32] Predecessor: []
NodeName: Exit[25] Predecessor: [Entry[24]]
NodeName: Entry[24] Predecessor: []
NodeName: Exit[45] Predecessor: [MethodAccess[61]]
NodeName: MethodAccess[61] Predecessor: [VarAccess[64]]
NodeName: VarAccess[64] Predecessor: [VarAccess[60]]
NodeName: VarAccess[60] Predecessor: [TypeAccess[59]]
NodeName: TypeAccess[59] Predecessor: [Implicit[45]]
NodeName: Implicit[45] Predecessor: [SuperConstructorAccess[68]]
NodeName: SuperConstructorAccess[68] Predecessor: [Entry[45]]
NodeName: Entry[45] Predecessor: []
NodeName: Exit[78] Predecessor: [Entry[77]]
NodeName: Entry[77] Predecessor: []
NodeName: Exit[70] Predecessor: [Entry[69]]
NodeName: Entry[69] Predecessor: []
NodeName: Exit[105] Predecessor: [MethodAccess[121]]
NodeName: MethodAccess[121] Predecessor: [StringLiteral[124]]
NodeName: StringLiteral[124] Predecessor: [VarAccess[120]]
NodeName: VarAccess[120] Predecessor: [VariableDeclarator[112]]
NodeName: VariableDeclarator[112] Predecessor: [ClassReference[115]]
NodeName: ClassReference[115] Predecessor: [Entry[91]]
NodeName: Entry[91] Predecessor: []
