NodeName: Entry[11] Successors: [Exit[22]]
NodeName: Exit[22] Successors: []
NodeName: Entry[29] Successors: [SuperConstructorAccess[52]]
NodeName: SuperConstructorAccess[52] Successors: [Implicit[29]]
NodeName: Implicit[29] Successors: [TypeAccess[43]]
NodeName: TypeAccess[43] Successors: [VarAccess[44]]
NodeName: VarAccess[44] Successors: [VarAccess[48]]
NodeName: VarAccess[48] Successors: [MethodAccess[45]]
NodeName: MethodAccess[45] Successors: [Exit[29]]
NodeName: Exit[29] Successors: []
NodeName: Entry[59] Successors: [ClassReference[83]]
NodeName: ClassReference[83] Successors: [VariableDeclarator[80]]
NodeName: VariableDeclarator[80] Successors: [VarAccess[88]]
NodeName: VarAccess[88] Successors: [StringLiteral[92]]
NodeName: StringLiteral[92] Successors: [MethodAccess[89]]
NodeName: MethodAccess[89] Successors: [Exit[73]]
NodeName: Exit[73] Successors: []

NodeName: Exit[22] Predecessor: [Entry[11]]
NodeName: Entry[11] Predecessor: []
NodeName: Exit[29] Predecessor: [MethodAccess[45]]
NodeName: MethodAccess[45] Predecessor: [VarAccess[48]]
NodeName: VarAccess[48] Predecessor: [VarAccess[44]]
NodeName: VarAccess[44] Predecessor: [TypeAccess[43]]
NodeName: TypeAccess[43] Predecessor: [Implicit[29]]
NodeName: Implicit[29] Predecessor: [SuperConstructorAccess[52]]
NodeName: SuperConstructorAccess[52] Predecessor: [Entry[29]]
NodeName: Entry[29] Predecessor: []
NodeName: Exit[73] Predecessor: [MethodAccess[89]]
NodeName: MethodAccess[89] Predecessor: [StringLiteral[92]]
NodeName: StringLiteral[92] Predecessor: [VarAccess[88]]
NodeName: VarAccess[88] Predecessor: [VariableDeclarator[80]]
NodeName: VariableDeclarator[80] Predecessor: [ClassReference[83]]
NodeName: ClassReference[83] Predecessor: [Entry[59]]
NodeName: Entry[59] Predecessor: []
