NodeName: Entry[15] Successors: [ClassInstanceExpr[35]]
NodeName: ClassInstanceExpr[35] Successors: [VariableDeclarator[32]]
NodeName: VariableDeclarator[32] Successors: [VarAccess[51]]
NodeName: VarAccess[51] Successors: [VariableDeclarator[48], VariableDeclarator[90]]
NodeName: VariableDeclarator[48] Successors: [IntegerLiteral[62]]
NodeName: IntegerLiteral[62] Successors: [VariableDeclarator[59]]
NodeName: VariableDeclarator[59] Successors: [VarAccess[65]]
NodeName: VarAccess[65] Successors: [StringLiteral[69]]
NodeName: StringLiteral[69] Successors: [MethodAccess[66]]
NodeName: MethodAccess[66] Successors: [VariableDeclarator[90], IntegerLiteral[84]]
NodeName: VariableDeclarator[90] Successors: [IntegerLiteral[96]]
NodeName: IntegerLiteral[96] Successors: [AssignSimpleExpr[94]]
NodeName: AssignSimpleExpr[94] Successors: [Exit[22]]
NodeName: Exit[22] Successors: []
NodeName: IntegerLiteral[84] Successors: [VariableDeclarator[81]]
NodeName: VariableDeclarator[81] Successors: [VarAccess[51]]

NodeName: Exit[22] Predecessor: [AssignSimpleExpr[94]]
NodeName: AssignSimpleExpr[94] Predecessor: [IntegerLiteral[96]]
NodeName: IntegerLiteral[96] Predecessor: [VariableDeclarator[90]]
NodeName: VariableDeclarator[90] Predecessor: [VarAccess[51], MethodAccess[66]]
NodeName: VarAccess[51] Predecessor: [VariableDeclarator[32], VariableDeclarator[81]]
NodeName: VariableDeclarator[32] Predecessor: [ClassInstanceExpr[35]]
NodeName: ClassInstanceExpr[35] Predecessor: [Entry[15]]
NodeName: Entry[15] Predecessor: []
NodeName: VariableDeclarator[81] Predecessor: [IntegerLiteral[84]]
NodeName: IntegerLiteral[84] Predecessor: [MethodAccess[66]]
NodeName: MethodAccess[66] Predecessor: [StringLiteral[69]]
NodeName: StringLiteral[69] Predecessor: [VarAccess[65]]
NodeName: VarAccess[65] Predecessor: [VariableDeclarator[59]]
NodeName: VariableDeclarator[59] Predecessor: [IntegerLiteral[62]]
NodeName: IntegerLiteral[62] Predecessor: [VariableDeclarator[48]]
NodeName: VariableDeclarator[48] Predecessor: [VarAccess[51]]
