NodeName: Entry[17] Successors: [Exit[18]]
NodeName: Exit[18] Successors: []
NodeName: Entry[9] Successors: [Exit[10]]
NodeName: Exit[10] Successors: []
NodeName: Entry[31] Successors: [ClassInstanceExpr[51]]
NodeName: ClassInstanceExpr[51] Successors: [VariableDeclarator[48]]
NodeName: VariableDeclarator[48] Successors: [VarAccess[67]]
NodeName: VarAccess[67] Successors: [VariableDeclarator[64], VariableDeclarator[106]]
NodeName: VariableDeclarator[64] Successors: [IntegerLiteral[78]]
NodeName: IntegerLiteral[78] Successors: [VariableDeclarator[75]]
NodeName: VariableDeclarator[75] Successors: [VarAccess[81]]
NodeName: VarAccess[81] Successors: [StringLiteral[85]]
NodeName: StringLiteral[85] Successors: [MethodAccess[82]]
NodeName: MethodAccess[82] Successors: [VariableDeclarator[106], IntegerLiteral[100]]
NodeName: VariableDeclarator[106] Successors: [IntegerLiteral[112]]
NodeName: IntegerLiteral[112] Successors: [AssignSimpleExpr[110]]
NodeName: AssignSimpleExpr[110] Successors: [Exit[38]]
NodeName: Exit[38] Successors: []
NodeName: IntegerLiteral[100] Successors: [VariableDeclarator[97]]
NodeName: VariableDeclarator[97] Successors: [VarAccess[67]]

NodeName: Exit[18] Predecessor: [Entry[17]]
NodeName: Entry[17] Predecessor: []
NodeName: Exit[10] Predecessor: [Entry[9]]
NodeName: Entry[9] Predecessor: []
NodeName: Exit[38] Predecessor: [AssignSimpleExpr[110]]
NodeName: AssignSimpleExpr[110] Predecessor: [IntegerLiteral[112]]
NodeName: IntegerLiteral[112] Predecessor: [VariableDeclarator[106]]
NodeName: VariableDeclarator[106] Predecessor: [VarAccess[67], MethodAccess[82]]
NodeName: VarAccess[67] Predecessor: [VariableDeclarator[48], VariableDeclarator[97]]
NodeName: VariableDeclarator[48] Predecessor: [ClassInstanceExpr[51]]
NodeName: ClassInstanceExpr[51] Predecessor: [Entry[31]]
NodeName: Entry[31] Predecessor: []
NodeName: VariableDeclarator[97] Predecessor: [IntegerLiteral[100]]
NodeName: IntegerLiteral[100] Predecessor: [MethodAccess[82]]
NodeName: MethodAccess[82] Predecessor: [StringLiteral[85]]
NodeName: StringLiteral[85] Predecessor: [VarAccess[81]]
NodeName: VarAccess[81] Predecessor: [VariableDeclarator[75]]
NodeName: VariableDeclarator[75] Predecessor: [IntegerLiteral[78]]
NodeName: IntegerLiteral[78] Predecessor: [VariableDeclarator[64]]
NodeName: VariableDeclarator[64] Predecessor: [VarAccess[67]]
