NodeName: Entry[15] Successors: [Exit[16]]
NodeName: Exit[16] Successors: []
NodeName: Entry[7] Successors: [Exit[8]]
NodeName: Exit[8] Successors: []
NodeName: Entry[29] Successors: [VariableDeclarator[43]]
NodeName: VariableDeclarator[43] Successors: [VariableDeclarator[51]]
NodeName: VariableDeclarator[51] Successors: [IntegerLiteral[64]]
NodeName: IntegerLiteral[64] Successors: [VariableDeclarator[61]]
NodeName: VariableDeclarator[61] Successors: [IntegerLiteral[68]]
NodeName: IntegerLiteral[68] Successors: [VariableDeclarator[65]]
NodeName: VariableDeclarator[65] Successors: [VarAccess[71]]
NodeName: VarAccess[71] Successors: [IntegerLiteral[72]]
NodeName: IntegerLiteral[72] Successors: [LTExpr[70]]
NodeName: LTExpr[70] Successors: [IntegerLiteral[85], VariableDeclarator[91]]
NodeName: IntegerLiteral[85] Successors: [AssignSimpleExpr[83]]
NodeName: AssignSimpleExpr[83] Successors: [PostIncExpr[75]]
NodeName: PostIncExpr[75] Successors: [PostDecExpr[78]]
NodeName: PostDecExpr[78] Successors: [VarAccess[71]]
NodeName: VariableDeclarator[91] Successors: [Exit[36]]
NodeName: Exit[36] Successors: []

NodeName: Exit[16] Predecessor: [Entry[15]]
NodeName: Entry[15] Predecessor: []
NodeName: Exit[8] Predecessor: [Entry[7]]
NodeName: Entry[7] Predecessor: []
NodeName: Exit[36] Predecessor: [VariableDeclarator[91]]
NodeName: VariableDeclarator[91] Predecessor: [LTExpr[70]]
NodeName: LTExpr[70] Predecessor: [IntegerLiteral[72]]
NodeName: IntegerLiteral[72] Predecessor: [VarAccess[71]]
NodeName: VarAccess[71] Predecessor: [VariableDeclarator[65], PostDecExpr[78]]
NodeName: VariableDeclarator[65] Predecessor: [IntegerLiteral[68]]
NodeName: IntegerLiteral[68] Predecessor: [VariableDeclarator[61]]
NodeName: VariableDeclarator[61] Predecessor: [IntegerLiteral[64]]
NodeName: IntegerLiteral[64] Predecessor: [VariableDeclarator[51]]
NodeName: VariableDeclarator[51] Predecessor: [VariableDeclarator[43]]
NodeName: VariableDeclarator[43] Predecessor: [Entry[29]]
NodeName: Entry[29] Predecessor: []
NodeName: PostDecExpr[78] Predecessor: [PostIncExpr[75]]
NodeName: PostIncExpr[75] Predecessor: [AssignSimpleExpr[83]]
NodeName: AssignSimpleExpr[83] Predecessor: [IntegerLiteral[85]]
NodeName: IntegerLiteral[85] Predecessor: [LTExpr[70]]
