NodeName: Entry[13] Successors: [VariableDeclarator[27]]
NodeName: VariableDeclarator[27] Successors: [VariableDeclarator[35]]
NodeName: VariableDeclarator[35] Successors: [IntegerLiteral[48]]
NodeName: IntegerLiteral[48] Successors: [VariableDeclarator[45]]
NodeName: VariableDeclarator[45] Successors: [IntegerLiteral[52]]
NodeName: IntegerLiteral[52] Successors: [VariableDeclarator[49]]
NodeName: VariableDeclarator[49] Successors: [VarAccess[55]]
NodeName: VarAccess[55] Successors: [IntegerLiteral[56]]
NodeName: IntegerLiteral[56] Successors: [LTExpr[54]]
NodeName: LTExpr[54] Successors: [IntegerLiteral[69], VariableDeclarator[75]]
NodeName: IntegerLiteral[69] Successors: [AssignSimpleExpr[67]]
NodeName: AssignSimpleExpr[67] Successors: [PostIncExpr[59]]
NodeName: PostIncExpr[59] Successors: [PostDecExpr[62]]
NodeName: PostDecExpr[62] Successors: [VarAccess[55]]
NodeName: VariableDeclarator[75] Successors: [Exit[20]]
NodeName: Exit[20] Successors: []

NodeName: Exit[20] Predecessor: [VariableDeclarator[75]]
NodeName: VariableDeclarator[75] Predecessor: [LTExpr[54]]
NodeName: LTExpr[54] Predecessor: [IntegerLiteral[56]]
NodeName: IntegerLiteral[56] Predecessor: [VarAccess[55]]
NodeName: VarAccess[55] Predecessor: [VariableDeclarator[49], PostDecExpr[62]]
NodeName: VariableDeclarator[49] Predecessor: [IntegerLiteral[52]]
NodeName: IntegerLiteral[52] Predecessor: [VariableDeclarator[45]]
NodeName: VariableDeclarator[45] Predecessor: [IntegerLiteral[48]]
NodeName: IntegerLiteral[48] Predecessor: [VariableDeclarator[35]]
NodeName: VariableDeclarator[35] Predecessor: [VariableDeclarator[27]]
NodeName: VariableDeclarator[27] Predecessor: [Entry[13]]
NodeName: Entry[13] Predecessor: []
NodeName: PostDecExpr[62] Predecessor: [PostIncExpr[59]]
NodeName: PostIncExpr[59] Predecessor: [AssignSimpleExpr[67]]
NodeName: AssignSimpleExpr[67] Predecessor: [IntegerLiteral[69]]
NodeName: IntegerLiteral[69] Predecessor: [LTExpr[54]]
