NodeName: Entry[15] Successors: [Exit[16]]
NodeName: Exit[16] Successors: []
NodeName: Entry[7] Successors: [BooleanLiteral[32]]
NodeName: BooleanLiteral[32] Successors: [BooleanLiteral[36], VariableDeclarator[59]]
NodeName: BooleanLiteral[36] Successors: [BooleanLiteral[40], VariableDeclarator[59]]
NodeName: BooleanLiteral[40] Successors: [VariableDeclarator[48], VariableDeclarator[59]]
NodeName: VariableDeclarator[48] Successors: [VariableDeclarator[59]]
NodeName: VariableDeclarator[59] Successors: [Exit[8]]
NodeName: Exit[8] Successors: []

NodeName: Exit[16] Predecessor: [Entry[15]]
NodeName: Entry[15] Predecessor: []
NodeName: Exit[8] Predecessor: [VariableDeclarator[59]]
NodeName: VariableDeclarator[59] Predecessor: [BooleanLiteral[32], BooleanLiteral[36], BooleanLiteral[40], VariableDeclarator[48]]
NodeName: BooleanLiteral[32] Predecessor: [Entry[7]]
NodeName: Entry[7] Predecessor: []
NodeName: BooleanLiteral[36] Predecessor: [BooleanLiteral[32]]
NodeName: BooleanLiteral[40] Predecessor: [BooleanLiteral[36]]
NodeName: VariableDeclarator[48] Predecessor: [BooleanLiteral[40]]
