NodeName: Entry[13] Successors: [BooleanLiteral[16]]
NodeName: BooleanLiteral[16] Successors: [BooleanLiteral[20], VariableDeclarator[43]]
NodeName: BooleanLiteral[20] Successors: [BooleanLiteral[24], VariableDeclarator[43]]
NodeName: BooleanLiteral[24] Successors: [VariableDeclarator[32], VariableDeclarator[43]]
NodeName: VariableDeclarator[32] Successors: [VariableDeclarator[43]]
NodeName: VariableDeclarator[43] Successors: [Exit[13]]
NodeName: Exit[13] Successors: []

NodeName: Exit[13] Predecessor: [VariableDeclarator[43]]
NodeName: VariableDeclarator[43] Predecessor: [BooleanLiteral[16], BooleanLiteral[20], BooleanLiteral[24], VariableDeclarator[32]]
NodeName: BooleanLiteral[16] Predecessor: [Entry[13]]
NodeName: Entry[13] Predecessor: []
NodeName: BooleanLiteral[20] Predecessor: [BooleanLiteral[16]]
NodeName: BooleanLiteral[24] Predecessor: [BooleanLiteral[20]]
NodeName: VariableDeclarator[32] Predecessor: [BooleanLiteral[24]]
