NodeName: Entry[17] Successors: [Exit[18]]
NodeName: Exit[18] Successors: []
NodeName: Entry[9] Successors: [Exit[10]]
NodeName: Exit[10] Successors: []
NodeName: Entry[30] Successors: [ClassInstanceExpr[50]]
NodeName: ClassInstanceExpr[50] Successors: [VariableDeclarator[47]]
NodeName: VariableDeclarator[47] Successors: [VarAccess[66]]
NodeName: VarAccess[66] Successors: [VariableDeclarator[63], VariableDeclarator[133]]
NodeName: VariableDeclarator[63] Successors: [IntegerLiteral[77]]
NodeName: IntegerLiteral[77] Successors: [VariableDeclarator[74]]
NodeName: VariableDeclarator[74] Successors: [VarAccess[83]]
NodeName: VarAccess[83] Successors: [StringLiteral[87]]
NodeName: StringLiteral[87] Successors: [MethodAccess[84]]
NodeName: MethodAccess[84] Successors: [UncheckedExceptions[91], UncheckedExceptions[118]]
NodeName: UncheckedExceptions[91] Successors: [VariableDeclarator[101]]
NodeName: VariableDeclarator[101] Successors: [VarAccess[66], Exit[37]]
NodeName: Exit[37] Successors: []
NodeName: UncheckedExceptions[118] Successors: [VariableDeclarator[115]]
NodeName: VariableDeclarator[115] Successors: [IntegerLiteral[127], Exit[37]]
NodeName: IntegerLiteral[127] Successors: [VariableDeclarator[124]]
NodeName: VariableDeclarator[124] Successors: [VarAccess[66]]
NodeName: VariableDeclarator[133] Successors: [Exit[37]]

NodeName: Exit[18] Predecessor: [Entry[17]]
NodeName: Entry[17] Predecessor: []
NodeName: Exit[10] Predecessor: [Entry[9]]
NodeName: Entry[9] Predecessor: []
NodeName: Exit[37] Predecessor: [VariableDeclarator[101], VariableDeclarator[115], VariableDeclarator[133]]
NodeName: VariableDeclarator[101] Predecessor: [UncheckedExceptions[91]]
NodeName: UncheckedExceptions[91] Predecessor: [MethodAccess[84]]
NodeName: MethodAccess[84] Predecessor: [StringLiteral[87]]
NodeName: StringLiteral[87] Predecessor: [VarAccess[83]]
NodeName: VarAccess[83] Predecessor: [VariableDeclarator[74]]
NodeName: VariableDeclarator[74] Predecessor: [IntegerLiteral[77]]
NodeName: IntegerLiteral[77] Predecessor: [VariableDeclarator[63]]
NodeName: VariableDeclarator[63] Predecessor: [VarAccess[66]]
NodeName: VarAccess[66] Predecessor: [VariableDeclarator[47], VariableDeclarator[101], VariableDeclarator[124]]
NodeName: VariableDeclarator[47] Predecessor: [ClassInstanceExpr[50]]
NodeName: ClassInstanceExpr[50] Predecessor: [Entry[30]]
NodeName: Entry[30] Predecessor: []
NodeName: VariableDeclarator[124] Predecessor: [IntegerLiteral[127]]
NodeName: IntegerLiteral[127] Predecessor: [VariableDeclarator[115]]
NodeName: VariableDeclarator[115] Predecessor: [UncheckedExceptions[118]]
NodeName: UncheckedExceptions[118] Predecessor: [MethodAccess[84]]
NodeName: VariableDeclarator[133] Predecessor: [VarAccess[66]]
