NodeName: Entry[15] Successors: [Exit[16]]
NodeName: Exit[16] Successors: []
NodeName: Entry[7] Successors: [Exit[8]]
NodeName: Exit[8] Successors: []
NodeName: Entry[29] Successors: [VarAccess[44]]
NodeName: VarAccess[44] Successors: [TypeAccess[50], TypeAccess[113]]
NodeName: TypeAccess[50] Successors: [VarAccess[51]]
NodeName: VarAccess[51] Successors: [StringLiteral[55]]
NodeName: StringLiteral[55] Successors: [MethodAccess[52]]
NodeName: MethodAccess[52] Successors: [VariableDeclarator[66]]
NodeName: VariableDeclarator[66] Successors: [UncheckedExceptions[70]]
NodeName: UncheckedExceptions[70] Successors: [TypeAccess[79]]
NodeName: TypeAccess[79] Successors: [VarAccess[80]]
NodeName: VarAccess[80] Successors: [StringLiteral[84]]
NodeName: StringLiteral[84] Successors: [MethodAccess[81]]
NodeName: MethodAccess[81] Successors: [ReturnStmt[87]]
NodeName: ReturnStmt[87] Successors: [Exit[41]]
NodeName: Exit[41] Successors: []
NodeName: TypeAccess[113] Successors: [VarAccess[114]]
NodeName: VarAccess[114] Successors: [StringLiteral[118]]
NodeName: StringLiteral[118] Successors: [MethodAccess[115]]
NodeName: MethodAccess[115] Successors: [Exit[41]]

NodeName: Exit[16] Predecessor: [Entry[15]]
NodeName: Entry[15] Predecessor: []
NodeName: Exit[8] Predecessor: [Entry[7]]
NodeName: Entry[7] Predecessor: []
NodeName: Exit[41] Predecessor: [ReturnStmt[87], MethodAccess[115]]
NodeName: ReturnStmt[87] Predecessor: [MethodAccess[81]]
NodeName: MethodAccess[81] Predecessor: [StringLiteral[84]]
NodeName: StringLiteral[84] Predecessor: [VarAccess[80]]
NodeName: VarAccess[80] Predecessor: [TypeAccess[79]]
NodeName: TypeAccess[79] Predecessor: [UncheckedExceptions[70]]
NodeName: UncheckedExceptions[70] Predecessor: [VariableDeclarator[66]]
NodeName: VariableDeclarator[66] Predecessor: [MethodAccess[52]]
NodeName: MethodAccess[52] Predecessor: [StringLiteral[55]]
NodeName: StringLiteral[55] Predecessor: [VarAccess[51]]
NodeName: VarAccess[51] Predecessor: [TypeAccess[50]]
NodeName: TypeAccess[50] Predecessor: [VarAccess[44]]
NodeName: VarAccess[44] Predecessor: [Entry[29]]
NodeName: Entry[29] Predecessor: []
NodeName: MethodAccess[115] Predecessor: [StringLiteral[118]]
NodeName: StringLiteral[118] Predecessor: [VarAccess[114]]
NodeName: VarAccess[114] Predecessor: [TypeAccess[113]]
NodeName: TypeAccess[113] Predecessor: [VarAccess[44]]
