NodeName: Entry[13] Successors: [VarAccess[28]]
NodeName: VarAccess[28] Successors: [TypeAccess[34], TypeAccess[97]]
NodeName: TypeAccess[34] Successors: [VarAccess[35]]
NodeName: VarAccess[35] Successors: [StringLiteral[39]]
NodeName: StringLiteral[39] Successors: [MethodAccess[36]]
NodeName: MethodAccess[36] Successors: [VariableDeclarator[50]]
NodeName: VariableDeclarator[50] Successors: [UncheckedExceptions[54]]
NodeName: UncheckedExceptions[54] Successors: [TypeAccess[63]]
NodeName: TypeAccess[63] Successors: [VarAccess[64]]
NodeName: VarAccess[64] Successors: [StringLiteral[68]]
NodeName: StringLiteral[68] Successors: [MethodAccess[65]]
NodeName: MethodAccess[65] Successors: [ReturnStmt[71]]
NodeName: ReturnStmt[71] Successors: [Exit[25]]
NodeName: Exit[25] Successors: []
NodeName: TypeAccess[97] Successors: [VarAccess[98]]
NodeName: VarAccess[98] Successors: [StringLiteral[102]]
NodeName: StringLiteral[102] Successors: [MethodAccess[99]]
NodeName: MethodAccess[99] Successors: [Exit[25]]

NodeName: Exit[25] Predecessor: [ReturnStmt[71], MethodAccess[99]]
NodeName: ReturnStmt[71] Predecessor: [MethodAccess[65]]
NodeName: MethodAccess[65] Predecessor: [StringLiteral[68]]
NodeName: StringLiteral[68] Predecessor: [VarAccess[64]]
NodeName: VarAccess[64] Predecessor: [TypeAccess[63]]
NodeName: TypeAccess[63] Predecessor: [UncheckedExceptions[54]]
NodeName: UncheckedExceptions[54] Predecessor: [VariableDeclarator[50]]
NodeName: VariableDeclarator[50] Predecessor: [MethodAccess[36]]
NodeName: MethodAccess[36] Predecessor: [StringLiteral[39]]
NodeName: StringLiteral[39] Predecessor: [VarAccess[35]]
NodeName: VarAccess[35] Predecessor: [TypeAccess[34]]
NodeName: TypeAccess[34] Predecessor: [VarAccess[28]]
NodeName: VarAccess[28] Predecessor: [Entry[13]]
NodeName: Entry[13] Predecessor: []
NodeName: MethodAccess[99] Predecessor: [StringLiteral[102]]
NodeName: StringLiteral[102] Predecessor: [VarAccess[98]]
NodeName: VarAccess[98] Predecessor: [TypeAccess[97]]
NodeName: TypeAccess[97] Predecessor: [VarAccess[28]]
