NodeName: Entry[13] Successors: [IntegerLiteral[21]]
NodeName: IntegerLiteral[21] Successors: [ConstructorAccess[19]]
NodeName: ConstructorAccess[19] Successors: [VariableDeclarator[29]]
NodeName: VariableDeclarator[29] Successors: [Exit[13]]
NodeName: Exit[13] Successors: []
NodeName: Entry[33] Successors: [SuperConstructorAccess[53]]
NodeName: SuperConstructorAccess[53] Successors: [Implicit[33]]
NodeName: Implicit[33] Successors: [VariableDeclarator[49]]
NodeName: VariableDeclarator[49] Successors: [Exit[33]]
NodeName: Exit[33] Successors: []

NodeName: Exit[13] Predecessor: [VariableDeclarator[29]]
NodeName: VariableDeclarator[29] Predecessor: [ConstructorAccess[19]]
NodeName: ConstructorAccess[19] Predecessor: [IntegerLiteral[21]]
NodeName: IntegerLiteral[21] Predecessor: [Entry[13]]
NodeName: Entry[13] Predecessor: []
NodeName: Exit[33] Predecessor: [VariableDeclarator[49]]
NodeName: VariableDeclarator[49] Predecessor: [Implicit[33]]
NodeName: Implicit[33] Predecessor: [SuperConstructorAccess[53]]
NodeName: SuperConstructorAccess[53] Predecessor: [Entry[33]]
NodeName: Entry[33] Predecessor: []
