NodeName: Entry[15] Successors: [Exit[16]]
NodeName: Exit[16] Successors: []
NodeName: Entry[7] Successors: [Exit[8]]
NodeName: Exit[8] Successors: []
NodeName: Entry[29] Successors: [IntegerLiteral[37]]
NodeName: IntegerLiteral[37] Successors: [ConstructorAccess[35]]
NodeName: ConstructorAccess[35] Successors: [VariableDeclarator[45]]
NodeName: VariableDeclarator[45] Successors: [Exit[29]]
NodeName: Exit[29] Successors: []
NodeName: Entry[49] Successors: [SuperConstructorAccess[69]]
NodeName: SuperConstructorAccess[69] Successors: [Implicit[49]]
NodeName: Implicit[49] Successors: [VariableDeclarator[65]]
NodeName: VariableDeclarator[65] Successors: [Exit[49]]
NodeName: Exit[49] Successors: []

NodeName: Exit[16] Predecessor: [Entry[15]]
NodeName: Entry[15] Predecessor: []
NodeName: Exit[8] Predecessor: [Entry[7]]
NodeName: Entry[7] Predecessor: []
NodeName: Exit[29] Predecessor: [VariableDeclarator[45]]
NodeName: VariableDeclarator[45] Predecessor: [ConstructorAccess[35]]
NodeName: ConstructorAccess[35] Predecessor: [IntegerLiteral[37]]
NodeName: IntegerLiteral[37] Predecessor: [Entry[29]]
NodeName: Entry[29] Predecessor: []
NodeName: Exit[49] Predecessor: [VariableDeclarator[65]]
NodeName: VariableDeclarator[65] Predecessor: [Implicit[49]]
NodeName: Implicit[49] Predecessor: [SuperConstructorAccess[69]]
NodeName: SuperConstructorAccess[69] Predecessor: [Entry[49]]
NodeName: Entry[49] Predecessor: []
