NodeName: Entry[13] Successors: [IntegerLiteral[25]]
NodeName: IntegerLiteral[25] Successors: [VariableDeclarator[22]]
NodeName: VariableDeclarator[22] Successors: [VarAccess[28]]
NodeName: VarAccess[28] Successors: [IntegerLiteral[29]]
NodeName: IntegerLiteral[29] Successors: [LTExpr[27]]
NodeName: LTExpr[27] Successors: [Exit[13]]
NodeName: Exit[13] Successors: []

NodeName: Exit[13] Predecessor: [LTExpr[27]]
NodeName: LTExpr[27] Predecessor: [IntegerLiteral[29]]
NodeName: IntegerLiteral[29] Predecessor: [VarAccess[28]]
NodeName: VarAccess[28] Predecessor: [VariableDeclarator[22]]
NodeName: VariableDeclarator[22] Predecessor: [IntegerLiteral[25]]
NodeName: IntegerLiteral[25] Predecessor: [Entry[13]]
NodeName: Entry[13] Predecessor: []
