NodeName: Entry[15] Successors: [Exit[16]]
NodeName: Exit[16] Successors: []
NodeName: Entry[7] Successors: [IntegerLiteral[41]]
NodeName: IntegerLiteral[41] Successors: [VariableDeclarator[38]]
NodeName: VariableDeclarator[38] Successors: [VarAccess[44]]
NodeName: VarAccess[44] Successors: [IntegerLiteral[45]]
NodeName: IntegerLiteral[45] Successors: [LTExpr[43]]
NodeName: LTExpr[43] Successors: [Exit[8]]
NodeName: Exit[8] Successors: []

NodeName: Exit[16] Predecessor: [Entry[15]]
NodeName: Entry[15] Predecessor: []
NodeName: Exit[8] Predecessor: [LTExpr[43]]
NodeName: LTExpr[43] Predecessor: [IntegerLiteral[45]]
NodeName: IntegerLiteral[45] Predecessor: [VarAccess[44]]
NodeName: VarAccess[44] Predecessor: [VariableDeclarator[38]]
NodeName: VariableDeclarator[38] Predecessor: [IntegerLiteral[41]]
NodeName: IntegerLiteral[41] Predecessor: [Entry[7]]
NodeName: Entry[7] Predecessor: []
