NodeName: Entry[13] Successors: [VarAccess[46]]
NodeName: VarAccess[46] Successors: [IntegerLiteral[47]]
NodeName: IntegerLiteral[47] Successors: [GTExpr[45]]
NodeName: GTExpr[45] Successors: [VarAccess[49], VarAccess[53]]
NodeName: VarAccess[49] Successors: [IntegerLiteral[50]]
NodeName: IntegerLiteral[50] Successors: [LTExpr[48]]
NodeName: LTExpr[48] Successors: [VarAccess[53]]
NodeName: VarAccess[53] Successors: [IntegerLiteral[54]]
NodeName: IntegerLiteral[54] Successors: [GTExpr[52]]
NodeName: GTExpr[52] Successors: [VarAccess[62], VarAccess[56]]
NodeName: VarAccess[62] Successors: [IntegerLiteral[63]]
NodeName: IntegerLiteral[63] Successors: [GTExpr[61]]
NodeName: GTExpr[61] Successors: [VarAccess[65], VariableDeclarator[37]]
NodeName: VarAccess[65] Successors: [IntegerLiteral[66]]
NodeName: IntegerLiteral[66] Successors: [LTExpr[64]]
NodeName: LTExpr[64] Successors: [VariableDeclarator[37]]
NodeName: VariableDeclarator[37] Successors: [Exit[28]]
NodeName: Exit[28] Successors: []
NodeName: VarAccess[56] Successors: [IntegerLiteral[57]]
NodeName: IntegerLiteral[57] Successors: [LTExpr[55]]
NodeName: LTExpr[55] Successors: [VarAccess[62]]

NodeName: Exit[28] Predecessor: [VariableDeclarator[37]]
NodeName: VariableDeclarator[37] Predecessor: [GTExpr[61], LTExpr[64]]
NodeName: GTExpr[61] Predecessor: [IntegerLiteral[63]]
NodeName: IntegerLiteral[63] Predecessor: [VarAccess[62]]
NodeName: VarAccess[62] Predecessor: [GTExpr[52], LTExpr[55]]
NodeName: GTExpr[52] Predecessor: [IntegerLiteral[54]]
NodeName: IntegerLiteral[54] Predecessor: [VarAccess[53]]
NodeName: VarAccess[53] Predecessor: [GTExpr[45], LTExpr[48]]
NodeName: GTExpr[45] Predecessor: [IntegerLiteral[47]]
NodeName: IntegerLiteral[47] Predecessor: [VarAccess[46]]
NodeName: VarAccess[46] Predecessor: [Entry[13]]
NodeName: Entry[13] Predecessor: []
NodeName: LTExpr[48] Predecessor: [IntegerLiteral[50]]
NodeName: IntegerLiteral[50] Predecessor: [VarAccess[49]]
NodeName: VarAccess[49] Predecessor: [GTExpr[45]]
NodeName: LTExpr[55] Predecessor: [IntegerLiteral[57]]
NodeName: IntegerLiteral[57] Predecessor: [VarAccess[56]]
NodeName: VarAccess[56] Predecessor: [GTExpr[52]]
NodeName: LTExpr[64] Predecessor: [IntegerLiteral[66]]
NodeName: IntegerLiteral[66] Predecessor: [VarAccess[65]]
NodeName: VarAccess[65] Predecessor: [GTExpr[61]]
