NodeName: Entry[15] Successors: [Exit[16]]
NodeName: Exit[16] Successors: []
NodeName: Entry[7] Successors: [Exit[8]]
NodeName: Exit[8] Successors: []
NodeName: Entry[29] Successors: [VarAccess[62]]
NodeName: VarAccess[62] Successors: [IntegerLiteral[63]]
NodeName: IntegerLiteral[63] Successors: [GTExpr[61]]
NodeName: GTExpr[61] Successors: [VarAccess[65], VarAccess[69]]
NodeName: VarAccess[65] Successors: [IntegerLiteral[66]]
NodeName: IntegerLiteral[66] Successors: [LTExpr[64]]
NodeName: LTExpr[64] Successors: [VarAccess[69]]
NodeName: VarAccess[69] Successors: [IntegerLiteral[70]]
NodeName: IntegerLiteral[70] Successors: [GTExpr[68]]
NodeName: GTExpr[68] Successors: [VarAccess[78], VarAccess[72]]
NodeName: VarAccess[78] Successors: [IntegerLiteral[79]]
NodeName: IntegerLiteral[79] Successors: [GTExpr[77]]
NodeName: GTExpr[77] Successors: [VarAccess[81], VariableDeclarator[53]]
NodeName: VarAccess[81] Successors: [IntegerLiteral[82]]
NodeName: IntegerLiteral[82] Successors: [LTExpr[80]]
NodeName: LTExpr[80] Successors: [VariableDeclarator[53]]
NodeName: VariableDeclarator[53] Successors: [Exit[44]]
NodeName: Exit[44] Successors: []
NodeName: VarAccess[72] Successors: [IntegerLiteral[73]]
NodeName: IntegerLiteral[73] Successors: [LTExpr[71]]
NodeName: LTExpr[71] Successors: [VarAccess[78]]

NodeName: Exit[16] Predecessor: [Entry[15]]
NodeName: Entry[15] Predecessor: []
NodeName: Exit[8] Predecessor: [Entry[7]]
NodeName: Entry[7] Predecessor: []
NodeName: Exit[44] Predecessor: [VariableDeclarator[53]]
NodeName: VariableDeclarator[53] Predecessor: [GTExpr[77], LTExpr[80]]
NodeName: GTExpr[77] Predecessor: [IntegerLiteral[79]]
NodeName: IntegerLiteral[79] Predecessor: [VarAccess[78]]
NodeName: VarAccess[78] Predecessor: [GTExpr[68], LTExpr[71]]
NodeName: GTExpr[68] Predecessor: [IntegerLiteral[70]]
NodeName: IntegerLiteral[70] Predecessor: [VarAccess[69]]
NodeName: VarAccess[69] Predecessor: [GTExpr[61], LTExpr[64]]
NodeName: GTExpr[61] Predecessor: [IntegerLiteral[63]]
NodeName: IntegerLiteral[63] Predecessor: [VarAccess[62]]
NodeName: VarAccess[62] Predecessor: [Entry[29]]
NodeName: Entry[29] Predecessor: []
NodeName: LTExpr[64] Predecessor: [IntegerLiteral[66]]
NodeName: IntegerLiteral[66] Predecessor: [VarAccess[65]]
NodeName: VarAccess[65] Predecessor: [GTExpr[61]]
NodeName: LTExpr[71] Predecessor: [IntegerLiteral[73]]
NodeName: IntegerLiteral[73] Predecessor: [VarAccess[72]]
NodeName: VarAccess[72] Predecessor: [GTExpr[68]]
NodeName: LTExpr[80] Predecessor: [IntegerLiteral[82]]
NodeName: IntegerLiteral[82] Predecessor: [VarAccess[81]]
NodeName: VarAccess[81] Predecessor: [GTExpr[77]]
