NodeName: Entry[13] Successors: [VariableDeclarator[34]]
NodeName: VariableDeclarator[34] Successors: [VariableDeclarator[45]]
NodeName: VariableDeclarator[45] Successors: [VariableDeclarator[56]]
NodeName: VariableDeclarator[56] Successors: [VarAccess[60]]
NodeName: VarAccess[60] Successors: [UncheckedExceptions[62], UncheckedExceptions[102]]
NodeName: UncheckedExceptions[62] Successors: [VariableDeclarator[73]]
NodeName: VariableDeclarator[73] Successors: [VariableDeclarator[85]]
NodeName: VariableDeclarator[85] Successors: [VariableDeclarator[138], Exit[24]]
NodeName: VariableDeclarator[138] Successors: [Exit[24]]
NodeName: Exit[24] Successors: []
NodeName: UncheckedExceptions[102] Successors: [VariableDeclarator[99]]
NodeName: VariableDeclarator[99] Successors: [VariableDeclarator[108], VariableDeclarator[120]]
NodeName: VariableDeclarator[108] Successors: [UncheckedExceptions[123]]
NodeName: UncheckedExceptions[123] Successors: [VariableDeclarator[120]]
NodeName: VariableDeclarator[120] Successors: [VariableDeclarator[129], Exit[24]]
NodeName: VariableDeclarator[129] Successors: [VarAccess[132]]
NodeName: VarAccess[132] Successors: [VariableDeclarator[34], VariableDeclarator[138]]

NodeName: Exit[24] Predecessor: [VariableDeclarator[85], VariableDeclarator[120], VariableDeclarator[138]]
NodeName: VariableDeclarator[85] Predecessor: [VariableDeclarator[73]]
NodeName: VariableDeclarator[73] Predecessor: [UncheckedExceptions[62]]
NodeName: UncheckedExceptions[62] Predecessor: [VarAccess[60]]
NodeName: VarAccess[60] Predecessor: [VariableDeclarator[56]]
NodeName: VariableDeclarator[56] Predecessor: [VariableDeclarator[45]]
NodeName: VariableDeclarator[45] Predecessor: [VariableDeclarator[34]]
NodeName: VariableDeclarator[34] Predecessor: [Entry[13], VarAccess[132]]
NodeName: Entry[13] Predecessor: []
NodeName: VarAccess[132] Predecessor: [VariableDeclarator[129]]
NodeName: VariableDeclarator[129] Predecessor: [VariableDeclarator[120]]
NodeName: VariableDeclarator[120] Predecessor: [UncheckedExceptions[123], VariableDeclarator[99]]
NodeName: UncheckedExceptions[123] Predecessor: [VariableDeclarator[108]]
NodeName: VariableDeclarator[108] Predecessor: [VariableDeclarator[99]]
NodeName: VariableDeclarator[99] Predecessor: [UncheckedExceptions[102]]
NodeName: UncheckedExceptions[102] Predecessor: [VarAccess[60]]
NodeName: VariableDeclarator[138] Predecessor: [VariableDeclarator[85], VarAccess[132]]
