NodeName: Entry[13] Successors: [VariableDeclarator[29]]
NodeName: VariableDeclarator[29] Successors: [ImplicitCondition[47]]
NodeName: ImplicitCondition[47] Successors: [VariableDeclarator[41], Exit[20]]
NodeName: VariableDeclarator[41] Successors: [ImplicitCondition[47]]
NodeName: Exit[20] Successors: []

NodeName: Exit[20] Predecessor: [ImplicitCondition[47]]
NodeName: ImplicitCondition[47] Predecessor: [VariableDeclarator[29], VariableDeclarator[41]]
NodeName: VariableDeclarator[29] Predecessor: [Entry[13]]
NodeName: Entry[13] Predecessor: []
NodeName: VariableDeclarator[41] Predecessor: [ImplicitCondition[47]]
