NodeName: Entry[15] Successors: [Exit[16]]
NodeName: Exit[16] Successors: []
NodeName: Entry[7] Successors: [IntegerLiteral[39]]
NodeName: IntegerLiteral[39] Successors: [VariableDeclarator[36]]
NodeName: VariableDeclarator[36] Successors: [ImplicitCondition[60]]
NodeName: ImplicitCondition[60] Successors: [VarAccess[48], Exit[8]]
NodeName: VarAccess[48] Successors: [IntegerLiteral[49]]
NodeName: IntegerLiteral[49] Successors: [LTExpr[47]]
NodeName: LTExpr[47] Successors: [Exit[8], PostIncExpr[55]]
NodeName: Exit[8] Successors: []
NodeName: PostIncExpr[55] Successors: [ImplicitCondition[60]]

NodeName: Exit[16] Predecessor: [Entry[15]]
NodeName: Entry[15] Predecessor: []
NodeName: Exit[8] Predecessor: [ImplicitCondition[60], LTExpr[47]]
NodeName: ImplicitCondition[60] Predecessor: [VariableDeclarator[36], PostIncExpr[55]]
NodeName: VariableDeclarator[36] Predecessor: [IntegerLiteral[39]]
NodeName: IntegerLiteral[39] Predecessor: [Entry[7]]
NodeName: Entry[7] Predecessor: []
NodeName: PostIncExpr[55] Predecessor: [LTExpr[47]]
NodeName: LTExpr[47] Predecessor: [IntegerLiteral[49]]
NodeName: IntegerLiteral[49] Predecessor: [VarAccess[48]]
NodeName: VarAccess[48] Predecessor: [ImplicitCondition[60]]
