NodeName: Entry[13] Successors: [IntegerLiteral[23]]
NodeName: IntegerLiteral[23] Successors: [VariableDeclarator[20]]
NodeName: VariableDeclarator[20] Successors: [ImplicitCondition[44]]
NodeName: ImplicitCondition[44] Successors: [VarAccess[32], Exit[13]]
NodeName: VarAccess[32] Successors: [IntegerLiteral[33]]
NodeName: IntegerLiteral[33] Successors: [LTExpr[31]]
NodeName: LTExpr[31] Successors: [Exit[13], PostIncExpr[39]]
NodeName: Exit[13] Successors: []
NodeName: PostIncExpr[39] Successors: [ImplicitCondition[44]]

NodeName: Exit[13] Predecessor: [ImplicitCondition[44], LTExpr[31]]
NodeName: ImplicitCondition[44] Predecessor: [VariableDeclarator[20], PostIncExpr[39]]
NodeName: VariableDeclarator[20] Predecessor: [IntegerLiteral[23]]
NodeName: IntegerLiteral[23] Predecessor: [Entry[13]]
NodeName: Entry[13] Predecessor: []
NodeName: PostIncExpr[39] Predecessor: [LTExpr[31]]
NodeName: LTExpr[31] Predecessor: [IntegerLiteral[33]]
NodeName: IntegerLiteral[33] Predecessor: [VarAccess[32]]
NodeName: VarAccess[32] Predecessor: [ImplicitCondition[44]]
