NodeName: Entry[13] Successors: [VarAccess[37]]
NodeName: VarAccess[37] Successors: [IntegerLiteral[38]]
NodeName: IntegerLiteral[38] Successors: [LTExpr[36]]
NodeName: LTExpr[36] Successors: [TypeAccess[47], TypeAccess[113]]
NodeName: TypeAccess[47] Successors: [VarAccess[48]]
NodeName: VarAccess[48] Successors: [StringLiteral[52]]
NodeName: StringLiteral[52] Successors: [MethodAccess[49]]
NodeName: MethodAccess[49] Successors: [UncheckedExceptions[56]]
NodeName: UncheckedExceptions[56] Successors: [PostIncExpr[62]]
NodeName: PostIncExpr[62] Successors: [TypeAccess[67]]
NodeName: TypeAccess[67] Successors: [VarAccess[68]]
NodeName: VarAccess[68] Successors: [StringLiteral[72]]
NodeName: StringLiteral[72] Successors: [MethodAccess[69]]
NodeName: MethodAccess[69] Successors: [TypeAccess[82]]
NodeName: TypeAccess[82] Successors: [VarAccess[83]]
NodeName: VarAccess[83] Successors: [StringLiteral[87]]
NodeName: StringLiteral[87] Successors: [MethodAccess[84]]
NodeName: MethodAccess[84] Successors: [VarAccess[138], Exit[25]]
NodeName: VarAccess[138] Successors: [IntegerLiteral[139]]
NodeName: IntegerLiteral[139] Successors: [LTExpr[137]]
NodeName: LTExpr[137] Successors: [VarAccess[37], TypeAccess[143]]
NodeName: TypeAccess[143] Successors: [VarAccess[144]]
NodeName: VarAccess[144] Successors: [StringLiteral[148]]
NodeName: StringLiteral[148] Successors: [MethodAccess[145]]
NodeName: MethodAccess[145] Successors: [Exit[25]]
NodeName: Exit[25] Successors: []
NodeName: TypeAccess[113] Successors: [VarAccess[114]]
NodeName: VarAccess[114] Successors: [StringLiteral[118]]
NodeName: StringLiteral[118] Successors: [MethodAccess[115]]
NodeName: MethodAccess[115] Successors: [UncheckedExceptions[136]]
NodeName: UncheckedExceptions[136] Successors: [TypeAccess[128]]
NodeName: TypeAccess[128] Successors: [VarAccess[129]]
NodeName: VarAccess[129] Successors: [StringLiteral[133]]
NodeName: StringLiteral[133] Successors: [MethodAccess[130]]
NodeName: MethodAccess[130] Successors: [VarAccess[138], Exit[25]]

NodeName: Exit[25] Predecessor: [MethodAccess[84], MethodAccess[130], MethodAccess[145]]
NodeName: MethodAccess[84] Predecessor: [StringLiteral[87]]
NodeName: StringLiteral[87] Predecessor: [VarAccess[83]]
NodeName: VarAccess[83] Predecessor: [TypeAccess[82]]
NodeName: TypeAccess[82] Predecessor: [MethodAccess[69]]
NodeName: MethodAccess[69] Predecessor: [StringLiteral[72]]
NodeName: StringLiteral[72] Predecessor: [VarAccess[68]]
NodeName: VarAccess[68] Predecessor: [TypeAccess[67]]
NodeName: TypeAccess[67] Predecessor: [PostIncExpr[62]]
NodeName: PostIncExpr[62] Predecessor: [UncheckedExceptions[56]]
NodeName: UncheckedExceptions[56] Predecessor: [MethodAccess[49]]
NodeName: MethodAccess[49] Predecessor: [StringLiteral[52]]
NodeName: StringLiteral[52] Predecessor: [VarAccess[48]]
NodeName: VarAccess[48] Predecessor: [TypeAccess[47]]
NodeName: TypeAccess[47] Predecessor: [LTExpr[36]]
NodeName: LTExpr[36] Predecessor: [IntegerLiteral[38]]
NodeName: IntegerLiteral[38] Predecessor: [VarAccess[37]]
NodeName: VarAccess[37] Predecessor: [Entry[13], LTExpr[137]]
NodeName: Entry[13] Predecessor: []
NodeName: LTExpr[137] Predecessor: [IntegerLiteral[139]]
NodeName: IntegerLiteral[139] Predecessor: [VarAccess[138]]
NodeName: VarAccess[138] Predecessor: [MethodAccess[84], MethodAccess[130]]
NodeName: MethodAccess[130] Predecessor: [StringLiteral[133]]
NodeName: StringLiteral[133] Predecessor: [VarAccess[129]]
NodeName: VarAccess[129] Predecessor: [TypeAccess[128]]
NodeName: TypeAccess[128] Predecessor: [UncheckedExceptions[136]]
NodeName: UncheckedExceptions[136] Predecessor: [MethodAccess[115]]
NodeName: MethodAccess[115] Predecessor: [StringLiteral[118]]
NodeName: StringLiteral[118] Predecessor: [VarAccess[114]]
NodeName: VarAccess[114] Predecessor: [TypeAccess[113]]
NodeName: TypeAccess[113] Predecessor: [LTExpr[36]]
NodeName: MethodAccess[145] Predecessor: [StringLiteral[148]]
NodeName: StringLiteral[148] Predecessor: [VarAccess[144]]
NodeName: VarAccess[144] Predecessor: [TypeAccess[143]]
NodeName: TypeAccess[143] Predecessor: [LTExpr[137]]
