NodeName: Entry[17] Successors: [ResourceDeclaration[29]]
NodeName: ResourceDeclaration[29] Successors: [VarAccess[66]]
NodeName: VarAccess[66] Successors: [MethodAccess[67]]
NodeName: MethodAccess[67] Successors: [MethodAccess[30], NTACloseResource[71]]
NodeName: MethodAccess[30] Successors: [UncheckedExceptions[104], UncheckedExceptions[31]]
NodeName: UncheckedExceptions[104] Successors: [TypeAccess[96]]
NodeName: TypeAccess[96] Successors: [VarAccess[97]]
NodeName: VarAccess[97] Successors: [StringLiteral[101]]
NodeName: StringLiteral[101] Successors: [MethodAccess[98]]
NodeName: MethodAccess[98] Successors: [Exit[25]]
NodeName: Exit[25] Successors: []
NodeName: UncheckedExceptions[31] Successors: [TypeAccess[42]]
NodeName: TypeAccess[42] Successors: [VarAccess[43]]
NodeName: VarAccess[43] Successors: [StringLiteral[47]]
NodeName: StringLiteral[47] Successors: [MethodAccess[44]]
NodeName: MethodAccess[44] Successors: [Exit[25]]
NodeName: NTACloseResource[71] Successors: [UncheckedExceptions[68]]
NodeName: UncheckedExceptions[68] Successors: [PackageAccess[82]]
NodeName: PackageAccess[82] Successors: [StringLiteral[86]]
NodeName: StringLiteral[86] Successors: [MethodAccess[83]]
NodeName: MethodAccess[83] Successors: [Exit[25]]

NodeName: Exit[25] Predecessor: [MethodAccess[44], MethodAccess[83], MethodAccess[98]]
NodeName: MethodAccess[44] Predecessor: [StringLiteral[47]]
NodeName: StringLiteral[47] Predecessor: [VarAccess[43]]
NodeName: VarAccess[43] Predecessor: [TypeAccess[42]]
NodeName: TypeAccess[42] Predecessor: [UncheckedExceptions[31]]
NodeName: UncheckedExceptions[31] Predecessor: [MethodAccess[30]]
NodeName: MethodAccess[30] Predecessor: [MethodAccess[67]]
NodeName: MethodAccess[67] Predecessor: [VarAccess[66]]
NodeName: VarAccess[66] Predecessor: [ResourceDeclaration[29]]
NodeName: ResourceDeclaration[29] Predecessor: [Entry[17]]
NodeName: Entry[17] Predecessor: []
NodeName: MethodAccess[83] Predecessor: [StringLiteral[86]]
NodeName: StringLiteral[86] Predecessor: [PackageAccess[82]]
NodeName: PackageAccess[82] Predecessor: [UncheckedExceptions[68]]
NodeName: UncheckedExceptions[68] Predecessor: [NTACloseResource[71]]
NodeName: NTACloseResource[71] Predecessor: [MethodAccess[67]]
NodeName: MethodAccess[98] Predecessor: [StringLiteral[101]]
NodeName: StringLiteral[101] Predecessor: [VarAccess[97]]
NodeName: VarAccess[97] Predecessor: [TypeAccess[96]]
NodeName: TypeAccess[96] Predecessor: [UncheckedExceptions[104]]
NodeName: UncheckedExceptions[104] Predecessor: [MethodAccess[30]]
