NodeName: Entry[17] Successors: [ClassInstanceExpr[52]]
NodeName: ClassInstanceExpr[52] Successors: [ResourceDeclaration[29]]
NodeName: ResourceDeclaration[29] Successors: [VarAccess[65]]
NodeName: VarAccess[65] Successors: [MethodAccess[66]]
NodeName: MethodAccess[66] Successors: [MethodAccess[30], NTACloseResource[70]]
NodeName: MethodAccess[30] Successors: [UncheckedExceptions[103], UncheckedExceptions[31]]
NodeName: UncheckedExceptions[103] Successors: [TypeAccess[95]]
NodeName: TypeAccess[95] Successors: [VarAccess[96]]
NodeName: VarAccess[96] Successors: [StringLiteral[100]]
NodeName: StringLiteral[100] Successors: [MethodAccess[97]]
NodeName: MethodAccess[97] Successors: [Exit[25]]
NodeName: Exit[25] Successors: []
NodeName: UncheckedExceptions[31] Successors: [TypeAccess[42]]
NodeName: TypeAccess[42] Successors: [VarAccess[43]]
NodeName: VarAccess[43] Successors: [StringLiteral[47]]
NodeName: StringLiteral[47] Successors: [MethodAccess[44]]
NodeName: MethodAccess[44] Successors: [Exit[25]]
NodeName: NTACloseResource[70] Successors: [UncheckedExceptions[67]]
NodeName: UncheckedExceptions[67] Successors: [PackageAccess[81]]
NodeName: PackageAccess[81] Successors: [StringLiteral[85]]
NodeName: StringLiteral[85] Successors: [MethodAccess[82]]
NodeName: MethodAccess[82] Successors: [Exit[25]]

NodeName: Exit[25] Predecessor: [MethodAccess[44], MethodAccess[82], MethodAccess[97]]
NodeName: MethodAccess[44] Predecessor: [StringLiteral[47]]
NodeName: StringLiteral[47] Predecessor: [VarAccess[43]]
NodeName: VarAccess[43] Predecessor: [TypeAccess[42]]
NodeName: TypeAccess[42] Predecessor: [UncheckedExceptions[31]]
NodeName: UncheckedExceptions[31] Predecessor: [MethodAccess[30]]
NodeName: MethodAccess[30] Predecessor: [MethodAccess[66]]
NodeName: MethodAccess[66] Predecessor: [VarAccess[65]]
NodeName: VarAccess[65] Predecessor: [ResourceDeclaration[29]]
NodeName: ResourceDeclaration[29] Predecessor: [ClassInstanceExpr[52]]
NodeName: ClassInstanceExpr[52] Predecessor: [Entry[17]]
NodeName: Entry[17] Predecessor: []
NodeName: MethodAccess[82] Predecessor: [StringLiteral[85]]
NodeName: StringLiteral[85] Predecessor: [PackageAccess[81]]
NodeName: PackageAccess[81] Predecessor: [UncheckedExceptions[67]]
NodeName: UncheckedExceptions[67] Predecessor: [NTACloseResource[70]]
NodeName: NTACloseResource[70] Predecessor: [MethodAccess[66]]
NodeName: MethodAccess[97] Predecessor: [StringLiteral[100]]
NodeName: StringLiteral[100] Predecessor: [VarAccess[96]]
NodeName: VarAccess[96] Predecessor: [TypeAccess[95]]
NodeName: TypeAccess[95] Predecessor: [UncheckedExceptions[103]]
NodeName: UncheckedExceptions[103] Predecessor: [MethodAccess[30]]
