NodeName: Entry[19] Successors: [Exit[20]]
NodeName: Exit[20] Successors: []
NodeName: Entry[11] Successors: [Exit[12]]
NodeName: Exit[12] Successors: []
NodeName: Entry[33] Successors: [ClassInstanceExpr[68]]
NodeName: ClassInstanceExpr[68] Successors: [ResourceDeclaration[45]]
NodeName: ResourceDeclaration[45] Successors: [VarAccess[81]]
NodeName: VarAccess[81] Successors: [MethodAccess[82]]
NodeName: MethodAccess[82] Successors: [MethodAccess[46], NTACloseResource[86]]
NodeName: MethodAccess[46] Successors: [UncheckedExceptions[119], UncheckedExceptions[47]]
NodeName: UncheckedExceptions[119] Successors: [TypeAccess[111]]
NodeName: TypeAccess[111] Successors: [VarAccess[112]]
NodeName: VarAccess[112] Successors: [StringLiteral[116]]
NodeName: StringLiteral[116] Successors: [MethodAccess[113]]
NodeName: MethodAccess[113] Successors: [Exit[41]]
NodeName: Exit[41] Successors: []
NodeName: UncheckedExceptions[47] Successors: [TypeAccess[58]]
NodeName: TypeAccess[58] Successors: [VarAccess[59]]
NodeName: VarAccess[59] Successors: [StringLiteral[63]]
NodeName: StringLiteral[63] Successors: [MethodAccess[60]]
NodeName: MethodAccess[60] Successors: [Exit[41]]
NodeName: NTACloseResource[86] Successors: [UncheckedExceptions[83]]
NodeName: UncheckedExceptions[83] Successors: [PackageAccess[97]]
NodeName: PackageAccess[97] Successors: [StringLiteral[101]]
NodeName: StringLiteral[101] Successors: [MethodAccess[98]]
NodeName: MethodAccess[98] Successors: [Exit[41]]

NodeName: Exit[20] Predecessor: [Entry[19]]
NodeName: Entry[19] Predecessor: []
NodeName: Exit[12] Predecessor: [Entry[11]]
NodeName: Entry[11] Predecessor: []
NodeName: Exit[41] Predecessor: [MethodAccess[60], MethodAccess[98], MethodAccess[113]]
NodeName: MethodAccess[60] Predecessor: [StringLiteral[63]]
NodeName: StringLiteral[63] Predecessor: [VarAccess[59]]
NodeName: VarAccess[59] Predecessor: [TypeAccess[58]]
NodeName: TypeAccess[58] Predecessor: [UncheckedExceptions[47]]
NodeName: UncheckedExceptions[47] Predecessor: [MethodAccess[46]]
NodeName: MethodAccess[46] Predecessor: [MethodAccess[82]]
NodeName: MethodAccess[82] Predecessor: [VarAccess[81]]
NodeName: VarAccess[81] Predecessor: [ResourceDeclaration[45]]
NodeName: ResourceDeclaration[45] Predecessor: [ClassInstanceExpr[68]]
NodeName: ClassInstanceExpr[68] Predecessor: [Entry[33]]
NodeName: Entry[33] Predecessor: []
NodeName: MethodAccess[98] Predecessor: [StringLiteral[101]]
NodeName: StringLiteral[101] Predecessor: [PackageAccess[97]]
NodeName: PackageAccess[97] Predecessor: [UncheckedExceptions[83]]
NodeName: UncheckedExceptions[83] Predecessor: [NTACloseResource[86]]
NodeName: NTACloseResource[86] Predecessor: [MethodAccess[82]]
NodeName: MethodAccess[113] Predecessor: [StringLiteral[116]]
NodeName: StringLiteral[116] Predecessor: [VarAccess[112]]
NodeName: VarAccess[112] Predecessor: [TypeAccess[111]]
NodeName: TypeAccess[111] Predecessor: [UncheckedExceptions[119]]
NodeName: UncheckedExceptions[119] Predecessor: [MethodAccess[46]]
