NodeName: Entry[15] Successors: [Exit[16]]
NodeName: Exit[16] Successors: []
NodeName: Entry[7] Successors: [Exit[8]]
NodeName: Exit[8] Successors: []
NodeName: Entry[29] Successors: [Exit[38]]
NodeName: Exit[38] Successors: []
NodeName: Entry[41] Successors: [TypeMethodReference[68]]
NodeName: TypeMethodReference[68] Successors: [ClassInstanceExpr[65]]
NodeName: ClassInstanceExpr[65] Successors: [VariableDeclarator[62]]
NodeName: VariableDeclarator[62] Successors: [VarAccess[76]]
NodeName: VarAccess[76] Successors: [MethodAccess[77]]
NodeName: MethodAccess[77] Successors: [Exit[55]]
NodeName: Exit[55] Successors: []

NodeName: Exit[16] Predecessor: [Entry[15]]
NodeName: Entry[15] Predecessor: []
NodeName: Exit[8] Predecessor: [Entry[7]]
NodeName: Entry[7] Predecessor: []
NodeName: Exit[38] Predecessor: [Entry[29]]
NodeName: Entry[29] Predecessor: []
NodeName: Exit[55] Predecessor: [MethodAccess[77]]
NodeName: MethodAccess[77] Predecessor: [VarAccess[76]]
NodeName: VarAccess[76] Predecessor: [VariableDeclarator[62]]
NodeName: VariableDeclarator[62] Predecessor: [ClassInstanceExpr[65]]
NodeName: ClassInstanceExpr[65] Predecessor: [TypeMethodReference[68]]
NodeName: TypeMethodReference[68] Predecessor: [Entry[41]]
NodeName: Entry[41] Predecessor: []
