NodeName: Entry[13] Successors: [Exit[22]]
NodeName: Exit[22] Successors: []
NodeName: Entry[25] Successors: [TypeMethodReference[52]]
NodeName: TypeMethodReference[52] Successors: [ClassInstanceExpr[49]]
NodeName: ClassInstanceExpr[49] Successors: [VariableDeclarator[46]]
NodeName: VariableDeclarator[46] Successors: [VarAccess[60]]
NodeName: VarAccess[60] Successors: [MethodAccess[61]]
NodeName: MethodAccess[61] Successors: [Exit[39]]
NodeName: Exit[39] Successors: []

NodeName: Exit[22] Predecessor: [Entry[13]]
NodeName: Entry[13] Predecessor: []
NodeName: Exit[39] Predecessor: [MethodAccess[61]]
NodeName: MethodAccess[61] Predecessor: [VarAccess[60]]
NodeName: VarAccess[60] Predecessor: [VariableDeclarator[46]]
NodeName: VariableDeclarator[46] Predecessor: [ClassInstanceExpr[49]]
NodeName: ClassInstanceExpr[49] Predecessor: [TypeMethodReference[52]]
NodeName: TypeMethodReference[52] Predecessor: [Entry[25]]
NodeName: Entry[25] Predecessor: []
