NodeName: Entry[13] Successors: [BooleanLiteral[16]]
NodeName: BooleanLiteral[16] Successors: [VariableDeclarator[24], BooleanLiteral[29]]
NodeName: VariableDeclarator[24] Successors: [VariableDeclarator[56]]
NodeName: VariableDeclarator[56] Successors: [Exit[13]]
NodeName: Exit[13] Successors: []
NodeName: BooleanLiteral[29] Successors: [VariableDeclarator[37], VariableDeclarator[48]]
NodeName: VariableDeclarator[37] Successors: [VariableDeclarator[56]]
NodeName: VariableDeclarator[48] Successors: [VariableDeclarator[56]]

NodeName: Exit[13] Predecessor: [VariableDeclarator[56]]
NodeName: VariableDeclarator[56] Predecessor: [VariableDeclarator[24], VariableDeclarator[37], VariableDeclarator[48]]
NodeName: VariableDeclarator[24] Predecessor: [BooleanLiteral[16]]
NodeName: BooleanLiteral[16] Predecessor: [Entry[13]]
NodeName: Entry[13] Predecessor: []
NodeName: VariableDeclarator[37] Predecessor: [BooleanLiteral[29]]
NodeName: BooleanLiteral[29] Predecessor: [BooleanLiteral[16]]
NodeName: VariableDeclarator[48] Predecessor: [BooleanLiteral[29]]
