NodeName: Entry[13] Successors: [MethodAccess[29]]
NodeName: MethodAccess[29] Successors: [UncheckedExceptions[49], UncheckedExceptions[30]]
NodeName: UncheckedExceptions[49] Successors: [UncheckedExceptions[67], Exit[20]]
NodeName: UncheckedExceptions[67] Successors: [VariableDeclarator[73], Exit[20]]
NodeName: VariableDeclarator[73] Successors: [Exit[20]]
NodeName: Exit[20] Successors: []
NodeName: UncheckedExceptions[30] Successors: [ParameterDeclaration[36], ParameterDeclaration[52], Exit[20]]
NodeName: ParameterDeclaration[36] Successors: [MethodAccess[43]]
NodeName: MethodAccess[43] Successors: [UncheckedExceptions[67], UncheckedExceptions[44]]
NodeName: UncheckedExceptions[44] Successors: [ParameterDeclaration[52], Exit[20]]
NodeName: ParameterDeclaration[52] Successors: [VariableDeclarator[63]]
NodeName: VariableDeclarator[63] Successors: [VariableDeclarator[73]]
NodeName: Entry[77] Successors: [Exit[86]]
NodeName: Exit[86] Successors: []

NodeName: Exit[20] Predecessor: [UncheckedExceptions[67], UncheckedExceptions[49], UncheckedExceptions[30], UncheckedExceptions[44], VariableDeclarator[73]]
NodeName: UncheckedExceptions[67] Predecessor: [UncheckedExceptions[49], MethodAccess[43]]
NodeName: UncheckedExceptions[49] Predecessor: [MethodAccess[29]]
NodeName: MethodAccess[29] Predecessor: [Entry[13]]
NodeName: Entry[13] Predecessor: []
NodeName: MethodAccess[43] Predecessor: [ParameterDeclaration[36]]
NodeName: ParameterDeclaration[36] Predecessor: [UncheckedExceptions[30]]
NodeName: UncheckedExceptions[30] Predecessor: [MethodAccess[29]]
NodeName: UncheckedExceptions[44] Predecessor: [MethodAccess[43]]
NodeName: VariableDeclarator[73] Predecessor: [UncheckedExceptions[67], VariableDeclarator[63]]
NodeName: VariableDeclarator[63] Predecessor: [ParameterDeclaration[52]]
NodeName: ParameterDeclaration[52] Predecessor: [UncheckedExceptions[30], UncheckedExceptions[44]]
NodeName: Exit[86] Predecessor: [Entry[77]]
NodeName: Entry[77] Predecessor: []
