NodeName: Entry[15] Successors: [Exit[16]]
NodeName: Exit[16] Successors: []
NodeName: Entry[7] Successors: [Exit[8]]
NodeName: Exit[8] Successors: []
NodeName: Entry[29] Successors: [SuperConstructorAccess[48]]
NodeName: SuperConstructorAccess[48] Successors: [Implicit[29]]
NodeName: Implicit[29] Successors: [TypeAccess[39]]
NodeName: TypeAccess[39] Successors: [VarAccess[40]]
NodeName: VarAccess[40] Successors: [StringLiteral[44]]
NodeName: StringLiteral[44] Successors: [MethodAccess[41]]
NodeName: MethodAccess[41] Successors: [Exit[29]]
NodeName: Exit[29] Successors: []

NodeName: Exit[16] Predecessor: [Entry[15]]
NodeName: Entry[15] Predecessor: []
NodeName: Exit[8] Predecessor: [Entry[7]]
NodeName: Entry[7] Predecessor: []
NodeName: Exit[29] Predecessor: [MethodAccess[41]]
NodeName: MethodAccess[41] Predecessor: [StringLiteral[44]]
NodeName: StringLiteral[44] Predecessor: [VarAccess[40]]
NodeName: VarAccess[40] Predecessor: [TypeAccess[39]]
NodeName: TypeAccess[39] Predecessor: [Implicit[29]]
NodeName: Implicit[29] Predecessor: [SuperConstructorAccess[48]]
NodeName: SuperConstructorAccess[48] Predecessor: [Entry[29]]
NodeName: Entry[29] Predecessor: []
