NodeName: Entry[15] Successors: [Exit[16]]
NodeName: Exit[16] Successors: []
NodeName: Entry[7] Successors: [Exit[8]]
NodeName: Exit[8] Successors: []
NodeName: Entry[29] Successors: [VariableDeclarator[50]]
NodeName: VariableDeclarator[50] Successors: [VariableDeclarator[61]]
NodeName: VariableDeclarator[61] Successors: [UncheckedExceptions[65]]
NodeName: UncheckedExceptions[65] Successors: [VariableDeclarator[76]]
NodeName: VariableDeclarator[76] Successors: [VariableDeclarator[99], Exit[40]]
NodeName: VariableDeclarator[99] Successors: [Exit[40]]
NodeName: Exit[40] Successors: []

NodeName: Exit[16] Predecessor: [Entry[15]]
NodeName: Entry[15] Predecessor: []
NodeName: Exit[8] Predecessor: [Entry[7]]
NodeName: Entry[7] Predecessor: []
NodeName: Exit[40] Predecessor: [VariableDeclarator[76], VariableDeclarator[99]]
NodeName: VariableDeclarator[76] Predecessor: [UncheckedExceptions[65]]
NodeName: UncheckedExceptions[65] Predecessor: [VariableDeclarator[61]]
NodeName: VariableDeclarator[61] Predecessor: [VariableDeclarator[50]]
NodeName: VariableDeclarator[50] Predecessor: [Entry[29]]
NodeName: Entry[29] Predecessor: []
NodeName: VariableDeclarator[99] Predecessor: [VariableDeclarator[76]]
