NodeName: Entry[15] Successors: [Exit[16]]
NodeName: Exit[16] Successors: []
NodeName: Entry[7] Successors: [Exit[8]]
NodeName: Exit[8] Successors: []
NodeName: Entry[29] Successors: [TypeAccess[42]]
NodeName: TypeAccess[42] Successors: [VarAccess[43]]
NodeName: VarAccess[43] Successors: [MethodAccess[47]]
NodeName: MethodAccess[47] Successors: [MethodAccess[44]]
NodeName: MethodAccess[44] Successors: [Exit[37]]
NodeName: Exit[37] Successors: []
NodeName: Entry[55] Successors: [BooleanLiteral[67]]
NodeName: BooleanLiteral[67] Successors: [ReturnStmt[65]]
NodeName: ReturnStmt[65] Successors: [Exit[63]]
NodeName: Exit[63] Successors: []

NodeName: Exit[16] Predecessor: [Entry[15]]
NodeName: Entry[15] Predecessor: []
NodeName: Exit[8] Predecessor: [Entry[7]]
NodeName: Entry[7] Predecessor: []
NodeName: Exit[37] Predecessor: [MethodAccess[44]]
NodeName: MethodAccess[44] Predecessor: [MethodAccess[47]]
NodeName: MethodAccess[47] Predecessor: [VarAccess[43]]
NodeName: VarAccess[43] Predecessor: [TypeAccess[42]]
NodeName: TypeAccess[42] Predecessor: [Entry[29]]
NodeName: Entry[29] Predecessor: []
NodeName: Exit[63] Predecessor: [ReturnStmt[65]]
NodeName: ReturnStmt[65] Predecessor: [BooleanLiteral[67]]
NodeName: BooleanLiteral[67] Predecessor: [Entry[55]]
NodeName: Entry[55] Predecessor: []
