NodeName: Entry[15] Successors: [ResourceDeclaration[36]]
NodeName: ResourceDeclaration[36] Successors: [ParameterDeclaration[130], ResourceDeclaration[71]]
NodeName: ParameterDeclaration[130] Successors: [TypeAccess[139]]
NodeName: TypeAccess[139] Successors: [VarAccess[140]]
NodeName: VarAccess[140] Successors: [StringLiteral[144]]
NodeName: StringLiteral[144] Successors: [MethodAccess[141]]
NodeName: MethodAccess[141] Successors: [TypeAccess[153]]
NodeName: TypeAccess[153] Successors: [VarAccess[154]]
NodeName: VarAccess[154] Successors: [StringLiteral[158]]
NodeName: StringLiteral[158] Successors: [MethodAccess[155]]
NodeName: MethodAccess[155] Successors: [Exit[32]]
NodeName: Exit[32] Successors: []
NodeName: ResourceDeclaration[71] Successors: [ParameterDeclaration[130], MethodAccess[37], TypeAccess[100]]
NodeName: MethodAccess[37] Successors: [UncheckedExceptions[161], UncheckedExceptions[38]]
NodeName: UncheckedExceptions[161] Successors: [TypeAccess[153]]
NodeName: UncheckedExceptions[38] Successors: [TypeAccess[49]]
NodeName: TypeAccess[49] Successors: [VarAccess[50]]
NodeName: VarAccess[50] Successors: [StringLiteral[54]]
NodeName: StringLiteral[54] Successors: [MethodAccess[51]]
NodeName: MethodAccess[51] Successors: [Exit[32], ParameterDeclaration[130]]
NodeName: TypeAccess[100] Successors: [VarAccess[101]]
NodeName: VarAccess[101] Successors: [StringLiteral[105]]
NodeName: StringLiteral[105] Successors: [MethodAccess[102]]
NodeName: MethodAccess[102] Successors: [ThrowStmt[108]]
NodeName: ThrowStmt[108] Successors: [ClassInstanceExpr[110]]
NodeName: ClassInstanceExpr[110] Successors: [NTACloseResource[120]]
NodeName: NTACloseResource[120] Successors: [NTACloseResource[124]]
NodeName: NTACloseResource[124] Successors: [UncheckedExceptions[109]]
NodeName: UncheckedExceptions[109] Successors: [ParameterDeclaration[130]]
NodeName: Entry[170] Successors: [SuperConstructorAccess[180]]
NodeName: SuperConstructorAccess[180] Successors: [Implicit[170]]
NodeName: Implicit[170] Successors: [Exit[170]]
NodeName: Exit[170] Successors: []
NodeName: Entry[180] Successors: [Exit[192]]
NodeName: Exit[192] Successors: []
NodeName: Entry[210] Successors: [SuperConstructorAccess[220]]
NodeName: SuperConstructorAccess[220] Successors: [Implicit[210]]
NodeName: Implicit[210] Successors: [Exit[210]]
NodeName: Exit[210] Successors: []
NodeName: Entry[220] Successors: [Exit[231]]
NodeName: Exit[231] Successors: []

NodeName: Exit[32] Predecessor: [MethodAccess[51], MethodAccess[155]]
NodeName: MethodAccess[51] Predecessor: [StringLiteral[54]]
NodeName: StringLiteral[54] Predecessor: [VarAccess[50]]
NodeName: VarAccess[50] Predecessor: [TypeAccess[49]]
NodeName: TypeAccess[49] Predecessor: [UncheckedExceptions[38]]
NodeName: UncheckedExceptions[38] Predecessor: [MethodAccess[37]]
NodeName: MethodAccess[37] Predecessor: [ResourceDeclaration[71]]
NodeName: ResourceDeclaration[71] Predecessor: [ResourceDeclaration[36]]
NodeName: ResourceDeclaration[36] Predecessor: [Entry[15]]
NodeName: Entry[15] Predecessor: []
NodeName: MethodAccess[155] Predecessor: [StringLiteral[158]]
NodeName: StringLiteral[158] Predecessor: [VarAccess[154]]
NodeName: VarAccess[154] Predecessor: [TypeAccess[153]]
NodeName: TypeAccess[153] Predecessor: [UncheckedExceptions[161], MethodAccess[141]]
NodeName: UncheckedExceptions[161] Predecessor: [MethodAccess[37]]
NodeName: MethodAccess[141] Predecessor: [StringLiteral[144]]
NodeName: StringLiteral[144] Predecessor: [VarAccess[140]]
NodeName: VarAccess[140] Predecessor: [TypeAccess[139]]
NodeName: TypeAccess[139] Predecessor: [ParameterDeclaration[130]]
NodeName: ParameterDeclaration[130] Predecessor: [ResourceDeclaration[36], MethodAccess[51], ResourceDeclaration[71], UncheckedExceptions[109]]
NodeName: UncheckedExceptions[109] Predecessor: [NTACloseResource[124]]
NodeName: NTACloseResource[124] Predecessor: [NTACloseResource[120]]
NodeName: NTACloseResource[120] Predecessor: [ClassInstanceExpr[110]]
NodeName: ClassInstanceExpr[110] Predecessor: [ThrowStmt[108]]
NodeName: ThrowStmt[108] Predecessor: [MethodAccess[102]]
NodeName: MethodAccess[102] Predecessor: [StringLiteral[105]]
NodeName: StringLiteral[105] Predecessor: [VarAccess[101]]
NodeName: VarAccess[101] Predecessor: [TypeAccess[100]]
NodeName: TypeAccess[100] Predecessor: [ResourceDeclaration[71]]
NodeName: Exit[170] Predecessor: [Implicit[170]]
NodeName: Implicit[170] Predecessor: [SuperConstructorAccess[180]]
NodeName: SuperConstructorAccess[180] Predecessor: [Entry[170]]
NodeName: Entry[170] Predecessor: []
NodeName: Exit[192] Predecessor: [Entry[180]]
NodeName: Entry[180] Predecessor: []
NodeName: Exit[210] Predecessor: [Implicit[210]]
NodeName: Implicit[210] Predecessor: [SuperConstructorAccess[220]]
NodeName: SuperConstructorAccess[220] Predecessor: [Entry[210]]
NodeName: Entry[210] Predecessor: []
NodeName: Exit[231] Predecessor: [Entry[220]]
NodeName: Entry[220] Predecessor: []
