NodeName: Entry[15] Successors: [ClassInstanceExpr[59]]
NodeName: ClassInstanceExpr[59] Successors: [ResourceDeclaration[36], ParameterDeclaration[128]]
NodeName: ResourceDeclaration[36] Successors: [ClassInstanceExpr[78]]
NodeName: ClassInstanceExpr[78] Successors: [ResourceDeclaration[70], NTACloseResource[83]]
NodeName: ResourceDeclaration[70] Successors: [TypeAccess[98]]
NodeName: TypeAccess[98] Successors: [VarAccess[99]]
NodeName: VarAccess[99] Successors: [StringLiteral[103]]
NodeName: StringLiteral[103] Successors: [MethodAccess[100]]
NodeName: MethodAccess[100] Successors: [ThrowStmt[106]]
NodeName: ThrowStmt[106] Successors: [ClassInstanceExpr[108]]
NodeName: ClassInstanceExpr[108] Successors: [NTACloseResource[118]]
NodeName: NTACloseResource[118] Successors: [NTACloseResource[122]]
NodeName: NTACloseResource[122] Successors: [UncheckedExceptions[107]]
NodeName: UncheckedExceptions[107] Successors: [ParameterDeclaration[128]]
NodeName: ParameterDeclaration[128] Successors: [TypeAccess[137]]
NodeName: TypeAccess[137] Successors: [VarAccess[138]]
NodeName: VarAccess[138] Successors: [StringLiteral[142]]
NodeName: StringLiteral[142] Successors: [MethodAccess[139]]
NodeName: MethodAccess[139] Successors: [TypeAccess[151]]
NodeName: TypeAccess[151] Successors: [VarAccess[152]]
NodeName: VarAccess[152] Successors: [StringLiteral[156]]
NodeName: StringLiteral[156] Successors: [MethodAccess[153]]
NodeName: MethodAccess[153] Successors: [Exit[32]]
NodeName: Exit[32] Successors: []
NodeName: NTACloseResource[83] Successors: [ParameterDeclaration[128]]
NodeName: Entry[168] Successors: [SuperConstructorAccess[178]]
NodeName: SuperConstructorAccess[178] Successors: [Implicit[168]]
NodeName: Implicit[168] Successors: [Exit[168]]
NodeName: Exit[168] Successors: []
NodeName: Entry[178] Successors: [Exit[190]]
NodeName: Exit[190] Successors: []
NodeName: Entry[208] Successors: [SuperConstructorAccess[218]]
NodeName: SuperConstructorAccess[218] Successors: [Implicit[208]]
NodeName: Implicit[208] Successors: [Exit[208]]
NodeName: Exit[208] Successors: []
NodeName: Entry[218] Successors: [Exit[229]]
NodeName: Exit[229] Successors: []

NodeName: Exit[32] Predecessor: [MethodAccess[153]]
NodeName: MethodAccess[153] Predecessor: [StringLiteral[156]]
NodeName: StringLiteral[156] Predecessor: [VarAccess[152]]
NodeName: VarAccess[152] Predecessor: [TypeAccess[151]]
NodeName: TypeAccess[151] Predecessor: [MethodAccess[139]]
NodeName: MethodAccess[139] Predecessor: [StringLiteral[142]]
NodeName: StringLiteral[142] Predecessor: [VarAccess[138]]
NodeName: VarAccess[138] Predecessor: [TypeAccess[137]]
NodeName: TypeAccess[137] Predecessor: [ParameterDeclaration[128]]
NodeName: ParameterDeclaration[128] Predecessor: [ClassInstanceExpr[59], NTACloseResource[83], UncheckedExceptions[107]]
NodeName: ClassInstanceExpr[59] Predecessor: [Entry[15]]
NodeName: Entry[15] Predecessor: []
NodeName: NTACloseResource[83] Predecessor: [ClassInstanceExpr[78]]
NodeName: ClassInstanceExpr[78] Predecessor: [ResourceDeclaration[36]]
NodeName: ResourceDeclaration[36] Predecessor: [ClassInstanceExpr[59]]
NodeName: UncheckedExceptions[107] Predecessor: [NTACloseResource[122]]
NodeName: NTACloseResource[122] Predecessor: [NTACloseResource[118]]
NodeName: NTACloseResource[118] Predecessor: [ClassInstanceExpr[108]]
NodeName: ClassInstanceExpr[108] Predecessor: [ThrowStmt[106]]
NodeName: ThrowStmt[106] Predecessor: [MethodAccess[100]]
NodeName: MethodAccess[100] Predecessor: [StringLiteral[103]]
NodeName: StringLiteral[103] Predecessor: [VarAccess[99]]
NodeName: VarAccess[99] Predecessor: [TypeAccess[98]]
NodeName: TypeAccess[98] Predecessor: [ResourceDeclaration[70]]
NodeName: ResourceDeclaration[70] Predecessor: [ClassInstanceExpr[78]]
NodeName: Exit[168] Predecessor: [Implicit[168]]
NodeName: Implicit[168] Predecessor: [SuperConstructorAccess[178]]
NodeName: SuperConstructorAccess[178] Predecessor: [Entry[168]]
NodeName: Entry[168] Predecessor: []
NodeName: Exit[190] Predecessor: [Entry[178]]
NodeName: Entry[178] Predecessor: []
NodeName: Exit[208] Predecessor: [Implicit[208]]
NodeName: Implicit[208] Predecessor: [SuperConstructorAccess[218]]
NodeName: SuperConstructorAccess[218] Predecessor: [Entry[208]]
NodeName: Entry[208] Predecessor: []
NodeName: Exit[229] Predecessor: [Entry[218]]
NodeName: Entry[218] Predecessor: []
