NodeName: Entry[17] Successors: [Exit[18]]
NodeName: Exit[18] Successors: []
NodeName: Entry[9] Successors: [Exit[10]]
NodeName: Exit[10] Successors: []
NodeName: Entry[31] Successors: [ClassInstanceExpr[75]]
NodeName: ClassInstanceExpr[75] Successors: [ResourceDeclaration[52], ParameterDeclaration[144]]
NodeName: ResourceDeclaration[52] Successors: [ClassInstanceExpr[94]]
NodeName: ClassInstanceExpr[94] Successors: [ResourceDeclaration[86], NTACloseResource[99]]
NodeName: ResourceDeclaration[86] Successors: [TypeAccess[114]]
NodeName: TypeAccess[114] Successors: [VarAccess[115]]
NodeName: VarAccess[115] Successors: [StringLiteral[119]]
NodeName: StringLiteral[119] Successors: [MethodAccess[116]]
NodeName: MethodAccess[116] Successors: [ThrowStmt[122]]
NodeName: ThrowStmt[122] Successors: [ClassInstanceExpr[124]]
NodeName: ClassInstanceExpr[124] Successors: [NTACloseResource[134]]
NodeName: NTACloseResource[134] Successors: [NTACloseResource[138]]
NodeName: NTACloseResource[138] Successors: [UncheckedExceptions[123]]
NodeName: UncheckedExceptions[123] Successors: [ParameterDeclaration[144]]
NodeName: ParameterDeclaration[144] Successors: [TypeAccess[153]]
NodeName: TypeAccess[153] Successors: [VarAccess[154]]
NodeName: VarAccess[154] Successors: [StringLiteral[158]]
NodeName: StringLiteral[158] Successors: [MethodAccess[155]]
NodeName: MethodAccess[155] Successors: [TypeAccess[167]]
NodeName: TypeAccess[167] Successors: [VarAccess[168]]
NodeName: VarAccess[168] Successors: [StringLiteral[172]]
NodeName: StringLiteral[172] Successors: [MethodAccess[169]]
NodeName: MethodAccess[169] Successors: [Exit[48]]
NodeName: Exit[48] Successors: []
NodeName: NTACloseResource[99] Successors: [ParameterDeclaration[144]]
NodeName: Entry[186] Successors: [Exit[187]]
NodeName: Exit[187] Successors: []
NodeName: Entry[178] Successors: [Exit[179]]
NodeName: Exit[179] Successors: []
NodeName: Entry[200] Successors: [SuperConstructorAccess[210]]
NodeName: SuperConstructorAccess[210] Successors: [Implicit[200]]
NodeName: Implicit[200] Successors: [Exit[200]]
NodeName: Exit[200] Successors: []
NodeName: Entry[210] Successors: [Exit[222]]
NodeName: Exit[222] Successors: []
NodeName: Entry[235] Successors: [Exit[236]]
NodeName: Exit[236] Successors: []
NodeName: Entry[227] Successors: [Exit[228]]
NodeName: Exit[228] Successors: []
NodeName: Entry[258] Successors: [Exit[259]]
NodeName: Exit[259] Successors: []
NodeName: Entry[250] Successors: [Exit[251]]
NodeName: Exit[251] Successors: []
NodeName: Entry[272] Successors: [SuperConstructorAccess[282]]
NodeName: SuperConstructorAccess[282] Successors: [Implicit[272]]
NodeName: Implicit[272] Successors: [Exit[272]]
NodeName: Exit[272] Successors: []
NodeName: Entry[282] Successors: [Exit[293]]
NodeName: Exit[293] Successors: []

NodeName: Exit[18] Predecessor: [Entry[17]]
NodeName: Entry[17] Predecessor: []
NodeName: Exit[10] Predecessor: [Entry[9]]
NodeName: Entry[9] Predecessor: []
NodeName: Exit[48] Predecessor: [MethodAccess[169]]
NodeName: MethodAccess[169] Predecessor: [StringLiteral[172]]
NodeName: StringLiteral[172] Predecessor: [VarAccess[168]]
NodeName: VarAccess[168] Predecessor: [TypeAccess[167]]
NodeName: TypeAccess[167] Predecessor: [MethodAccess[155]]
NodeName: MethodAccess[155] Predecessor: [StringLiteral[158]]
NodeName: StringLiteral[158] Predecessor: [VarAccess[154]]
NodeName: VarAccess[154] Predecessor: [TypeAccess[153]]
NodeName: TypeAccess[153] Predecessor: [ParameterDeclaration[144]]
NodeName: ParameterDeclaration[144] Predecessor: [ClassInstanceExpr[75], NTACloseResource[99], UncheckedExceptions[123]]
NodeName: ClassInstanceExpr[75] Predecessor: [Entry[31]]
NodeName: Entry[31] Predecessor: []
NodeName: NTACloseResource[99] Predecessor: [ClassInstanceExpr[94]]
NodeName: ClassInstanceExpr[94] Predecessor: [ResourceDeclaration[52]]
NodeName: ResourceDeclaration[52] Predecessor: [ClassInstanceExpr[75]]
NodeName: UncheckedExceptions[123] Predecessor: [NTACloseResource[138]]
NodeName: NTACloseResource[138] Predecessor: [NTACloseResource[134]]
NodeName: NTACloseResource[134] Predecessor: [ClassInstanceExpr[124]]
NodeName: ClassInstanceExpr[124] Predecessor: [ThrowStmt[122]]
NodeName: ThrowStmt[122] Predecessor: [MethodAccess[116]]
NodeName: MethodAccess[116] Predecessor: [StringLiteral[119]]
NodeName: StringLiteral[119] Predecessor: [VarAccess[115]]
NodeName: VarAccess[115] Predecessor: [TypeAccess[114]]
NodeName: TypeAccess[114] Predecessor: [ResourceDeclaration[86]]
NodeName: ResourceDeclaration[86] Predecessor: [ClassInstanceExpr[94]]
NodeName: Exit[187] Predecessor: [Entry[186]]
NodeName: Entry[186] Predecessor: []
NodeName: Exit[179] Predecessor: [Entry[178]]
NodeName: Entry[178] Predecessor: []
NodeName: Exit[200] Predecessor: [Implicit[200]]
NodeName: Implicit[200] Predecessor: [SuperConstructorAccess[210]]
NodeName: SuperConstructorAccess[210] Predecessor: [Entry[200]]
NodeName: Entry[200] Predecessor: []
NodeName: Exit[222] Predecessor: [Entry[210]]
NodeName: Entry[210] Predecessor: []
NodeName: Exit[236] Predecessor: [Entry[235]]
NodeName: Entry[235] Predecessor: []
NodeName: Exit[228] Predecessor: [Entry[227]]
NodeName: Entry[227] Predecessor: []
NodeName: Exit[259] Predecessor: [Entry[258]]
NodeName: Entry[258] Predecessor: []
NodeName: Exit[251] Predecessor: [Entry[250]]
NodeName: Entry[250] Predecessor: []
NodeName: Exit[272] Predecessor: [Implicit[272]]
NodeName: Implicit[272] Predecessor: [SuperConstructorAccess[282]]
NodeName: SuperConstructorAccess[282] Predecessor: [Entry[272]]
NodeName: Entry[272] Predecessor: []
NodeName: Exit[293] Predecessor: [Entry[282]]
NodeName: Entry[282] Predecessor: []
