NodeName: Entry[17] Successors: [Exit[18]]
NodeName: Exit[18] Successors: []
NodeName: Entry[9] Successors: [Exit[10]]
NodeName: Exit[10] Successors: []
NodeName: Entry[30] Successors: [ClassInstanceExpr[50]]
NodeName: ClassInstanceExpr[50] Successors: [VariableDeclarator[47]]
NodeName: VariableDeclarator[47] Successors: [VarAccess[66]]
NodeName: VarAccess[66] Successors: [VariableDeclarator[63], VariableDeclarator[105]]
NodeName: VariableDeclarator[63] Successors: [IntegerLiteral[77]]
NodeName: IntegerLiteral[77] Successors: [VariableDeclarator[74]]
NodeName: VariableDeclarator[74] Successors: [VarAccess[80]]
NodeName: VarAccess[80] Successors: [StringLiteral[84]]
NodeName: StringLiteral[84] Successors: [MethodAccess[81]]
NodeName: MethodAccess[81] Successors: [VarAccess[66], IntegerLiteral[99]]
NodeName: IntegerLiteral[99] Successors: [VariableDeclarator[96]]
NodeName: VariableDeclarator[96] Successors: [VarAccess[66]]
NodeName: VariableDeclarator[105] Successors: [Exit[37]]
NodeName: Exit[37] Successors: []

NodeName: Exit[18] Predecessor: [Entry[17]]
NodeName: Entry[17] Predecessor: []
NodeName: Exit[10] Predecessor: [Entry[9]]
NodeName: Entry[9] Predecessor: []
NodeName: Exit[37] Predecessor: [VariableDeclarator[105]]
NodeName: VariableDeclarator[105] Predecessor: [VarAccess[66]]
NodeName: VarAccess[66] Predecessor: [VariableDeclarator[47], MethodAccess[81], VariableDeclarator[96]]
NodeName: VariableDeclarator[47] Predecessor: [ClassInstanceExpr[50]]
NodeName: ClassInstanceExpr[50] Predecessor: [Entry[30]]
NodeName: Entry[30] Predecessor: []
NodeName: MethodAccess[81] Predecessor: [StringLiteral[84]]
NodeName: StringLiteral[84] Predecessor: [VarAccess[80]]
NodeName: VarAccess[80] Predecessor: [VariableDeclarator[74]]
NodeName: VariableDeclarator[74] Predecessor: [IntegerLiteral[77]]
NodeName: IntegerLiteral[77] Predecessor: [VariableDeclarator[63]]
NodeName: VariableDeclarator[63] Predecessor: [VarAccess[66]]
NodeName: VariableDeclarator[96] Predecessor: [IntegerLiteral[99]]
NodeName: IntegerLiteral[99] Predecessor: [MethodAccess[81]]
