NodeName: Entry[14] Successors: [ClassInstanceExpr[34]]
NodeName: ClassInstanceExpr[34] Successors: [VariableDeclarator[31]]
NodeName: VariableDeclarator[31] Successors: [VarAccess[50]]
NodeName: VarAccess[50] Successors: [VariableDeclarator[47], VariableDeclarator[89]]
NodeName: VariableDeclarator[47] Successors: [IntegerLiteral[61]]
NodeName: IntegerLiteral[61] Successors: [VariableDeclarator[58]]
NodeName: VariableDeclarator[58] Successors: [VarAccess[64]]
NodeName: VarAccess[64] Successors: [StringLiteral[68]]
NodeName: StringLiteral[68] Successors: [MethodAccess[65]]
NodeName: MethodAccess[65] Successors: [VarAccess[50], IntegerLiteral[83]]
NodeName: IntegerLiteral[83] Successors: [VariableDeclarator[80]]
NodeName: VariableDeclarator[80] Successors: [VarAccess[50]]
NodeName: VariableDeclarator[89] Successors: [Exit[21]]
NodeName: Exit[21] Successors: []

NodeName: Exit[21] Predecessor: [VariableDeclarator[89]]
NodeName: VariableDeclarator[89] Predecessor: [VarAccess[50]]
NodeName: VarAccess[50] Predecessor: [VariableDeclarator[31], MethodAccess[65], VariableDeclarator[80]]
NodeName: VariableDeclarator[31] Predecessor: [ClassInstanceExpr[34]]
NodeName: ClassInstanceExpr[34] Predecessor: [Entry[14]]
NodeName: Entry[14] Predecessor: []
NodeName: MethodAccess[65] Predecessor: [StringLiteral[68]]
NodeName: StringLiteral[68] Predecessor: [VarAccess[64]]
NodeName: VarAccess[64] Predecessor: [VariableDeclarator[58]]
NodeName: VariableDeclarator[58] Predecessor: [IntegerLiteral[61]]
NodeName: IntegerLiteral[61] Predecessor: [VariableDeclarator[47]]
NodeName: VariableDeclarator[47] Predecessor: [VarAccess[50]]
NodeName: VariableDeclarator[80] Predecessor: [IntegerLiteral[83]]
NodeName: IntegerLiteral[83] Predecessor: [MethodAccess[65]]
