NodeName: Entry[15] Successors: [BooleanLiteral[36]]
NodeName: BooleanLiteral[36] Successors: [ResourceDeclaration[41], Exit[32]]
NodeName: ResourceDeclaration[41] Successors: [ParameterDeclaration[134], ResourceDeclaration[76]]
NodeName: ParameterDeclaration[134] Successors: [TypeAccess[143]]
NodeName: TypeAccess[143] Successors: [VarAccess[144]]
NodeName: VarAccess[144] Successors: [StringLiteral[148]]
NodeName: StringLiteral[148] Successors: [MethodAccess[145]]
NodeName: MethodAccess[145] Successors: [TypeAccess[157]]
NodeName: TypeAccess[157] Successors: [VarAccess[158]]
NodeName: VarAccess[158] Successors: [StringLiteral[162]]
NodeName: StringLiteral[162] Successors: [MethodAccess[159]]
NodeName: MethodAccess[159] Successors: [BooleanLiteral[36]]
NodeName: ResourceDeclaration[76] Successors: [ParameterDeclaration[134], MethodAccess[42], BooleanLiteral[103]]
NodeName: MethodAccess[42] Successors: [UncheckedExceptions[165], UncheckedExceptions[43]]
NodeName: UncheckedExceptions[165] Successors: [TypeAccess[157]]
NodeName: UncheckedExceptions[43] Successors: [TypeAccess[54]]
NodeName: TypeAccess[54] Successors: [VarAccess[55]]
NodeName: VarAccess[55] Successors: [StringLiteral[59]]
NodeName: StringLiteral[59] Successors: [MethodAccess[56]]
NodeName: MethodAccess[56] Successors: [Exit[32], ParameterDeclaration[134]]
NodeName: Exit[32] Successors: []
NodeName: BooleanLiteral[103] Successors: [NTACloseResource[124], MethodAccess[77]]
NodeName: NTACloseResource[124] Successors: [NTACloseResource[128]]
NodeName: NTACloseResource[128] Successors: [UncheckedExceptions[107]]
NodeName: UncheckedExceptions[107] Successors: [ParameterDeclaration[134], TypeAccess[115]]
NodeName: TypeAccess[115] Successors: [VarAccess[116]]
NodeName: VarAccess[116] Successors: [StringLiteral[120]]
NodeName: StringLiteral[120] Successors: [MethodAccess[117]]
NodeName: MethodAccess[117] Successors: [BooleanLiteral[36]]
NodeName: MethodAccess[77] Successors: [MethodAccess[42]]
NodeName: Entry[174] Successors: [SuperConstructorAccess[184]]
NodeName: SuperConstructorAccess[184] Successors: [Implicit[174]]
NodeName: Implicit[174] Successors: [Exit[174]]
NodeName: Exit[174] Successors: []
NodeName: Entry[184] Successors: [Exit[196]]
NodeName: Exit[196] Successors: []
NodeName: Entry[214] Successors: [SuperConstructorAccess[224]]
NodeName: SuperConstructorAccess[224] Successors: [Implicit[214]]
NodeName: Implicit[214] Successors: [Exit[214]]
NodeName: Exit[214] Successors: []
NodeName: Entry[224] Successors: [Exit[235]]
NodeName: Exit[235] Successors: []

NodeName: Exit[32] Predecessor: [BooleanLiteral[36], MethodAccess[56]]
NodeName: BooleanLiteral[36] Predecessor: [Entry[15], MethodAccess[117], MethodAccess[159]]
NodeName: Entry[15] Predecessor: []
NodeName: MethodAccess[117] Predecessor: [StringLiteral[120]]
NodeName: StringLiteral[120] Predecessor: [VarAccess[116]]
NodeName: VarAccess[116] Predecessor: [TypeAccess[115]]
NodeName: TypeAccess[115] Predecessor: [UncheckedExceptions[107]]
NodeName: UncheckedExceptions[107] Predecessor: [NTACloseResource[128]]
NodeName: NTACloseResource[128] Predecessor: [NTACloseResource[124]]
NodeName: NTACloseResource[124] Predecessor: [BooleanLiteral[103]]
NodeName: BooleanLiteral[103] Predecessor: [ResourceDeclaration[76]]
NodeName: ResourceDeclaration[76] Predecessor: [ResourceDeclaration[41]]
NodeName: ResourceDeclaration[41] Predecessor: [BooleanLiteral[36]]
NodeName: MethodAccess[159] Predecessor: [StringLiteral[162]]
NodeName: StringLiteral[162] Predecessor: [VarAccess[158]]
NodeName: VarAccess[158] Predecessor: [TypeAccess[157]]
NodeName: TypeAccess[157] Predecessor: [UncheckedExceptions[165], MethodAccess[145]]
NodeName: UncheckedExceptions[165] Predecessor: [MethodAccess[42]]
NodeName: MethodAccess[42] Predecessor: [ResourceDeclaration[76], MethodAccess[77]]
NodeName: MethodAccess[77] Predecessor: [BooleanLiteral[103]]
NodeName: MethodAccess[145] Predecessor: [StringLiteral[148]]
NodeName: StringLiteral[148] Predecessor: [VarAccess[144]]
NodeName: VarAccess[144] Predecessor: [TypeAccess[143]]
NodeName: TypeAccess[143] Predecessor: [ParameterDeclaration[134]]
NodeName: ParameterDeclaration[134] Predecessor: [ResourceDeclaration[41], MethodAccess[56], ResourceDeclaration[76], UncheckedExceptions[107]]
NodeName: MethodAccess[56] Predecessor: [StringLiteral[59]]
NodeName: StringLiteral[59] Predecessor: [VarAccess[55]]
NodeName: VarAccess[55] Predecessor: [TypeAccess[54]]
NodeName: TypeAccess[54] Predecessor: [UncheckedExceptions[43]]
NodeName: UncheckedExceptions[43] Predecessor: [MethodAccess[42]]
NodeName: Exit[174] Predecessor: [Implicit[174]]
NodeName: Implicit[174] Predecessor: [SuperConstructorAccess[184]]
NodeName: SuperConstructorAccess[184] Predecessor: [Entry[174]]
NodeName: Entry[174] Predecessor: []
NodeName: Exit[196] Predecessor: [Entry[184]]
NodeName: Entry[184] Predecessor: []
NodeName: Exit[214] Predecessor: [Implicit[214]]
NodeName: Implicit[214] Predecessor: [SuperConstructorAccess[224]]
NodeName: SuperConstructorAccess[224] Predecessor: [Entry[214]]
NodeName: Entry[214] Predecessor: []
NodeName: Exit[235] Predecessor: [Entry[224]]
NodeName: Entry[224] Predecessor: []
