NodeName: Entry[17] Successors: [Exit[18]]
NodeName: Exit[18] Successors: []
NodeName: Entry[9] Successors: [Exit[10]]
NodeName: Exit[10] Successors: []
NodeName: Entry[31] Successors: [BooleanLiteral[52]]
NodeName: BooleanLiteral[52] Successors: [ClassInstanceExpr[80], Exit[48]]
NodeName: ClassInstanceExpr[80] Successors: [ResourceDeclaration[57], ParameterDeclaration[148]]
NodeName: ResourceDeclaration[57] Successors: [ClassInstanceExpr[99]]
NodeName: ClassInstanceExpr[99] Successors: [ResourceDeclaration[91], NTACloseResource[104]]
NodeName: ResourceDeclaration[91] Successors: [BooleanLiteral[117]]
NodeName: BooleanLiteral[117] Successors: [NTACloseResource[138], MethodAccess[92]]
NodeName: NTACloseResource[138] Successors: [NTACloseResource[142]]
NodeName: NTACloseResource[142] Successors: [UncheckedExceptions[121]]
NodeName: UncheckedExceptions[121] Successors: [ParameterDeclaration[148], TypeAccess[129]]
NodeName: ParameterDeclaration[148] Successors: [TypeAccess[157]]
NodeName: TypeAccess[157] Successors: [VarAccess[158]]
NodeName: VarAccess[158] Successors: [StringLiteral[162]]
NodeName: StringLiteral[162] Successors: [MethodAccess[159]]
NodeName: MethodAccess[159] Successors: [TypeAccess[171]]
NodeName: TypeAccess[171] Successors: [VarAccess[172]]
NodeName: VarAccess[172] Successors: [StringLiteral[176]]
NodeName: StringLiteral[176] Successors: [MethodAccess[173]]
NodeName: MethodAccess[173] Successors: [BooleanLiteral[52]]
NodeName: TypeAccess[129] Successors: [VarAccess[130]]
NodeName: VarAccess[130] Successors: [StringLiteral[134]]
NodeName: StringLiteral[134] Successors: [MethodAccess[131]]
NodeName: MethodAccess[131] Successors: [BooleanLiteral[52]]
NodeName: MethodAccess[92] Successors: [MethodAccess[58]]
NodeName: MethodAccess[58] Successors: [UncheckedExceptions[179], UncheckedExceptions[59]]
NodeName: UncheckedExceptions[179] Successors: [TypeAccess[171]]
NodeName: UncheckedExceptions[59] Successors: [TypeAccess[70]]
NodeName: TypeAccess[70] Successors: [VarAccess[71]]
NodeName: VarAccess[71] Successors: [StringLiteral[75]]
NodeName: StringLiteral[75] Successors: [MethodAccess[72]]
NodeName: MethodAccess[72] Successors: [Exit[48], ParameterDeclaration[148]]
NodeName: Exit[48] Successors: []
NodeName: NTACloseResource[104] Successors: [ParameterDeclaration[148]]
NodeName: Entry[190] Successors: [Exit[191]]
NodeName: Exit[191] Successors: []
NodeName: Entry[182] Successors: [Exit[183]]
NodeName: Exit[183] Successors: []
NodeName: Entry[204] Successors: [SuperConstructorAccess[214]]
NodeName: SuperConstructorAccess[214] Successors: [Implicit[204]]
NodeName: Implicit[204] Successors: [Exit[204]]
NodeName: Exit[204] Successors: []
NodeName: Entry[214] Successors: [Exit[226]]
NodeName: Exit[226] Successors: []
NodeName: Entry[239] Successors: [Exit[240]]
NodeName: Exit[240] Successors: []
NodeName: Entry[231] Successors: [Exit[232]]
NodeName: Exit[232] Successors: []
NodeName: Entry[262] Successors: [Exit[263]]
NodeName: Exit[263] Successors: []
NodeName: Entry[254] Successors: [Exit[255]]
NodeName: Exit[255] Successors: []
NodeName: Entry[276] Successors: [SuperConstructorAccess[286]]
NodeName: SuperConstructorAccess[286] Successors: [Implicit[276]]
NodeName: Implicit[276] Successors: [Exit[276]]
NodeName: Exit[276] Successors: []
NodeName: Entry[286] Successors: [Exit[297]]
NodeName: Exit[297] Successors: []

NodeName: Exit[18] Predecessor: [Entry[17]]
NodeName: Entry[17] Predecessor: []
NodeName: Exit[10] Predecessor: [Entry[9]]
NodeName: Entry[9] Predecessor: []
NodeName: Exit[48] Predecessor: [BooleanLiteral[52], MethodAccess[72]]
NodeName: BooleanLiteral[52] Predecessor: [Entry[31], MethodAccess[131], MethodAccess[173]]
NodeName: Entry[31] Predecessor: []
NodeName: MethodAccess[131] Predecessor: [StringLiteral[134]]
NodeName: StringLiteral[134] Predecessor: [VarAccess[130]]
NodeName: VarAccess[130] Predecessor: [TypeAccess[129]]
NodeName: TypeAccess[129] Predecessor: [UncheckedExceptions[121]]
NodeName: UncheckedExceptions[121] Predecessor: [NTACloseResource[142]]
NodeName: NTACloseResource[142] Predecessor: [NTACloseResource[138]]
NodeName: NTACloseResource[138] Predecessor: [BooleanLiteral[117]]
NodeName: BooleanLiteral[117] Predecessor: [ResourceDeclaration[91]]
NodeName: ResourceDeclaration[91] Predecessor: [ClassInstanceExpr[99]]
NodeName: ClassInstanceExpr[99] Predecessor: [ResourceDeclaration[57]]
NodeName: ResourceDeclaration[57] Predecessor: [ClassInstanceExpr[80]]
NodeName: ClassInstanceExpr[80] Predecessor: [BooleanLiteral[52]]
NodeName: MethodAccess[173] Predecessor: [StringLiteral[176]]
NodeName: StringLiteral[176] Predecessor: [VarAccess[172]]
NodeName: VarAccess[172] Predecessor: [TypeAccess[171]]
NodeName: TypeAccess[171] Predecessor: [UncheckedExceptions[179], MethodAccess[159]]
NodeName: UncheckedExceptions[179] Predecessor: [MethodAccess[58]]
NodeName: MethodAccess[58] Predecessor: [MethodAccess[92]]
NodeName: MethodAccess[92] Predecessor: [BooleanLiteral[117]]
NodeName: MethodAccess[159] Predecessor: [StringLiteral[162]]
NodeName: StringLiteral[162] Predecessor: [VarAccess[158]]
NodeName: VarAccess[158] Predecessor: [TypeAccess[157]]
NodeName: TypeAccess[157] Predecessor: [ParameterDeclaration[148]]
NodeName: ParameterDeclaration[148] Predecessor: [MethodAccess[72], ClassInstanceExpr[80], NTACloseResource[104], UncheckedExceptions[121]]
NodeName: MethodAccess[72] Predecessor: [StringLiteral[75]]
NodeName: StringLiteral[75] Predecessor: [VarAccess[71]]
NodeName: VarAccess[71] Predecessor: [TypeAccess[70]]
NodeName: TypeAccess[70] Predecessor: [UncheckedExceptions[59]]
NodeName: UncheckedExceptions[59] Predecessor: [MethodAccess[58]]
NodeName: NTACloseResource[104] Predecessor: [ClassInstanceExpr[99]]
NodeName: Exit[191] Predecessor: [Entry[190]]
NodeName: Entry[190] Predecessor: []
NodeName: Exit[183] Predecessor: [Entry[182]]
NodeName: Entry[182] Predecessor: []
NodeName: Exit[204] Predecessor: [Implicit[204]]
NodeName: Implicit[204] Predecessor: [SuperConstructorAccess[214]]
NodeName: SuperConstructorAccess[214] Predecessor: [Entry[204]]
NodeName: Entry[204] Predecessor: []
NodeName: Exit[226] Predecessor: [Entry[214]]
NodeName: Entry[214] Predecessor: []
NodeName: Exit[240] Predecessor: [Entry[239]]
NodeName: Entry[239] Predecessor: []
NodeName: Exit[232] Predecessor: [Entry[231]]
NodeName: Entry[231] Predecessor: []
NodeName: Exit[263] Predecessor: [Entry[262]]
NodeName: Entry[262] Predecessor: []
NodeName: Exit[255] Predecessor: [Entry[254]]
NodeName: Entry[254] Predecessor: []
NodeName: Exit[276] Predecessor: [Implicit[276]]
NodeName: Implicit[276] Predecessor: [SuperConstructorAccess[286]]
NodeName: SuperConstructorAccess[286] Predecessor: [Entry[276]]
NodeName: Entry[276] Predecessor: []
NodeName: Exit[297] Predecessor: [Entry[286]]
NodeName: Entry[286] Predecessor: []
