NodeName: Entry[13] Successors: [IntegerLiteral[23]]
NodeName: IntegerLiteral[23] Successors: [VariableDeclarator[20]]
NodeName: VariableDeclarator[20] Successors: [VarAccess[31]]
NodeName: VarAccess[31] Successors: [IntegerLiteral[32]]
NodeName: IntegerLiteral[32] Successors: [GTExpr[30]]
NodeName: GTExpr[30] Successors: [VarAccess[31], Exit[13]]
NodeName: Exit[13] Successors: []

NodeName: Exit[13] Predecessor: [GTExpr[30]]
NodeName: GTExpr[30] Predecessor: [IntegerLiteral[32]]
NodeName: IntegerLiteral[32] Predecessor: [VarAccess[31]]
NodeName: VarAccess[31] Predecessor: [VariableDeclarator[20], GTExpr[30]]
NodeName: VariableDeclarator[20] Predecessor: [IntegerLiteral[23]]
NodeName: IntegerLiteral[23] Predecessor: [Entry[13]]
NodeName: Entry[13] Predecessor: []
