NodeName: Entry[15] Successors: [Exit[16]]
NodeName: Exit[16] Successors: []
NodeName: Entry[7] Successors: [IntegerLiteral[39]]
NodeName: IntegerLiteral[39] Successors: [VariableDeclarator[36]]
NodeName: VariableDeclarator[36] Successors: [VarAccess[47]]
NodeName: VarAccess[47] Successors: [IntegerLiteral[48]]
NodeName: IntegerLiteral[48] Successors: [GTExpr[46]]
NodeName: GTExpr[46] Successors: [VarAccess[47], Exit[8]]
NodeName: Exit[8] Successors: []

NodeName: Exit[16] Predecessor: [Entry[15]]
NodeName: Entry[15] Predecessor: []
NodeName: Exit[8] Predecessor: [GTExpr[46]]
NodeName: GTExpr[46] Predecessor: [IntegerLiteral[48]]
NodeName: IntegerLiteral[48] Predecessor: [VarAccess[47]]
NodeName: VarAccess[47] Predecessor: [VariableDeclarator[36], GTExpr[46]]
NodeName: VariableDeclarator[36] Predecessor: [IntegerLiteral[39]]
NodeName: IntegerLiteral[39] Predecessor: [Entry[7]]
NodeName: Entry[7] Predecessor: []
