NodeName: Entry[15] Successors: [Exit[16]]
NodeName: Exit[16] Successors: []
NodeName: Entry[7] Successors: [Exit[8]]
NodeName: Exit[8] Successors: []
NodeName: Entry[39] Successors: [Exit[40]]
NodeName: Exit[40] Successors: []
NodeName: Entry[31] Successors: [IntegerLiteral[59]]
NodeName: IntegerLiteral[59] Successors: [FieldDeclarator[56]]
NodeName: FieldDeclarator[56] Successors: [Exit[32]]
NodeName: Exit[32] Successors: []

NodeName: Exit[16] Predecessor: [Entry[15]]
NodeName: Entry[15] Predecessor: []
NodeName: Exit[8] Predecessor: [Entry[7]]
NodeName: Entry[7] Predecessor: []
NodeName: Exit[40] Predecessor: [Entry[39]]
NodeName: Entry[39] Predecessor: []
NodeName: Exit[32] Predecessor: [FieldDeclarator[56]]
NodeName: FieldDeclarator[56] Predecessor: [IntegerLiteral[59]]
NodeName: IntegerLiteral[59] Predecessor: [Entry[31]]
NodeName: Entry[31] Predecessor: []
