NodeName: Entry[13] Successors: [BooleanLiteral[19]]
NodeName: BooleanLiteral[19] Successors: [VariableDeclarator[40], VariableDeclarator[31]]
NodeName: VariableDeclarator[40] Successors: [Exit[13]]
NodeName: Exit[13] Successors: []
NodeName: VariableDeclarator[31] Successors: [BooleanLiteral[34]]
NodeName: BooleanLiteral[34] Successors: [BooleanLiteral[19], VariableDeclarator[40]]

NodeName: Exit[13] Predecessor: [VariableDeclarator[40]]
NodeName: VariableDeclarator[40] Predecessor: [BooleanLiteral[19], BooleanLiteral[34]]
NodeName: BooleanLiteral[19] Predecessor: [Entry[13], BooleanLiteral[34]]
NodeName: Entry[13] Predecessor: []
NodeName: BooleanLiteral[34] Predecessor: [VariableDeclarator[31]]
NodeName: VariableDeclarator[31] Predecessor: [BooleanLiteral[19]]
