NodeName: Entry[15] Successors: [Exit[16]]
NodeName: Exit[16] Successors: []
NodeName: Entry[7] Successors: [BooleanLiteral[35]]
NodeName: BooleanLiteral[35] Successors: [VariableDeclarator[56], VariableDeclarator[47]]
NodeName: VariableDeclarator[56] Successors: [Exit[8]]
NodeName: Exit[8] Successors: []
NodeName: VariableDeclarator[47] Successors: [BooleanLiteral[50]]
NodeName: BooleanLiteral[50] Successors: [BooleanLiteral[35], VariableDeclarator[56]]

NodeName: Exit[16] Predecessor: [Entry[15]]
NodeName: Entry[15] Predecessor: []
NodeName: Exit[8] Predecessor: [VariableDeclarator[56]]
NodeName: VariableDeclarator[56] Predecessor: [BooleanLiteral[35], BooleanLiteral[50]]
NodeName: BooleanLiteral[35] Predecessor: [Entry[7], BooleanLiteral[50]]
NodeName: Entry[7] Predecessor: []
NodeName: BooleanLiteral[50] Predecessor: [VariableDeclarator[47]]
NodeName: VariableDeclarator[47] Predecessor: [BooleanLiteral[35]]
