NodeName: Entry[13] Successors: [VariableDeclarator[24]]
NodeName: VariableDeclarator[24] Successors: [VariableDeclarator[36]]
NodeName: VariableDeclarator[36] Successors: [VariableDeclarator[49]]
NodeName: VariableDeclarator[49] Successors: [Exit[13]]
NodeName: Exit[13] Successors: []

NodeName: Exit[13] Predecessor: [VariableDeclarator[49]]
NodeName: VariableDeclarator[49] Predecessor: [VariableDeclarator[36]]
NodeName: VariableDeclarator[36] Predecessor: [VariableDeclarator[24]]
NodeName: VariableDeclarator[24] Predecessor: [Entry[13]]
NodeName: Entry[13] Predecessor: []
