NodeName: Entry[13] Successors: [LocalClassDeclStmt[22]]
NodeName: LocalClassDeclStmt[22] Successors: [VariableDeclarator[75]]
NodeName: VariableDeclarator[75] Successors: [VariableDeclarator[78]]
NodeName: VariableDeclarator[78] Successors: [IntegerLiteral[95]]
NodeName: IntegerLiteral[95] Successors: [IntegerLiteral[98]]
NodeName: IntegerLiteral[98] Successors: [AssignSimpleExpr[96]]
NodeName: AssignSimpleExpr[96] Successors: [VariableDeclarator[88]]
NodeName: VariableDeclarator[88] Successors: [IntegerLiteral[108]]
NodeName: IntegerLiteral[108] Successors: [AssignSimpleExpr[106]]
NodeName: AssignSimpleExpr[106] Successors: [ArrayAccess[105]]
NodeName: ArrayAccess[105] Successors: [IntegerLiteral[112]]
NodeName: IntegerLiteral[112] Successors: [AssignSimpleExpr[110]]
NodeName: AssignSimpleExpr[110] Successors: [ArrayAccess[109]]
NodeName: ArrayAccess[109] Successors: [IntegerLiteral[118]]
NodeName: IntegerLiteral[118] Successors: [AssignSimpleExpr[116]]
NodeName: AssignSimpleExpr[116] Successors: [IntegerLiteral[121]]
NodeName: IntegerLiteral[121] Successors: [AssignSimpleExpr[119]]
NodeName: AssignSimpleExpr[119] Successors: [ClassInstanceExpr[113]]
NodeName: ClassInstanceExpr[113] Successors: [AssignSimpleExpr[101]]
NodeName: AssignSimpleExpr[101] Successors: [Exit[20]]
NodeName: Exit[20] Successors: []
NodeName: Entry[42] Successors: [SuperConstructorAccess[71]]
NodeName: SuperConstructorAccess[71] Successors: [Implicit[42]]
NodeName: Implicit[42] Successors: [ThisAccess[61]]
NodeName: ThisAccess[61] Successors: [VarAccess[63]]
NodeName: VarAccess[63] Successors: [AssignSimpleExpr[59]]
NodeName: AssignSimpleExpr[59] Successors: [ThisAccess[67]]
NodeName: ThisAccess[67] Successors: [VarAccess[69]]
NodeName: VarAccess[69] Successors: [AssignSimpleExpr[65]]
NodeName: AssignSimpleExpr[65] Successors: [Exit[42]]
NodeName: Exit[42] Successors: []

NodeName: Exit[20] Predecessor: [AssignSimpleExpr[101]]
NodeName: AssignSimpleExpr[101] Predecessor: [ClassInstanceExpr[113]]
NodeName: ClassInstanceExpr[113] Predecessor: [AssignSimpleExpr[119]]
NodeName: AssignSimpleExpr[119] Predecessor: [IntegerLiteral[121]]
NodeName: IntegerLiteral[121] Predecessor: [AssignSimpleExpr[116]]
NodeName: AssignSimpleExpr[116] Predecessor: [IntegerLiteral[118]]
NodeName: IntegerLiteral[118] Predecessor: [ArrayAccess[109]]
NodeName: ArrayAccess[109] Predecessor: [AssignSimpleExpr[110]]
NodeName: AssignSimpleExpr[110] Predecessor: [IntegerLiteral[112]]
NodeName: IntegerLiteral[112] Predecessor: [ArrayAccess[105]]
NodeName: ArrayAccess[105] Predecessor: [AssignSimpleExpr[106]]
NodeName: AssignSimpleExpr[106] Predecessor: [IntegerLiteral[108]]
NodeName: IntegerLiteral[108] Predecessor: [VariableDeclarator[88]]
NodeName: VariableDeclarator[88] Predecessor: [AssignSimpleExpr[96]]
NodeName: AssignSimpleExpr[96] Predecessor: [IntegerLiteral[98]]
NodeName: IntegerLiteral[98] Predecessor: [IntegerLiteral[95]]
NodeName: IntegerLiteral[95] Predecessor: [VariableDeclarator[78]]
NodeName: VariableDeclarator[78] Predecessor: [VariableDeclarator[75]]
NodeName: VariableDeclarator[75] Predecessor: [LocalClassDeclStmt[22]]
NodeName: LocalClassDeclStmt[22] Predecessor: [Entry[13]]
NodeName: Entry[13] Predecessor: []
NodeName: Exit[42] Predecessor: [AssignSimpleExpr[65]]
NodeName: AssignSimpleExpr[65] Predecessor: [VarAccess[69]]
NodeName: VarAccess[69] Predecessor: [ThisAccess[67]]
NodeName: ThisAccess[67] Predecessor: [AssignSimpleExpr[59]]
NodeName: AssignSimpleExpr[59] Predecessor: [VarAccess[63]]
NodeName: VarAccess[63] Predecessor: [ThisAccess[61]]
NodeName: ThisAccess[61] Predecessor: [Implicit[42]]
NodeName: Implicit[42] Predecessor: [SuperConstructorAccess[71]]
NodeName: SuperConstructorAccess[71] Predecessor: [Entry[42]]
NodeName: Entry[42] Predecessor: []
