NodeName: Entry[15] Successors: [Exit[16]]
NodeName: Exit[16] Successors: []
NodeName: Entry[7] Successors: [Exit[8]]
NodeName: Exit[8] Successors: []
NodeName: Entry[29] Successors: [VariableDeclarator[43]]
NodeName: VariableDeclarator[43] Successors: [VariableDeclarator[46]]
NodeName: VariableDeclarator[46] Successors: [IntegerLiteral[65]]
NodeName: IntegerLiteral[65] Successors: [AssignSimpleExpr[63]]
NodeName: AssignSimpleExpr[63] Successors: [IntegerLiteral[68]]
NodeName: IntegerLiteral[68] Successors: [AssignSimpleExpr[66]]
NodeName: AssignSimpleExpr[66] Successors: [VariableDeclarator[56]]
NodeName: VariableDeclarator[56] Successors: [IntegerLiteral[78]]
NodeName: IntegerLiteral[78] Successors: [AssignSimpleExpr[76]]
NodeName: AssignSimpleExpr[76] Successors: [ArrayAccess[75]]
NodeName: ArrayAccess[75] Successors: [IntegerLiteral[82]]
NodeName: IntegerLiteral[82] Successors: [AssignSimpleExpr[80]]
NodeName: AssignSimpleExpr[80] Successors: [ArrayAccess[79]]
NodeName: ArrayAccess[79] Successors: [IntegerLiteral[83]]
NodeName: IntegerLiteral[83] Successors: [AssignSimpleExpr[71]]
NodeName: AssignSimpleExpr[71] Successors: [Exit[36]]
NodeName: Exit[36] Successors: []

NodeName: Exit[16] Predecessor: [Entry[15]]
NodeName: Entry[15] Predecessor: []
NodeName: Exit[8] Predecessor: [Entry[7]]
NodeName: Entry[7] Predecessor: []
NodeName: Exit[36] Predecessor: [AssignSimpleExpr[71]]
NodeName: AssignSimpleExpr[71] Predecessor: [IntegerLiteral[83]]
NodeName: IntegerLiteral[83] Predecessor: [ArrayAccess[79]]
NodeName: ArrayAccess[79] Predecessor: [AssignSimpleExpr[80]]
NodeName: AssignSimpleExpr[80] Predecessor: [IntegerLiteral[82]]
NodeName: IntegerLiteral[82] Predecessor: [ArrayAccess[75]]
NodeName: ArrayAccess[75] Predecessor: [AssignSimpleExpr[76]]
NodeName: AssignSimpleExpr[76] Predecessor: [IntegerLiteral[78]]
NodeName: IntegerLiteral[78] Predecessor: [VariableDeclarator[56]]
NodeName: VariableDeclarator[56] Predecessor: [AssignSimpleExpr[66]]
NodeName: AssignSimpleExpr[66] Predecessor: [IntegerLiteral[68]]
NodeName: IntegerLiteral[68] Predecessor: [AssignSimpleExpr[63]]
NodeName: AssignSimpleExpr[63] Predecessor: [IntegerLiteral[65]]
NodeName: IntegerLiteral[65] Predecessor: [VariableDeclarator[46]]
NodeName: VariableDeclarator[46] Predecessor: [VariableDeclarator[43]]
NodeName: VariableDeclarator[43] Predecessor: [Entry[29]]
NodeName: Entry[29] Predecessor: []
