NodeName: Entry[13] Successors: [VariableDeclarator[27]]
NodeName: VariableDeclarator[27] Successors: [VariableDeclarator[30]]
NodeName: VariableDeclarator[30] Successors: [IntegerLiteral[49]]
NodeName: IntegerLiteral[49] Successors: [AssignSimpleExpr[47]]
NodeName: AssignSimpleExpr[47] Successors: [IntegerLiteral[52]]
NodeName: IntegerLiteral[52] Successors: [AssignSimpleExpr[50]]
NodeName: AssignSimpleExpr[50] Successors: [VariableDeclarator[40]]
NodeName: VariableDeclarator[40] Successors: [IntegerLiteral[62]]
NodeName: IntegerLiteral[62] Successors: [AssignSimpleExpr[60]]
NodeName: AssignSimpleExpr[60] Successors: [ArrayAccess[59]]
NodeName: ArrayAccess[59] Successors: [IntegerLiteral[66]]
NodeName: IntegerLiteral[66] Successors: [AssignSimpleExpr[64]]
NodeName: AssignSimpleExpr[64] Successors: [ArrayAccess[63]]
NodeName: ArrayAccess[63] Successors: [IntegerLiteral[67]]
NodeName: IntegerLiteral[67] Successors: [AssignSimpleExpr[55]]
NodeName: AssignSimpleExpr[55] Successors: [Exit[20]]
NodeName: Exit[20] Successors: []

NodeName: Exit[20] Predecessor: [AssignSimpleExpr[55]]
NodeName: AssignSimpleExpr[55] Predecessor: [IntegerLiteral[67]]
NodeName: IntegerLiteral[67] Predecessor: [ArrayAccess[63]]
NodeName: ArrayAccess[63] Predecessor: [AssignSimpleExpr[64]]
NodeName: AssignSimpleExpr[64] Predecessor: [IntegerLiteral[66]]
NodeName: IntegerLiteral[66] Predecessor: [ArrayAccess[59]]
NodeName: ArrayAccess[59] Predecessor: [AssignSimpleExpr[60]]
NodeName: AssignSimpleExpr[60] Predecessor: [IntegerLiteral[62]]
NodeName: IntegerLiteral[62] Predecessor: [VariableDeclarator[40]]
NodeName: VariableDeclarator[40] Predecessor: [AssignSimpleExpr[50]]
NodeName: AssignSimpleExpr[50] Predecessor: [IntegerLiteral[52]]
NodeName: IntegerLiteral[52] Predecessor: [AssignSimpleExpr[47]]
NodeName: AssignSimpleExpr[47] Predecessor: [IntegerLiteral[49]]
NodeName: IntegerLiteral[49] Predecessor: [VariableDeclarator[30]]
NodeName: VariableDeclarator[30] Predecessor: [VariableDeclarator[27]]
NodeName: VariableDeclarator[27] Predecessor: [Entry[13]]
NodeName: Entry[13] Predecessor: []
