NodeName: Entry[15] Successors: [Exit[16]]
NodeName: Exit[16] Successors: []
NodeName: Entry[7] Successors: [Exit[8]]
NodeName: Exit[8] Successors: []
NodeName: Entry[29] Successors: [IntegerLiteral[46]]
NodeName: IntegerLiteral[46] Successors: [VariableDeclarator[43]]
NodeName: VariableDeclarator[43] Successors: [IntegerLiteral[50]]
NodeName: IntegerLiteral[50] Successors: [AssignSimpleExpr[48]]
NodeName: AssignSimpleExpr[48] Successors: [ConstCase[53]]
NodeName: ConstCase[53] Successors: [IntegerLiteral[60], IntegerLiteral[63]]
NodeName: IntegerLiteral[60] Successors: [AssignSimpleExpr[58]]
NodeName: AssignSimpleExpr[58] Successors: [IntegerLiteral[63]]
NodeName: IntegerLiteral[63] Successors: [IntegerLiteral[64]]
NodeName: IntegerLiteral[64] Successors: [AddExpr[62]]
NodeName: AddExpr[62] Successors: [ConstCase[61]]
NodeName: ConstCase[61] Successors: [IntegerLiteral[68], DefaultCase[73]]
NodeName: IntegerLiteral[68] Successors: [AssignSimpleExpr[66]]
NodeName: AssignSimpleExpr[66] Successors: [IntegerLiteral[72]]
NodeName: IntegerLiteral[72] Successors: [AssignSimpleExpr[70]]
NodeName: AssignSimpleExpr[70] Successors: [DefaultCase[73]]
NodeName: DefaultCase[73] Successors: [IntegerLiteral[77]]
NodeName: IntegerLiteral[77] Successors: [AssignSimpleExpr[75]]
NodeName: AssignSimpleExpr[75] Successors: [Exit[36]]
NodeName: Exit[36] Successors: []

NodeName: Exit[16] Predecessor: [Entry[15]]
NodeName: Entry[15] Predecessor: []
NodeName: Exit[8] Predecessor: [Entry[7]]
NodeName: Entry[7] Predecessor: []
NodeName: Exit[36] Predecessor: [AssignSimpleExpr[75]]
NodeName: AssignSimpleExpr[75] Predecessor: [IntegerLiteral[77]]
NodeName: IntegerLiteral[77] Predecessor: [DefaultCase[73]]
NodeName: DefaultCase[73] Predecessor: [ConstCase[61], AssignSimpleExpr[70]]
NodeName: ConstCase[61] Predecessor: [AddExpr[62]]
NodeName: AddExpr[62] Predecessor: [IntegerLiteral[64]]
NodeName: IntegerLiteral[64] Predecessor: [IntegerLiteral[63]]
NodeName: IntegerLiteral[63] Predecessor: [ConstCase[53], AssignSimpleExpr[58]]
NodeName: ConstCase[53] Predecessor: [AssignSimpleExpr[48]]
NodeName: AssignSimpleExpr[48] Predecessor: [IntegerLiteral[50]]
NodeName: IntegerLiteral[50] Predecessor: [VariableDeclarator[43]]
NodeName: VariableDeclarator[43] Predecessor: [IntegerLiteral[46]]
NodeName: IntegerLiteral[46] Predecessor: [Entry[29]]
NodeName: Entry[29] Predecessor: []
NodeName: AssignSimpleExpr[58] Predecessor: [IntegerLiteral[60]]
NodeName: IntegerLiteral[60] Predecessor: [ConstCase[53]]
NodeName: AssignSimpleExpr[70] Predecessor: [IntegerLiteral[72]]
NodeName: IntegerLiteral[72] Predecessor: [AssignSimpleExpr[66]]
NodeName: AssignSimpleExpr[66] Predecessor: [IntegerLiteral[68]]
NodeName: IntegerLiteral[68] Predecessor: [ConstCase[61]]
