NodeName: Entry[13] Successors: [TypeAccess[32]]
NodeName: TypeAccess[32] Successors: [VarAccess[33]]
NodeName: VarAccess[33] Successors: [StringLiteral[37]]
NodeName: StringLiteral[37] Successors: [MethodAccess[34]]
NodeName: MethodAccess[34] Successors: [IntegerLiteral[44]]
NodeName: IntegerLiteral[44] Successors: [UncheckedExceptions[43]]
NodeName: UncheckedExceptions[43] Successors: [TypeAccess[53]]
NodeName: TypeAccess[53] Successors: [VarAccess[54]]
NodeName: VarAccess[54] Successors: [StringLiteral[58]]
NodeName: StringLiteral[58] Successors: [MethodAccess[55]]
NodeName: MethodAccess[55] Successors: [TypeAccess[68]]
NodeName: TypeAccess[68] Successors: [VarAccess[69]]
NodeName: VarAccess[69] Successors: [StringLiteral[73]]
NodeName: StringLiteral[73] Successors: [MethodAccess[70]]
NodeName: MethodAccess[70] Successors: [ReturnStmt[42], Exit[21]]
NodeName: ReturnStmt[42] Successors: [Exit[21]]
NodeName: Exit[21] Successors: []

NodeName: Exit[21] Predecessor: [ReturnStmt[42], MethodAccess[70]]
NodeName: ReturnStmt[42] Predecessor: [MethodAccess[70]]
NodeName: MethodAccess[70] Predecessor: [StringLiteral[73]]
NodeName: StringLiteral[73] Predecessor: [VarAccess[69]]
NodeName: VarAccess[69] Predecessor: [TypeAccess[68]]
NodeName: TypeAccess[68] Predecessor: [MethodAccess[55]]
NodeName: MethodAccess[55] Predecessor: [StringLiteral[58]]
NodeName: StringLiteral[58] Predecessor: [VarAccess[54]]
NodeName: VarAccess[54] Predecessor: [TypeAccess[53]]
NodeName: TypeAccess[53] Predecessor: [UncheckedExceptions[43]]
NodeName: UncheckedExceptions[43] Predecessor: [IntegerLiteral[44]]
NodeName: IntegerLiteral[44] Predecessor: [MethodAccess[34]]
NodeName: MethodAccess[34] Predecessor: [StringLiteral[37]]
NodeName: StringLiteral[37] Predecessor: [VarAccess[33]]
NodeName: VarAccess[33] Predecessor: [TypeAccess[32]]
NodeName: TypeAccess[32] Predecessor: [Entry[13]]
NodeName: Entry[13] Predecessor: []
