NodeName: Entry[27] Successors: [IntegerLiteral[38]]
NodeName: IntegerLiteral[38] Successors: [ReturnStmt[36]]
NodeName: ReturnStmt[36] Successors: [Exit[34]]
NodeName: Exit[34] Successors: []

NodeName: Exit[34] Predecessor: [ReturnStmt[36]]
NodeName: ReturnStmt[36] Predecessor: [IntegerLiteral[38]]
NodeName: IntegerLiteral[38] Predecessor: [Entry[27]]
NodeName: Entry[27] Predecessor: []
