NodeName: Entry[15] Successors: [Exit[16]]
NodeName: Exit[16] Successors: []
NodeName: Entry[7] Successors: [TypeAccess[34]]
NodeName: TypeAccess[34] Successors: [VarAccess[35]]
NodeName: VarAccess[35] Successors: [StringLiteral[39]]
NodeName: StringLiteral[39] Successors: [MethodAccess[36]]
NodeName: MethodAccess[36] Successors: [Exit[8]]
NodeName: Exit[8] Successors: []
NodeName: Entry[43] Successors: [IntegerLiteral[54]]
NodeName: IntegerLiteral[54] Successors: [ReturnStmt[52]]
NodeName: ReturnStmt[52] Successors: [Exit[50]]
NodeName: Exit[50] Successors: []

NodeName: Exit[16] Predecessor: [Entry[15]]
NodeName: Entry[15] Predecessor: []
NodeName: Exit[8] Predecessor: [MethodAccess[36]]
NodeName: MethodAccess[36] Predecessor: [StringLiteral[39]]
NodeName: StringLiteral[39] Predecessor: [VarAccess[35]]
NodeName: VarAccess[35] Predecessor: [TypeAccess[34]]
NodeName: TypeAccess[34] Predecessor: [Entry[7]]
NodeName: Entry[7] Predecessor: []
NodeName: Exit[50] Predecessor: [ReturnStmt[52]]
NodeName: ReturnStmt[52] Predecessor: [IntegerLiteral[54]]
NodeName: IntegerLiteral[54] Predecessor: [Entry[43]]
NodeName: Entry[43] Predecessor: []
