NodeName: Entry[13] Successors: [TypeAccess[18]]
NodeName: TypeAccess[18] Successors: [VarAccess[19]]
NodeName: VarAccess[19] Successors: [StringLiteral[23]]
NodeName: StringLiteral[23] Successors: [MethodAccess[20]]
NodeName: MethodAccess[20] Successors: [Exit[13]]
NodeName: Exit[13] Successors: []
NodeName: Entry[27] Successors: [IntegerLiteral[38]]
NodeName: IntegerLiteral[38] Successors: [ReturnStmt[36]]
NodeName: ReturnStmt[36] Successors: [Exit[34]]
NodeName: Exit[34] Successors: []

NodeName: Exit[13] Predecessor: [MethodAccess[20]]
NodeName: MethodAccess[20] Predecessor: [StringLiteral[23]]
NodeName: StringLiteral[23] Predecessor: [VarAccess[19]]
NodeName: VarAccess[19] Predecessor: [TypeAccess[18]]
NodeName: TypeAccess[18] Predecessor: [Entry[13]]
NodeName: Entry[13] Predecessor: []
NodeName: Exit[34] Predecessor: [ReturnStmt[36]]
NodeName: ReturnStmt[36] Predecessor: [IntegerLiteral[38]]
NodeName: IntegerLiteral[38] Predecessor: [Entry[27]]
NodeName: Entry[27] Predecessor: []
