NodeName: Entry[13] Successors: [SuperConstructorAccess[36]]
NodeName: SuperConstructorAccess[36] Successors: [Implicit[13]]
NodeName: Implicit[13] Successors: [TypeAccess[27]]
NodeName: TypeAccess[27] Successors: [VarAccess[28]]
NodeName: VarAccess[28] Successors: [StringLiteral[32]]
NodeName: StringLiteral[32] Successors: [MethodAccess[29]]
NodeName: MethodAccess[29] Successors: [Exit[13]]
NodeName: Exit[13] Successors: []
NodeName: Entry[36] Successors: [IntegerLiteral[44]]
NodeName: IntegerLiteral[44] Successors: [ConstructorAccess[42]]
NodeName: ConstructorAccess[42] Successors: [TypeAccess[50]]
NodeName: TypeAccess[50] Successors: [VarAccess[51]]
NodeName: VarAccess[51] Successors: [StringLiteral[55]]
NodeName: StringLiteral[55] Successors: [MethodAccess[52]]
NodeName: MethodAccess[52] Successors: [Exit[36]]
NodeName: Exit[36] Successors: []

NodeName: Exit[13] Predecessor: [MethodAccess[29]]
NodeName: MethodAccess[29] Predecessor: [StringLiteral[32]]
NodeName: StringLiteral[32] Predecessor: [VarAccess[28]]
NodeName: VarAccess[28] Predecessor: [TypeAccess[27]]
NodeName: TypeAccess[27] Predecessor: [Implicit[13]]
NodeName: Implicit[13] Predecessor: [SuperConstructorAccess[36]]
NodeName: SuperConstructorAccess[36] Predecessor: [Entry[13]]
NodeName: Entry[13] Predecessor: []
NodeName: Exit[36] Predecessor: [MethodAccess[52]]
NodeName: MethodAccess[52] Predecessor: [StringLiteral[55]]
NodeName: StringLiteral[55] Predecessor: [VarAccess[51]]
NodeName: VarAccess[51] Predecessor: [TypeAccess[50]]
NodeName: TypeAccess[50] Predecessor: [ConstructorAccess[42]]
NodeName: ConstructorAccess[42] Predecessor: [IntegerLiteral[44]]
NodeName: IntegerLiteral[44] Predecessor: [Entry[36]]
NodeName: Entry[36] Predecessor: []
