NodeName: Entry[15] Successors: [Exit[16]]
NodeName: Exit[16] Successors: []
NodeName: Entry[7] Successors: [Exit[8]]
NodeName: Exit[8] Successors: []
NodeName: Entry[29] Successors: [SuperConstructorAccess[52]]
NodeName: SuperConstructorAccess[52] Successors: [Implicit[29]]
NodeName: Implicit[29] Successors: [TypeAccess[43]]
NodeName: TypeAccess[43] Successors: [VarAccess[44]]
NodeName: VarAccess[44] Successors: [StringLiteral[48]]
NodeName: StringLiteral[48] Successors: [MethodAccess[45]]
NodeName: MethodAccess[45] Successors: [Exit[29]]
NodeName: Exit[29] Successors: []
NodeName: Entry[52] Successors: [IntegerLiteral[60]]
NodeName: IntegerLiteral[60] Successors: [ConstructorAccess[58]]
NodeName: ConstructorAccess[58] Successors: [TypeAccess[66]]
NodeName: TypeAccess[66] Successors: [VarAccess[67]]
NodeName: VarAccess[67] Successors: [StringLiteral[71]]
NodeName: StringLiteral[71] Successors: [MethodAccess[68]]
NodeName: MethodAccess[68] Successors: [Exit[52]]
NodeName: Exit[52] Successors: []

NodeName: Exit[16] Predecessor: [Entry[15]]
NodeName: Entry[15] Predecessor: []
NodeName: Exit[8] Predecessor: [Entry[7]]
NodeName: Entry[7] Predecessor: []
NodeName: Exit[29] Predecessor: [MethodAccess[45]]
NodeName: MethodAccess[45] Predecessor: [StringLiteral[48]]
NodeName: StringLiteral[48] Predecessor: [VarAccess[44]]
NodeName: VarAccess[44] Predecessor: [TypeAccess[43]]
NodeName: TypeAccess[43] Predecessor: [Implicit[29]]
NodeName: Implicit[29] Predecessor: [SuperConstructorAccess[52]]
NodeName: SuperConstructorAccess[52] Predecessor: [Entry[29]]
NodeName: Entry[29] Predecessor: []
NodeName: Exit[52] Predecessor: [MethodAccess[68]]
NodeName: MethodAccess[68] Predecessor: [StringLiteral[71]]
NodeName: StringLiteral[71] Predecessor: [VarAccess[67]]
NodeName: VarAccess[67] Predecessor: [TypeAccess[66]]
NodeName: TypeAccess[66] Predecessor: [ConstructorAccess[58]]
NodeName: ConstructorAccess[58] Predecessor: [IntegerLiteral[60]]
NodeName: IntegerLiteral[60] Predecessor: [Entry[52]]
NodeName: Entry[52] Predecessor: []
