NodeName: Entry[13] Successors: [BooleanLiteral[24]]
NodeName: BooleanLiteral[24] Successors: [TypeAccess[30], TypeAccess[87]]
NodeName: TypeAccess[30] Successors: [VarAccess[31]]
NodeName: VarAccess[31] Successors: [StringLiteral[35]]
NodeName: StringLiteral[35] Successors: [MethodAccess[32]]
NodeName: MethodAccess[32] Successors: [VariableDeclarator[46]]
NodeName: VariableDeclarator[46] Successors: [UncheckedExceptions[50]]
NodeName: UncheckedExceptions[50] Successors: [TypeAccess[59]]
NodeName: TypeAccess[59] Successors: [VarAccess[60]]
NodeName: VarAccess[60] Successors: [StringLiteral[64]]
NodeName: StringLiteral[64] Successors: [MethodAccess[61]]
NodeName: MethodAccess[61] Successors: [TypeAccess[87], Exit[21]]
NodeName: TypeAccess[87] Successors: [VarAccess[88]]
NodeName: VarAccess[88] Successors: [StringLiteral[92]]
NodeName: StringLiteral[92] Successors: [MethodAccess[89]]
NodeName: MethodAccess[89] Successors: [Exit[21]]
NodeName: Exit[21] Successors: []

NodeName: Exit[21] Predecessor: [MethodAccess[61], MethodAccess[89]]
NodeName: MethodAccess[61] Predecessor: [StringLiteral[64]]
NodeName: StringLiteral[64] Predecessor: [VarAccess[60]]
NodeName: VarAccess[60] Predecessor: [TypeAccess[59]]
NodeName: TypeAccess[59] Predecessor: [UncheckedExceptions[50]]
NodeName: UncheckedExceptions[50] Predecessor: [VariableDeclarator[46]]
NodeName: VariableDeclarator[46] Predecessor: [MethodAccess[32]]
NodeName: MethodAccess[32] Predecessor: [StringLiteral[35]]
NodeName: StringLiteral[35] Predecessor: [VarAccess[31]]
NodeName: VarAccess[31] Predecessor: [TypeAccess[30]]
NodeName: TypeAccess[30] Predecessor: [BooleanLiteral[24]]
NodeName: BooleanLiteral[24] Predecessor: [Entry[13]]
NodeName: Entry[13] Predecessor: []
NodeName: MethodAccess[89] Predecessor: [StringLiteral[92]]
NodeName: StringLiteral[92] Predecessor: [VarAccess[88]]
NodeName: VarAccess[88] Predecessor: [TypeAccess[87]]
NodeName: TypeAccess[87] Predecessor: [BooleanLiteral[24], MethodAccess[61]]
