NodeName: Entry[15] Successors: [Exit[16]]
NodeName: Exit[16] Successors: []
NodeName: Entry[7] Successors: [Exit[8]]
NodeName: Exit[8] Successors: []
NodeName: Entry[28] Successors: [MethodAccess[44]]
NodeName: MethodAccess[44] Successors: [VariableDeclarator[54], UncheckedExceptions[45]]
NodeName: VariableDeclarator[54] Successors: [UncheckedExceptions[74]]
NodeName: UncheckedExceptions[74] Successors: [UncheckedExceptions[94], Exit[35]]
NodeName: UncheckedExceptions[94] Successors: [Exit[35]]
NodeName: Exit[35] Successors: []
NodeName: UncheckedExceptions[45] Successors: [ParameterDeclaration[59], CatchParameterDeclaration[77], Exit[35]]
NodeName: ParameterDeclaration[59] Successors: [VariableDeclarator[70]]
NodeName: VariableDeclarator[70] Successors: [UncheckedExceptions[94]]
NodeName: CatchParameterDeclaration[77] Successors: [VariableDeclarator[90]]
NodeName: VariableDeclarator[90] Successors: [Exit[35]]
NodeName: Entry[97] Successors: [Exit[107]]
NodeName: Exit[107] Successors: []
NodeName: Entry[119] Successors: [Exit[120]]
NodeName: Exit[120] Successors: []
NodeName: Entry[111] Successors: [Exit[112]]
NodeName: Exit[112] Successors: []
NodeName: Entry[142] Successors: [Exit[143]]
NodeName: Exit[143] Successors: []
NodeName: Entry[134] Successors: [Exit[135]]
NodeName: Exit[135] Successors: []
NodeName: Entry[165] Successors: [Exit[166]]
NodeName: Exit[166] Successors: []
NodeName: Entry[157] Successors: [Exit[158]]
NodeName: Exit[158] Successors: []

NodeName: Exit[16] Predecessor: [Entry[15]]
NodeName: Entry[15] Predecessor: []
NodeName: Exit[8] Predecessor: [Entry[7]]
NodeName: Entry[7] Predecessor: []
NodeName: Exit[35] Predecessor: [UncheckedExceptions[94], UncheckedExceptions[74], UncheckedExceptions[45], VariableDeclarator[90]]
NodeName: UncheckedExceptions[94] Predecessor: [UncheckedExceptions[74], VariableDeclarator[70]]
NodeName: UncheckedExceptions[74] Predecessor: [VariableDeclarator[54]]
NodeName: VariableDeclarator[54] Predecessor: [MethodAccess[44]]
NodeName: MethodAccess[44] Predecessor: [Entry[28]]
NodeName: Entry[28] Predecessor: []
NodeName: VariableDeclarator[70] Predecessor: [ParameterDeclaration[59]]
NodeName: ParameterDeclaration[59] Predecessor: [UncheckedExceptions[45]]
NodeName: UncheckedExceptions[45] Predecessor: [MethodAccess[44]]
NodeName: VariableDeclarator[90] Predecessor: [CatchParameterDeclaration[77]]
NodeName: CatchParameterDeclaration[77] Predecessor: [UncheckedExceptions[45]]
NodeName: Exit[107] Predecessor: [Entry[97]]
NodeName: Entry[97] Predecessor: []
NodeName: Exit[120] Predecessor: [Entry[119]]
NodeName: Entry[119] Predecessor: []
NodeName: Exit[112] Predecessor: [Entry[111]]
NodeName: Entry[111] Predecessor: []
NodeName: Exit[143] Predecessor: [Entry[142]]
NodeName: Entry[142] Predecessor: []
NodeName: Exit[135] Predecessor: [Entry[134]]
NodeName: Entry[134] Predecessor: []
NodeName: Exit[166] Predecessor: [Entry[165]]
NodeName: Entry[165] Predecessor: []
NodeName: Exit[158] Predecessor: [Entry[157]]
NodeName: Entry[157] Predecessor: []
