NodeName: Entry[12] Successors: [MethodAccess[28]]
NodeName: MethodAccess[28] Successors: [VariableDeclarator[38], UncheckedExceptions[29]]
NodeName: VariableDeclarator[38] Successors: [UncheckedExceptions[58]]
NodeName: UncheckedExceptions[58] Successors: [UncheckedExceptions[78], Exit[19]]
NodeName: UncheckedExceptions[78] Successors: [Exit[19]]
NodeName: Exit[19] Successors: []
NodeName: UncheckedExceptions[29] Successors: [ParameterDeclaration[43], CatchParameterDeclaration[61], Exit[19]]
NodeName: ParameterDeclaration[43] Successors: [VariableDeclarator[54]]
NodeName: VariableDeclarator[54] Successors: [UncheckedExceptions[78]]
NodeName: CatchParameterDeclaration[61] Successors: [VariableDeclarator[74]]
NodeName: VariableDeclarator[74] Successors: [Exit[19]]
NodeName: Entry[81] Successors: [Exit[91]]
NodeName: Exit[91] Successors: []

NodeName: Exit[19] Predecessor: [UncheckedExceptions[78], UncheckedExceptions[58], UncheckedExceptions[29], VariableDeclarator[74]]
NodeName: UncheckedExceptions[78] Predecessor: [UncheckedExceptions[58], VariableDeclarator[54]]
NodeName: UncheckedExceptions[58] Predecessor: [VariableDeclarator[38]]
NodeName: VariableDeclarator[38] Predecessor: [MethodAccess[28]]
NodeName: MethodAccess[28] Predecessor: [Entry[12]]
NodeName: Entry[12] Predecessor: []
NodeName: VariableDeclarator[54] Predecessor: [ParameterDeclaration[43]]
NodeName: ParameterDeclaration[43] Predecessor: [UncheckedExceptions[29]]
NodeName: UncheckedExceptions[29] Predecessor: [MethodAccess[28]]
NodeName: VariableDeclarator[74] Predecessor: [CatchParameterDeclaration[61]]
NodeName: CatchParameterDeclaration[61] Predecessor: [UncheckedExceptions[29]]
NodeName: Exit[91] Predecessor: [Entry[81]]
NodeName: Entry[81] Predecessor: []
