NodeName: Entry[15] Successors: [Exit[16]]
NodeName: Exit[16] Successors: []
NodeName: Entry[7] Successors: [Exit[8]]
NodeName: Exit[8] Successors: []
NodeName: Entry[29] Successors: [IntegerLiteral[51]]
NodeName: IntegerLiteral[51] Successors: [VariableDeclarator[48]]
NodeName: VariableDeclarator[48] Successors: [VarAccess[54]]
NodeName: VarAccess[54] Successors: [IntegerLiteral[55]]
NodeName: IntegerLiteral[55] Successors: [GTExpr[53]]
NodeName: GTExpr[53] Successors: [ThrowStmt[56], UncheckedExceptions[143]]
NodeName: ThrowStmt[56] Successors: [ClassInstanceExpr[58]]
NodeName: ClassInstanceExpr[58] Successors: [UncheckedExceptions[57]]
NodeName: UncheckedExceptions[57] Successors: [ParameterDeclaration[71], TypeAccess[127]]
NodeName: ParameterDeclaration[71] Successors: [TypeAccess[80]]
NodeName: TypeAccess[80] Successors: [VarAccess[81]]
NodeName: VarAccess[81] Successors: [StringLiteral[85]]
NodeName: StringLiteral[85] Successors: [MethodAccess[82]]
NodeName: MethodAccess[82] Successors: [ThrowStmt[88]]
NodeName: ThrowStmt[88] Successors: [ClassInstanceExpr[90]]
NodeName: ClassInstanceExpr[90] Successors: [UncheckedExceptions[89]]
NodeName: UncheckedExceptions[89] Successors: [TypeAccess[104]]
NodeName: TypeAccess[104] Successors: [VarAccess[105]]
NodeName: VarAccess[105] Successors: [StringLiteral[109]]
NodeName: StringLiteral[109] Successors: [MethodAccess[106]]
NodeName: MethodAccess[106] Successors: [VariableDeclarator[117]]
NodeName: VariableDeclarator[117] Successors: [Exit[38]]
NodeName: Exit[38] Successors: []
NodeName: TypeAccess[127] Successors: [VarAccess[128]]
NodeName: VarAccess[128] Successors: [StringLiteral[132]]
NodeName: StringLiteral[132] Successors: [MethodAccess[129]]
NodeName: MethodAccess[129] Successors: [VariableDeclarator[140]]
NodeName: VariableDeclarator[140] Successors: [VariableDeclarator[149], Exit[38]]
NodeName: VariableDeclarator[149] Successors: [Exit[38]]
NodeName: UncheckedExceptions[143] Successors: [TypeAccess[127]]
NodeName: Entry[162] Successors: [Exit[163]]
NodeName: Exit[163] Successors: []
NodeName: Entry[154] Successors: [Exit[155]]
NodeName: Exit[155] Successors: []
NodeName: Entry[185] Successors: [Exit[186]]
NodeName: Exit[186] Successors: []
NodeName: Entry[177] Successors: [Exit[178]]
NodeName: Exit[178] Successors: []

NodeName: Exit[16] Predecessor: [Entry[15]]
NodeName: Entry[15] Predecessor: []
NodeName: Exit[8] Predecessor: [Entry[7]]
NodeName: Entry[7] Predecessor: []
NodeName: Exit[38] Predecessor: [VariableDeclarator[117], VariableDeclarator[140], VariableDeclarator[149]]
NodeName: VariableDeclarator[117] Predecessor: [MethodAccess[106]]
NodeName: MethodAccess[106] Predecessor: [StringLiteral[109]]
NodeName: StringLiteral[109] Predecessor: [VarAccess[105]]
NodeName: VarAccess[105] Predecessor: [TypeAccess[104]]
NodeName: TypeAccess[104] Predecessor: [UncheckedExceptions[89]]
NodeName: UncheckedExceptions[89] Predecessor: [ClassInstanceExpr[90]]
NodeName: ClassInstanceExpr[90] Predecessor: [ThrowStmt[88]]
NodeName: ThrowStmt[88] Predecessor: [MethodAccess[82]]
NodeName: MethodAccess[82] Predecessor: [StringLiteral[85]]
NodeName: StringLiteral[85] Predecessor: [VarAccess[81]]
NodeName: VarAccess[81] Predecessor: [TypeAccess[80]]
NodeName: TypeAccess[80] Predecessor: [ParameterDeclaration[71]]
NodeName: ParameterDeclaration[71] Predecessor: [UncheckedExceptions[57]]
NodeName: UncheckedExceptions[57] Predecessor: [ClassInstanceExpr[58]]
NodeName: ClassInstanceExpr[58] Predecessor: [ThrowStmt[56]]
NodeName: ThrowStmt[56] Predecessor: [GTExpr[53]]
NodeName: GTExpr[53] Predecessor: [IntegerLiteral[55]]
NodeName: IntegerLiteral[55] Predecessor: [VarAccess[54]]
NodeName: VarAccess[54] Predecessor: [VariableDeclarator[48]]
NodeName: VariableDeclarator[48] Predecessor: [IntegerLiteral[51]]
NodeName: IntegerLiteral[51] Predecessor: [Entry[29]]
NodeName: Entry[29] Predecessor: []
NodeName: VariableDeclarator[140] Predecessor: [MethodAccess[129]]
NodeName: MethodAccess[129] Predecessor: [StringLiteral[132]]
NodeName: StringLiteral[132] Predecessor: [VarAccess[128]]
NodeName: VarAccess[128] Predecessor: [TypeAccess[127]]
NodeName: TypeAccess[127] Predecessor: [UncheckedExceptions[143], UncheckedExceptions[57]]
NodeName: UncheckedExceptions[143] Predecessor: [GTExpr[53]]
NodeName: VariableDeclarator[149] Predecessor: [VariableDeclarator[140]]
NodeName: Exit[163] Predecessor: [Entry[162]]
NodeName: Entry[162] Predecessor: []
NodeName: Exit[155] Predecessor: [Entry[154]]
NodeName: Entry[154] Predecessor: []
NodeName: Exit[186] Predecessor: [Entry[185]]
NodeName: Entry[185] Predecessor: []
NodeName: Exit[178] Predecessor: [Entry[177]]
NodeName: Entry[177] Predecessor: []
