NodeName: Entry[19] Successors: [Exit[20]]
NodeName: Exit[20] Successors: []
NodeName: Entry[11] Successors: [Exit[12]]
NodeName: Exit[12] Successors: []
NodeName: Entry[32] Successors: [ClassInstanceExpr[51]]
NodeName: ClassInstanceExpr[51] Successors: [ResourceDeclaration[43]]
NodeName: ResourceDeclaration[43] Successors: [VarAccess[64]]
NodeName: VarAccess[64] Successors: [MethodAccess[65]]
NodeName: MethodAccess[65] Successors: [MethodAccess[44], NTACloseResource[69]]
NodeName: MethodAccess[44] Successors: [UncheckedExceptions[91], UncheckedExceptions[45]]
NodeName: UncheckedExceptions[91] Successors: [Exit[39]]
NodeName: Exit[39] Successors: []
NodeName: UncheckedExceptions[45] Successors: [ParameterDeclaration[76], Exit[39]]
NodeName: ParameterDeclaration[76] Successors: [VarAccess[84]]
NodeName: VarAccess[84] Successors: [MethodAccess[85]]
NodeName: MethodAccess[85] Successors: [Exit[39]]
NodeName: NTACloseResource[69] Successors: [UncheckedExceptions[66]]
NodeName: UncheckedExceptions[66] Successors: [ParameterDeclaration[76], Exit[39]]

NodeName: Exit[20] Predecessor: [Entry[19]]
NodeName: Entry[19] Predecessor: []
NodeName: Exit[12] Predecessor: [Entry[11]]
NodeName: Entry[11] Predecessor: []
NodeName: Exit[39] Predecessor: [UncheckedExceptions[91], UncheckedExceptions[45], UncheckedExceptions[66], MethodAccess[85]]
NodeName: UncheckedExceptions[91] Predecessor: [MethodAccess[44]]
NodeName: MethodAccess[44] Predecessor: [MethodAccess[65]]
NodeName: MethodAccess[65] Predecessor: [VarAccess[64]]
NodeName: VarAccess[64] Predecessor: [ResourceDeclaration[43]]
NodeName: ResourceDeclaration[43] Predecessor: [ClassInstanceExpr[51]]
NodeName: ClassInstanceExpr[51] Predecessor: [Entry[32]]
NodeName: Entry[32] Predecessor: []
NodeName: UncheckedExceptions[45] Predecessor: [MethodAccess[44]]
NodeName: UncheckedExceptions[66] Predecessor: [NTACloseResource[69]]
NodeName: NTACloseResource[69] Predecessor: [MethodAccess[65]]
NodeName: MethodAccess[85] Predecessor: [VarAccess[84]]
NodeName: VarAccess[84] Predecessor: [ParameterDeclaration[76]]
NodeName: ParameterDeclaration[76] Predecessor: [UncheckedExceptions[45], UncheckedExceptions[66]]
