NodeName: Entry[16] Successors: [ClassInstanceExpr[35]]
NodeName: ClassInstanceExpr[35] Successors: [ResourceDeclaration[27]]
NodeName: ResourceDeclaration[27] Successors: [VarAccess[48]]
NodeName: VarAccess[48] Successors: [MethodAccess[49]]
NodeName: MethodAccess[49] Successors: [MethodAccess[28], NTACloseResource[53]]
NodeName: MethodAccess[28] Successors: [UncheckedExceptions[75], UncheckedExceptions[29]]
NodeName: UncheckedExceptions[75] Successors: [Exit[23]]
NodeName: Exit[23] Successors: []
NodeName: UncheckedExceptions[29] Successors: [ParameterDeclaration[60], Exit[23]]
NodeName: ParameterDeclaration[60] Successors: [VarAccess[68]]
NodeName: VarAccess[68] Successors: [MethodAccess[69]]
NodeName: MethodAccess[69] Successors: [Exit[23]]
NodeName: NTACloseResource[53] Successors: [UncheckedExceptions[50]]
NodeName: UncheckedExceptions[50] Successors: [ParameterDeclaration[60], Exit[23]]

NodeName: Exit[23] Predecessor: [UncheckedExceptions[75], UncheckedExceptions[29], UncheckedExceptions[50], MethodAccess[69]]
NodeName: UncheckedExceptions[75] Predecessor: [MethodAccess[28]]
NodeName: MethodAccess[28] Predecessor: [MethodAccess[49]]
NodeName: MethodAccess[49] Predecessor: [VarAccess[48]]
NodeName: VarAccess[48] Predecessor: [ResourceDeclaration[27]]
NodeName: ResourceDeclaration[27] Predecessor: [ClassInstanceExpr[35]]
NodeName: ClassInstanceExpr[35] Predecessor: [Entry[16]]
NodeName: Entry[16] Predecessor: []
NodeName: UncheckedExceptions[29] Predecessor: [MethodAccess[28]]
NodeName: UncheckedExceptions[50] Predecessor: [NTACloseResource[53]]
NodeName: NTACloseResource[53] Predecessor: [MethodAccess[49]]
NodeName: MethodAccess[69] Predecessor: [VarAccess[68]]
NodeName: VarAccess[68] Predecessor: [ParameterDeclaration[60]]
NodeName: ParameterDeclaration[60] Predecessor: [UncheckedExceptions[29], UncheckedExceptions[50]]
