NodeName: Entry[16] Successors: [ResourceDeclaration[27]]
NodeName: ResourceDeclaration[27] Successors: [VarAccess[49]]
NodeName: VarAccess[49] Successors: [MethodAccess[50]]
NodeName: MethodAccess[50] Successors: [MethodAccess[28], NTACloseResource[54]]
NodeName: MethodAccess[28] Successors: [UncheckedExceptions[76], UncheckedExceptions[29]]
NodeName: UncheckedExceptions[76] Successors: [Exit[23]]
NodeName: Exit[23] Successors: []
NodeName: UncheckedExceptions[29] Successors: [ParameterDeclaration[61], Exit[23]]
NodeName: ParameterDeclaration[61] Successors: [VarAccess[69]]
NodeName: VarAccess[69] Successors: [MethodAccess[70]]
NodeName: MethodAccess[70] Successors: [Exit[23]]
NodeName: NTACloseResource[54] Successors: [UncheckedExceptions[51]]
NodeName: UncheckedExceptions[51] Successors: [ParameterDeclaration[61], Exit[23]]

NodeName: Exit[23] Predecessor: [UncheckedExceptions[76], UncheckedExceptions[29], UncheckedExceptions[51], MethodAccess[70]]
NodeName: UncheckedExceptions[76] Predecessor: [MethodAccess[28]]
NodeName: MethodAccess[28] Predecessor: [MethodAccess[50]]
NodeName: MethodAccess[50] Predecessor: [VarAccess[49]]
NodeName: VarAccess[49] Predecessor: [ResourceDeclaration[27]]
NodeName: ResourceDeclaration[27] Predecessor: [Entry[16]]
NodeName: Entry[16] Predecessor: []
NodeName: UncheckedExceptions[29] Predecessor: [MethodAccess[28]]
NodeName: UncheckedExceptions[51] Predecessor: [NTACloseResource[54]]
NodeName: NTACloseResource[54] Predecessor: [MethodAccess[50]]
NodeName: MethodAccess[70] Predecessor: [VarAccess[69]]
NodeName: VarAccess[69] Predecessor: [ParameterDeclaration[61]]
NodeName: ParameterDeclaration[61] Predecessor: [UncheckedExceptions[29], UncheckedExceptions[51]]
