NodeName: Entry[15] Successors: [Exit[16]]
NodeName: Exit[16] Successors: []
NodeName: Entry[7] Successors: [IntegerLiteral[41]]
NodeName: IntegerLiteral[41] Successors: [VariableDeclarator[38]]
NodeName: VariableDeclarator[38] Successors: [IntegerLiteral[45]]
NodeName: IntegerLiteral[45] Successors: [VariableDeclarator[42]]
NodeName: VariableDeclarator[42] Successors: [VarAccess[48]]
NodeName: VarAccess[48] Successors: [IntegerLiteral[49]]
NodeName: IntegerLiteral[49] Successors: [EQExpr[47]]
NodeName: EQExpr[47] Successors: [TypeAccess[62], Exit[8]]
NodeName: TypeAccess[62] Successors: [VarAccess[63]]
NodeName: VarAccess[63] Successors: [IntegerLiteral[67]]
NodeName: IntegerLiteral[67] Successors: [MethodAccess[64]]
NodeName: MethodAccess[64] Successors: [PostIncExpr[52]]
NodeName: PostIncExpr[52] Successors: [PostIncExpr[55]]
NodeName: PostIncExpr[55] Successors: [VarAccess[48]]
NodeName: Exit[8] Successors: []

NodeName: Exit[16] Predecessor: [Entry[15]]
NodeName: Entry[15] Predecessor: []
NodeName: Exit[8] Predecessor: [EQExpr[47]]
NodeName: EQExpr[47] Predecessor: [IntegerLiteral[49]]
NodeName: IntegerLiteral[49] Predecessor: [VarAccess[48]]
NodeName: VarAccess[48] Predecessor: [VariableDeclarator[42], PostIncExpr[55]]
NodeName: VariableDeclarator[42] Predecessor: [IntegerLiteral[45]]
NodeName: IntegerLiteral[45] Predecessor: [VariableDeclarator[38]]
NodeName: VariableDeclarator[38] Predecessor: [IntegerLiteral[41]]
NodeName: IntegerLiteral[41] Predecessor: [Entry[7]]
NodeName: Entry[7] Predecessor: []
NodeName: PostIncExpr[55] Predecessor: [PostIncExpr[52]]
NodeName: PostIncExpr[52] Predecessor: [MethodAccess[64]]
NodeName: MethodAccess[64] Predecessor: [IntegerLiteral[67]]
NodeName: IntegerLiteral[67] Predecessor: [VarAccess[63]]
NodeName: VarAccess[63] Predecessor: [TypeAccess[62]]
NodeName: TypeAccess[62] Predecessor: [EQExpr[47]]
