NodeName: Entry[13] Successors: [IntegerLiteral[25]]
NodeName: IntegerLiteral[25] Successors: [VariableDeclarator[22]]
NodeName: VariableDeclarator[22] Successors: [IntegerLiteral[29]]
NodeName: IntegerLiteral[29] Successors: [VariableDeclarator[26]]
NodeName: VariableDeclarator[26] Successors: [VarAccess[32]]
NodeName: VarAccess[32] Successors: [IntegerLiteral[33]]
NodeName: IntegerLiteral[33] Successors: [EQExpr[31]]
NodeName: EQExpr[31] Successors: [TypeAccess[46], Exit[13]]
NodeName: TypeAccess[46] Successors: [VarAccess[47]]
NodeName: VarAccess[47] Successors: [IntegerLiteral[51]]
NodeName: IntegerLiteral[51] Successors: [MethodAccess[48]]
NodeName: MethodAccess[48] Successors: [PostIncExpr[36]]
NodeName: PostIncExpr[36] Successors: [PostIncExpr[39]]
NodeName: PostIncExpr[39] Successors: [VarAccess[32]]
NodeName: Exit[13] Successors: []

NodeName: Exit[13] Predecessor: [EQExpr[31]]
NodeName: EQExpr[31] Predecessor: [IntegerLiteral[33]]
NodeName: IntegerLiteral[33] Predecessor: [VarAccess[32]]
NodeName: VarAccess[32] Predecessor: [VariableDeclarator[26], PostIncExpr[39]]
NodeName: VariableDeclarator[26] Predecessor: [IntegerLiteral[29]]
NodeName: IntegerLiteral[29] Predecessor: [VariableDeclarator[22]]
NodeName: VariableDeclarator[22] Predecessor: [IntegerLiteral[25]]
NodeName: IntegerLiteral[25] Predecessor: [Entry[13]]
NodeName: Entry[13] Predecessor: []
NodeName: PostIncExpr[39] Predecessor: [PostIncExpr[36]]
NodeName: PostIncExpr[36] Predecessor: [MethodAccess[48]]
NodeName: MethodAccess[48] Predecessor: [IntegerLiteral[51]]
NodeName: IntegerLiteral[51] Predecessor: [VarAccess[47]]
NodeName: VarAccess[47] Predecessor: [TypeAccess[46]]
NodeName: TypeAccess[46] Predecessor: [EQExpr[31]]
