NodeName: Entry[13] Successors: [StringLiteral[37]]
NodeName: StringLiteral[37] Successors: [StringLiteral[38]]
NodeName: StringLiteral[38] Successors: [AddExpr[36]]
NodeName: AddExpr[36] Successors: [StringLiteral[42]]
NodeName: StringLiteral[42] Successors: [StringLiteral[43]]
NodeName: StringLiteral[43] Successors: [AddExpr[41]]
NodeName: AddExpr[41] Successors: [StringLiteral[45]]
NodeName: StringLiteral[45] Successors: [StringLiteral[46]]
NodeName: StringLiteral[46] Successors: [AddExpr[44]]
NodeName: AddExpr[44] Successors: [VariableDeclarator[29]]
NodeName: VariableDeclarator[29] Successors: [StringLiteral[66]]
NodeName: StringLiteral[66] Successors: [StringLiteral[69]]
NodeName: StringLiteral[69] Successors: [StringLiteral[70]]
NodeName: StringLiteral[70] Successors: [VariableDeclarator[54]]
NodeName: VariableDeclarator[54] Successors: [Exit[20]]
NodeName: Exit[20] Successors: []

NodeName: Exit[20] Predecessor: [VariableDeclarator[54]]
NodeName: VariableDeclarator[54] Predecessor: [StringLiteral[70]]
NodeName: StringLiteral[70] Predecessor: [StringLiteral[69]]
NodeName: StringLiteral[69] Predecessor: [StringLiteral[66]]
NodeName: StringLiteral[66] Predecessor: [VariableDeclarator[29]]
NodeName: VariableDeclarator[29] Predecessor: [AddExpr[44]]
NodeName: AddExpr[44] Predecessor: [StringLiteral[46]]
NodeName: StringLiteral[46] Predecessor: [StringLiteral[45]]
NodeName: StringLiteral[45] Predecessor: [AddExpr[41]]
NodeName: AddExpr[41] Predecessor: [StringLiteral[43]]
NodeName: StringLiteral[43] Predecessor: [StringLiteral[42]]
NodeName: StringLiteral[42] Predecessor: [AddExpr[36]]
NodeName: AddExpr[36] Predecessor: [StringLiteral[38]]
NodeName: StringLiteral[38] Predecessor: [StringLiteral[37]]
NodeName: StringLiteral[37] Predecessor: [Entry[13]]
NodeName: Entry[13] Predecessor: []
