NodeName: Entry[15] Successors: [Exit[16]]
NodeName: Exit[16] Successors: []
NodeName: Entry[7] Successors: [Exit[8]]
NodeName: Exit[8] Successors: []
NodeName: Entry[29] Successors: [StringLiteral[53]]
NodeName: StringLiteral[53] Successors: [StringLiteral[54]]
NodeName: StringLiteral[54] Successors: [AddExpr[52]]
NodeName: AddExpr[52] Successors: [StringLiteral[58]]
NodeName: StringLiteral[58] Successors: [StringLiteral[59]]
NodeName: StringLiteral[59] Successors: [AddExpr[57]]
NodeName: AddExpr[57] Successors: [StringLiteral[61]]
NodeName: StringLiteral[61] Successors: [StringLiteral[62]]
NodeName: StringLiteral[62] Successors: [AddExpr[60]]
NodeName: AddExpr[60] Successors: [VariableDeclarator[45]]
NodeName: VariableDeclarator[45] Successors: [StringLiteral[82]]
NodeName: StringLiteral[82] Successors: [StringLiteral[85]]
NodeName: StringLiteral[85] Successors: [StringLiteral[86]]
NodeName: StringLiteral[86] Successors: [VariableDeclarator[70]]
NodeName: VariableDeclarator[70] Successors: [Exit[36]]
NodeName: Exit[36] Successors: []

NodeName: Exit[16] Predecessor: [Entry[15]]
NodeName: Entry[15] Predecessor: []
NodeName: Exit[8] Predecessor: [Entry[7]]
NodeName: Entry[7] Predecessor: []
NodeName: Exit[36] Predecessor: [VariableDeclarator[70]]
NodeName: VariableDeclarator[70] Predecessor: [StringLiteral[86]]
NodeName: StringLiteral[86] Predecessor: [StringLiteral[85]]
NodeName: StringLiteral[85] Predecessor: [StringLiteral[82]]
NodeName: StringLiteral[82] Predecessor: [VariableDeclarator[45]]
NodeName: VariableDeclarator[45] Predecessor: [AddExpr[60]]
NodeName: AddExpr[60] Predecessor: [StringLiteral[62]]
NodeName: StringLiteral[62] Predecessor: [StringLiteral[61]]
NodeName: StringLiteral[61] Predecessor: [AddExpr[57]]
NodeName: AddExpr[57] Predecessor: [StringLiteral[59]]
NodeName: StringLiteral[59] Predecessor: [StringLiteral[58]]
NodeName: StringLiteral[58] Predecessor: [AddExpr[52]]
NodeName: AddExpr[52] Predecessor: [StringLiteral[54]]
NodeName: StringLiteral[54] Predecessor: [StringLiteral[53]]
NodeName: StringLiteral[53] Predecessor: [Entry[29]]
NodeName: Entry[29] Predecessor: []
