NodeName: Entry[12] Successors: [SuperConstructorAccess[24]]
NodeName: SuperConstructorAccess[24] Successors: [Implicit[12]]
NodeName: Implicit[12] Successors: [Exit[12]]
NodeName: Exit[12] Successors: []
NodeName: Entry[24] Successors: [TypeAccess[37]]
NodeName: TypeAccess[37] Successors: [VarAccess[38]]
NodeName: VarAccess[38] Successors: [StringLiteral[42]]
NodeName: StringLiteral[42] Successors: [MethodAccess[39]]
NodeName: MethodAccess[39] Successors: [Exit[32]]
NodeName: Exit[32] Successors: []
NodeName: Entry[52] Successors: [StringLiteral[73]]
NodeName: StringLiteral[73] Successors: [ClassInstanceExpr[70]]
NodeName: ClassInstanceExpr[70] Successors: [VariableDeclarator[67]]
NodeName: VariableDeclarator[67] Successors: [VarAccess[129]]
NodeName: VarAccess[129] Successors: [MethodAccess[130]]
NodeName: MethodAccess[130] Successors: [Exit[60]]
NodeName: Exit[60] Successors: []
NodeName: Entry[92] Successors: [TypeAccess[105]]
NodeName: TypeAccess[105] Successors: [VarAccess[106]]
NodeName: VarAccess[106] Successors: [StringLiteral[110]]
NodeName: StringLiteral[110] Successors: [MethodAccess[107]]
NodeName: MethodAccess[107] Successors: [Exit[100]]
NodeName: Exit[100] Successors: []

NodeName: Exit[12] Predecessor: [Implicit[12]]
NodeName: Implicit[12] Predecessor: [SuperConstructorAccess[24]]
NodeName: SuperConstructorAccess[24] Predecessor: [Entry[12]]
NodeName: Entry[12] Predecessor: []
NodeName: Exit[32] Predecessor: [MethodAccess[39]]
NodeName: MethodAccess[39] Predecessor: [StringLiteral[42]]
NodeName: StringLiteral[42] Predecessor: [VarAccess[38]]
NodeName: VarAccess[38] Predecessor: [TypeAccess[37]]
NodeName: TypeAccess[37] Predecessor: [Entry[24]]
NodeName: Entry[24] Predecessor: []
NodeName: Exit[60] Predecessor: [MethodAccess[130]]
NodeName: MethodAccess[130] Predecessor: [VarAccess[129]]
NodeName: VarAccess[129] Predecessor: [VariableDeclarator[67]]
NodeName: VariableDeclarator[67] Predecessor: [ClassInstanceExpr[70]]
NodeName: ClassInstanceExpr[70] Predecessor: [StringLiteral[73]]
NodeName: StringLiteral[73] Predecessor: [Entry[52]]
NodeName: Entry[52] Predecessor: []
NodeName: Exit[100] Predecessor: [MethodAccess[107]]
NodeName: MethodAccess[107] Predecessor: [StringLiteral[110]]
NodeName: StringLiteral[110] Predecessor: [VarAccess[106]]
NodeName: VarAccess[106] Predecessor: [TypeAccess[105]]
NodeName: TypeAccess[105] Predecessor: [Entry[92]]
NodeName: Entry[92] Predecessor: []
