NodeName: Entry[13] Successors: [IntegerLiteral[30]]
NodeName: IntegerLiteral[30] Successors: [VariableDeclarator[27]]
NodeName: VariableDeclarator[27] Successors: [IntegerLiteral[45]]
NodeName: IntegerLiteral[45] Successors: [VariableDeclarator[42]]
NodeName: VariableDeclarator[42] Successors: [VarAccess[48]]
NodeName: VarAccess[48] Successors: [IntegerLiteral[49]]
NodeName: IntegerLiteral[49] Successors: [GTExpr[47]]
NodeName: GTExpr[47] Successors: [UncheckedExceptions[51], UncheckedExceptions[109]]
NodeName: UncheckedExceptions[51] Successors: [IntegerLiteral[65]]
NodeName: IntegerLiteral[65] Successors: [VariableDeclarator[62]]
NodeName: VariableDeclarator[62] Successors: [VarAccess[68]]
NodeName: VarAccess[68] Successors: [IntegerLiteral[69]]
NodeName: IntegerLiteral[69] Successors: [GTExpr[67]]
NodeName: GTExpr[67] Successors: [ThrowStmt[70], ReturnStmt[50], Exit[20]]
NodeName: ThrowStmt[70] Successors: [ClassInstanceExpr[72]]
NodeName: ClassInstanceExpr[72] Successors: [UncheckedExceptions[71]]
NodeName: UncheckedExceptions[71] Successors: [ParameterDeclaration[120], Exit[20]]
NodeName: ParameterDeclaration[120] Successors: [VariableDeclarator[131]]
NodeName: VariableDeclarator[131] Successors: [VariableDeclarator[141]]
NodeName: VariableDeclarator[141] Successors: [Exit[20]]
NodeName: Exit[20] Successors: []
NodeName: ReturnStmt[50] Successors: [Exit[20]]
NodeName: UncheckedExceptions[109] Successors: [IntegerLiteral[94]]
NodeName: IntegerLiteral[94] Successors: [VariableDeclarator[91]]
NodeName: VariableDeclarator[91] Successors: [VarAccess[97]]
NodeName: VarAccess[97] Successors: [IntegerLiteral[98]]
NodeName: IntegerLiteral[98] Successors: [GTExpr[96]]
NodeName: GTExpr[96] Successors: [ThrowStmt[99], VariableDeclarator[115], Exit[20]]
NodeName: ThrowStmt[99] Successors: [ClassInstanceExpr[101]]
NodeName: ClassInstanceExpr[101] Successors: [UncheckedExceptions[100]]
NodeName: UncheckedExceptions[100] Successors: [ParameterDeclaration[120], Exit[20]]
NodeName: VariableDeclarator[115] Successors: [UncheckedExceptions[135]]
NodeName: UncheckedExceptions[135] Successors: [VariableDeclarator[141], Exit[20]]

NodeName: Exit[20] Predecessor: [UncheckedExceptions[135], ReturnStmt[50], GTExpr[67], UncheckedExceptions[71], GTExpr[96], UncheckedExceptions[100], VariableDeclarator[141]]
NodeName: UncheckedExceptions[135] Predecessor: [VariableDeclarator[115]]
NodeName: VariableDeclarator[115] Predecessor: [GTExpr[96]]
NodeName: GTExpr[96] Predecessor: [IntegerLiteral[98]]
NodeName: IntegerLiteral[98] Predecessor: [VarAccess[97]]
NodeName: VarAccess[97] Predecessor: [VariableDeclarator[91]]
NodeName: VariableDeclarator[91] Predecessor: [IntegerLiteral[94]]
NodeName: IntegerLiteral[94] Predecessor: [UncheckedExceptions[109]]
NodeName: UncheckedExceptions[109] Predecessor: [GTExpr[47]]
NodeName: GTExpr[47] Predecessor: [IntegerLiteral[49]]
NodeName: IntegerLiteral[49] Predecessor: [VarAccess[48]]
NodeName: VarAccess[48] Predecessor: [VariableDeclarator[42]]
NodeName: VariableDeclarator[42] Predecessor: [IntegerLiteral[45]]
NodeName: IntegerLiteral[45] Predecessor: [VariableDeclarator[27]]
NodeName: VariableDeclarator[27] Predecessor: [IntegerLiteral[30]]
NodeName: IntegerLiteral[30] Predecessor: [Entry[13]]
NodeName: Entry[13] Predecessor: []
NodeName: ReturnStmt[50] Predecessor: [GTExpr[67]]
NodeName: GTExpr[67] Predecessor: [IntegerLiteral[69]]
NodeName: IntegerLiteral[69] Predecessor: [VarAccess[68]]
NodeName: VarAccess[68] Predecessor: [VariableDeclarator[62]]
NodeName: VariableDeclarator[62] Predecessor: [IntegerLiteral[65]]
NodeName: IntegerLiteral[65] Predecessor: [UncheckedExceptions[51]]
NodeName: UncheckedExceptions[51] Predecessor: [GTExpr[47]]
NodeName: UncheckedExceptions[71] Predecessor: [ClassInstanceExpr[72]]
NodeName: ClassInstanceExpr[72] Predecessor: [ThrowStmt[70]]
NodeName: ThrowStmt[70] Predecessor: [GTExpr[67]]
NodeName: UncheckedExceptions[100] Predecessor: [ClassInstanceExpr[101]]
NodeName: ClassInstanceExpr[101] Predecessor: [ThrowStmt[99]]
NodeName: ThrowStmt[99] Predecessor: [GTExpr[96]]
NodeName: VariableDeclarator[141] Predecessor: [UncheckedExceptions[135], VariableDeclarator[131]]
NodeName: VariableDeclarator[131] Predecessor: [ParameterDeclaration[120]]
NodeName: ParameterDeclaration[120] Predecessor: [UncheckedExceptions[71], UncheckedExceptions[100]]
