NodeName: Entry[15] Successors: [Exit[16]]
NodeName: Exit[16] Successors: []
NodeName: Entry[7] Successors: [Exit[8]]
NodeName: Exit[8] Successors: []
NodeName: Entry[29] Successors: [IntegerLiteral[46]]
NodeName: IntegerLiteral[46] Successors: [VariableDeclarator[43]]
NodeName: VariableDeclarator[43] Successors: [IntegerLiteral[61]]
NodeName: IntegerLiteral[61] Successors: [VariableDeclarator[58]]
NodeName: VariableDeclarator[58] Successors: [VarAccess[64]]
NodeName: VarAccess[64] Successors: [IntegerLiteral[65]]
NodeName: IntegerLiteral[65] Successors: [GTExpr[63]]
NodeName: GTExpr[63] Successors: [UncheckedExceptions[67], UncheckedExceptions[125]]
NodeName: UncheckedExceptions[67] Successors: [IntegerLiteral[81]]
NodeName: IntegerLiteral[81] Successors: [VariableDeclarator[78]]
NodeName: VariableDeclarator[78] Successors: [VarAccess[84]]
NodeName: VarAccess[84] Successors: [IntegerLiteral[85]]
NodeName: IntegerLiteral[85] Successors: [GTExpr[83]]
NodeName: GTExpr[83] Successors: [ThrowStmt[86], ReturnStmt[66], Exit[36]]
NodeName: ThrowStmt[86] Successors: [ClassInstanceExpr[88]]
NodeName: ClassInstanceExpr[88] Successors: [UncheckedExceptions[87]]
NodeName: UncheckedExceptions[87] Successors: [ParameterDeclaration[136], Exit[36]]
NodeName: ParameterDeclaration[136] Successors: [VariableDeclarator[147]]
NodeName: VariableDeclarator[147] Successors: [VariableDeclarator[157]]
NodeName: VariableDeclarator[157] Successors: [Exit[36]]
NodeName: Exit[36] Successors: []
NodeName: ReturnStmt[66] Successors: [Exit[36]]
NodeName: UncheckedExceptions[125] Successors: [IntegerLiteral[110]]
NodeName: IntegerLiteral[110] Successors: [VariableDeclarator[107]]
NodeName: VariableDeclarator[107] Successors: [VarAccess[113]]
NodeName: VarAccess[113] Successors: [IntegerLiteral[114]]
NodeName: IntegerLiteral[114] Successors: [GTExpr[112]]
NodeName: GTExpr[112] Successors: [ThrowStmt[115], VariableDeclarator[131], Exit[36]]
NodeName: ThrowStmt[115] Successors: [ClassInstanceExpr[117]]
NodeName: ClassInstanceExpr[117] Successors: [UncheckedExceptions[116]]
NodeName: UncheckedExceptions[116] Successors: [ParameterDeclaration[136], Exit[36]]
NodeName: VariableDeclarator[131] Successors: [UncheckedExceptions[151]]
NodeName: UncheckedExceptions[151] Successors: [VariableDeclarator[157], Exit[36]]
NodeName: Entry[170] Successors: [Exit[171]]
NodeName: Exit[171] Successors: []
NodeName: Entry[162] Successors: [Exit[163]]
NodeName: Exit[163] Successors: []

NodeName: Exit[16] Predecessor: [Entry[15]]
NodeName: Entry[15] Predecessor: []
NodeName: Exit[8] Predecessor: [Entry[7]]
NodeName: Entry[7] Predecessor: []
NodeName: Exit[36] Predecessor: [UncheckedExceptions[151], ReturnStmt[66], GTExpr[83], UncheckedExceptions[87], GTExpr[112], UncheckedExceptions[116], VariableDeclarator[157]]
NodeName: UncheckedExceptions[151] Predecessor: [VariableDeclarator[131]]
NodeName: VariableDeclarator[131] Predecessor: [GTExpr[112]]
NodeName: GTExpr[112] Predecessor: [IntegerLiteral[114]]
NodeName: IntegerLiteral[114] Predecessor: [VarAccess[113]]
NodeName: VarAccess[113] Predecessor: [VariableDeclarator[107]]
NodeName: VariableDeclarator[107] Predecessor: [IntegerLiteral[110]]
NodeName: IntegerLiteral[110] Predecessor: [UncheckedExceptions[125]]
NodeName: UncheckedExceptions[125] Predecessor: [GTExpr[63]]
NodeName: GTExpr[63] Predecessor: [IntegerLiteral[65]]
NodeName: IntegerLiteral[65] Predecessor: [VarAccess[64]]
NodeName: VarAccess[64] Predecessor: [VariableDeclarator[58]]
NodeName: VariableDeclarator[58] Predecessor: [IntegerLiteral[61]]
NodeName: IntegerLiteral[61] Predecessor: [VariableDeclarator[43]]
NodeName: VariableDeclarator[43] Predecessor: [IntegerLiteral[46]]
NodeName: IntegerLiteral[46] Predecessor: [Entry[29]]
NodeName: Entry[29] Predecessor: []
NodeName: ReturnStmt[66] Predecessor: [GTExpr[83]]
NodeName: GTExpr[83] Predecessor: [IntegerLiteral[85]]
NodeName: IntegerLiteral[85] Predecessor: [VarAccess[84]]
NodeName: VarAccess[84] Predecessor: [VariableDeclarator[78]]
NodeName: VariableDeclarator[78] Predecessor: [IntegerLiteral[81]]
NodeName: IntegerLiteral[81] Predecessor: [UncheckedExceptions[67]]
NodeName: UncheckedExceptions[67] Predecessor: [GTExpr[63]]
NodeName: UncheckedExceptions[87] Predecessor: [ClassInstanceExpr[88]]
NodeName: ClassInstanceExpr[88] Predecessor: [ThrowStmt[86]]
NodeName: ThrowStmt[86] Predecessor: [GTExpr[83]]
NodeName: UncheckedExceptions[116] Predecessor: [ClassInstanceExpr[117]]
NodeName: ClassInstanceExpr[117] Predecessor: [ThrowStmt[115]]
NodeName: ThrowStmt[115] Predecessor: [GTExpr[112]]
NodeName: VariableDeclarator[157] Predecessor: [UncheckedExceptions[151], VariableDeclarator[147]]
NodeName: VariableDeclarator[147] Predecessor: [ParameterDeclaration[136]]
NodeName: ParameterDeclaration[136] Predecessor: [UncheckedExceptions[87], UncheckedExceptions[116]]
NodeName: Exit[171] Predecessor: [Entry[170]]
NodeName: Entry[170] Predecessor: []
NodeName: Exit[163] Predecessor: [Entry[162]]
NodeName: Entry[162] Predecessor: []
