NodeName: Entry[15] Successors: [Exit[16]]
NodeName: Exit[16] Successors: []
NodeName: Entry[7] Successors: [Exit[8]]
NodeName: Exit[8] Successors: []
NodeName: Entry[29] Successors: [IntegerLiteral[46]]
NodeName: IntegerLiteral[46] Successors: [VariableDeclarator[43]]
NodeName: VariableDeclarator[43] Successors: [VarAccess[48]]
NodeName: VarAccess[48] Successors: [ConstCase[51]]
NodeName: ConstCase[51] Successors: [IntegerLiteral[56], IntegerLiteral[60]]
NodeName: IntegerLiteral[56] Successors: [AssignSimpleExpr[54]]
NodeName: AssignSimpleExpr[54] Successors: [IntegerLiteral[60]]
NodeName: IntegerLiteral[60] Successors: [AssignSimpleExpr[58]]
NodeName: AssignSimpleExpr[58] Successors: [Exit[36]]
NodeName: Exit[36] Successors: []

NodeName: Exit[16] Predecessor: [Entry[15]]
NodeName: Entry[15] Predecessor: []
NodeName: Exit[8] Predecessor: [Entry[7]]
NodeName: Entry[7] Predecessor: []
NodeName: Exit[36] Predecessor: [AssignSimpleExpr[58]]
NodeName: AssignSimpleExpr[58] Predecessor: [IntegerLiteral[60]]
NodeName: IntegerLiteral[60] Predecessor: [ConstCase[51], AssignSimpleExpr[54]]
NodeName: ConstCase[51] Predecessor: [VarAccess[48]]
NodeName: VarAccess[48] Predecessor: [VariableDeclarator[43]]
NodeName: VariableDeclarator[43] Predecessor: [IntegerLiteral[46]]
NodeName: IntegerLiteral[46] Predecessor: [Entry[29]]
NodeName: Entry[29] Predecessor: []
NodeName: AssignSimpleExpr[54] Predecessor: [IntegerLiteral[56]]
NodeName: IntegerLiteral[56] Predecessor: [ConstCase[51]]
