NodeName: Entry[19] Successors: [ResourceDeclaration[31]]
NodeName: ResourceDeclaration[31] Successors: [ResourceDeclaration[53]]
NodeName: ResourceDeclaration[53] Successors: [VarAccess[80]]
NodeName: VarAccess[80] Successors: [MethodAccess[81]]
NodeName: MethodAccess[81] Successors: [MethodAccess[54], NTACloseResource[85]]
NodeName: MethodAccess[54] Successors: [UncheckedExceptions[96], NTACloseResource[58]]
NodeName: UncheckedExceptions[96] Successors: [MethodAccess[32]]
NodeName: MethodAccess[32] Successors: [UncheckedExceptions[99], UncheckedExceptions[33]]
NodeName: UncheckedExceptions[99] Successors: [Exit[27]]
NodeName: Exit[27] Successors: []
NodeName: UncheckedExceptions[33] Successors: [Exit[27]]
NodeName: NTACloseResource[58] Successors: [UncheckedExceptions[55]]
NodeName: UncheckedExceptions[55] Successors: [Exit[27]]
NodeName: NTACloseResource[85] Successors: [NTACloseResource[89]]
NodeName: NTACloseResource[89] Successors: [UncheckedExceptions[82]]
NodeName: UncheckedExceptions[82] Successors: [Exit[27]]

NodeName: Exit[27] Predecessor: [UncheckedExceptions[99], UncheckedExceptions[33], UncheckedExceptions[55], UncheckedExceptions[82]]
NodeName: UncheckedExceptions[99] Predecessor: [MethodAccess[32]]
NodeName: MethodAccess[32] Predecessor: [UncheckedExceptions[96]]
NodeName: UncheckedExceptions[96] Predecessor: [MethodAccess[54]]
NodeName: MethodAccess[54] Predecessor: [MethodAccess[81]]
NodeName: MethodAccess[81] Predecessor: [VarAccess[80]]
NodeName: VarAccess[80] Predecessor: [ResourceDeclaration[53]]
NodeName: ResourceDeclaration[53] Predecessor: [ResourceDeclaration[31]]
NodeName: ResourceDeclaration[31] Predecessor: [Entry[19]]
NodeName: Entry[19] Predecessor: []
NodeName: UncheckedExceptions[33] Predecessor: [MethodAccess[32]]
NodeName: UncheckedExceptions[55] Predecessor: [NTACloseResource[58]]
NodeName: NTACloseResource[58] Predecessor: [MethodAccess[54]]
NodeName: UncheckedExceptions[82] Predecessor: [NTACloseResource[89]]
NodeName: NTACloseResource[89] Predecessor: [NTACloseResource[85]]
NodeName: NTACloseResource[85] Predecessor: [MethodAccess[81]]
