NodeName: Entry[21] Successors: [Exit[22]]
NodeName: Exit[22] Successors: []
NodeName: Entry[13] Successors: [Exit[14]]
NodeName: Exit[14] Successors: []
NodeName: Entry[35] Successors: [ClassInstanceExpr[55]]
NodeName: ClassInstanceExpr[55] Successors: [ResourceDeclaration[47]]
NodeName: ResourceDeclaration[47] Successors: [VarAccess[83]]
NodeName: VarAccess[83] Successors: [ClassInstanceExpr[80]]
NodeName: ClassInstanceExpr[80] Successors: [ResourceDeclaration[68]]
NodeName: ResourceDeclaration[68] Successors: [VarAccess[94]]
NodeName: VarAccess[94] Successors: [MethodAccess[95]]
NodeName: MethodAccess[95] Successors: [MethodAccess[69], NTACloseResource[99]]
NodeName: MethodAccess[69] Successors: [UncheckedExceptions[110], NTACloseResource[73]]
NodeName: UncheckedExceptions[110] Successors: [MethodAccess[48]]
NodeName: MethodAccess[48] Successors: [UncheckedExceptions[113], UncheckedExceptions[49]]
NodeName: UncheckedExceptions[113] Successors: [Exit[43]]
NodeName: Exit[43] Successors: []
NodeName: UncheckedExceptions[49] Successors: [Exit[43]]
NodeName: NTACloseResource[73] Successors: [UncheckedExceptions[70]]
NodeName: UncheckedExceptions[70] Successors: [Exit[43]]
NodeName: NTACloseResource[99] Successors: [NTACloseResource[103]]
NodeName: NTACloseResource[103] Successors: [UncheckedExceptions[96]]
NodeName: UncheckedExceptions[96] Successors: [Exit[43]]

NodeName: Exit[22] Predecessor: [Entry[21]]
NodeName: Entry[21] Predecessor: []
NodeName: Exit[14] Predecessor: [Entry[13]]
NodeName: Entry[13] Predecessor: []
NodeName: Exit[43] Predecessor: [UncheckedExceptions[113], UncheckedExceptions[49], UncheckedExceptions[70], UncheckedExceptions[96]]
NodeName: UncheckedExceptions[113] Predecessor: [MethodAccess[48]]
NodeName: MethodAccess[48] Predecessor: [UncheckedExceptions[110]]
NodeName: UncheckedExceptions[110] Predecessor: [MethodAccess[69]]
NodeName: MethodAccess[69] Predecessor: [MethodAccess[95]]
NodeName: MethodAccess[95] Predecessor: [VarAccess[94]]
NodeName: VarAccess[94] Predecessor: [ResourceDeclaration[68]]
NodeName: ResourceDeclaration[68] Predecessor: [ClassInstanceExpr[80]]
NodeName: ClassInstanceExpr[80] Predecessor: [VarAccess[83]]
NodeName: VarAccess[83] Predecessor: [ResourceDeclaration[47]]
NodeName: ResourceDeclaration[47] Predecessor: [ClassInstanceExpr[55]]
NodeName: ClassInstanceExpr[55] Predecessor: [Entry[35]]
NodeName: Entry[35] Predecessor: []
NodeName: UncheckedExceptions[49] Predecessor: [MethodAccess[48]]
NodeName: UncheckedExceptions[70] Predecessor: [NTACloseResource[73]]
NodeName: NTACloseResource[73] Predecessor: [MethodAccess[69]]
NodeName: UncheckedExceptions[96] Predecessor: [NTACloseResource[103]]
NodeName: NTACloseResource[103] Predecessor: [NTACloseResource[99]]
NodeName: NTACloseResource[99] Predecessor: [MethodAccess[95]]
