NodeName: Entry[13] Successors: [VarAccess[28]]
NodeName: VarAccess[28] Successors: [IntegerLiteral[29]]
NodeName: IntegerLiteral[29] Successors: [GTExpr[27]]
NodeName: GTExpr[27] Successors: [VarAccess[33], VarAccess[39]]
NodeName: VarAccess[33] Successors: [IntegerLiteral[34]]
NodeName: IntegerLiteral[34] Successors: [AddExpr[32]]
NodeName: AddExpr[32] Successors: [ReturnStmt[30]]
NodeName: ReturnStmt[30] Successors: [Exit[24]]
NodeName: Exit[24] Successors: []
NodeName: VarAccess[39] Successors: [ReturnStmt[37]]
NodeName: ReturnStmt[37] Successors: [Exit[24]]

NodeName: Exit[24] Predecessor: [ReturnStmt[30], ReturnStmt[37]]
NodeName: ReturnStmt[30] Predecessor: [AddExpr[32]]
NodeName: AddExpr[32] Predecessor: [IntegerLiteral[34]]
NodeName: IntegerLiteral[34] Predecessor: [VarAccess[33]]
NodeName: VarAccess[33] Predecessor: [GTExpr[27]]
NodeName: GTExpr[27] Predecessor: [IntegerLiteral[29]]
NodeName: IntegerLiteral[29] Predecessor: [VarAccess[28]]
NodeName: VarAccess[28] Predecessor: [Entry[13]]
NodeName: Entry[13] Predecessor: []
NodeName: ReturnStmt[37] Predecessor: [VarAccess[39]]
NodeName: VarAccess[39] Predecessor: [GTExpr[27]]
