NodeName: Entry[15] Successors: [Exit[16]]
NodeName: Exit[16] Successors: []
NodeName: Entry[7] Successors: [Exit[8]]
NodeName: Exit[8] Successors: []
NodeName: Entry[29] Successors: [VarAccess[44]]
NodeName: VarAccess[44] Successors: [IntegerLiteral[45]]
NodeName: IntegerLiteral[45] Successors: [GTExpr[43]]
NodeName: GTExpr[43] Successors: [VarAccess[49], VarAccess[55]]
NodeName: VarAccess[49] Successors: [IntegerLiteral[50]]
NodeName: IntegerLiteral[50] Successors: [AddExpr[48]]
NodeName: AddExpr[48] Successors: [ReturnStmt[46]]
NodeName: ReturnStmt[46] Successors: [Exit[40]]
NodeName: Exit[40] Successors: []
NodeName: VarAccess[55] Successors: [ReturnStmt[53]]
NodeName: ReturnStmt[53] Successors: [Exit[40]]

NodeName: Exit[16] Predecessor: [Entry[15]]
NodeName: Entry[15] Predecessor: []
NodeName: Exit[8] Predecessor: [Entry[7]]
NodeName: Entry[7] Predecessor: []
NodeName: Exit[40] Predecessor: [ReturnStmt[46], ReturnStmt[53]]
NodeName: ReturnStmt[46] Predecessor: [AddExpr[48]]
NodeName: AddExpr[48] Predecessor: [IntegerLiteral[50]]
NodeName: IntegerLiteral[50] Predecessor: [VarAccess[49]]
NodeName: VarAccess[49] Predecessor: [GTExpr[43]]
NodeName: GTExpr[43] Predecessor: [IntegerLiteral[45]]
NodeName: IntegerLiteral[45] Predecessor: [VarAccess[44]]
NodeName: VarAccess[44] Predecessor: [Entry[29]]
NodeName: Entry[29] Predecessor: []
NodeName: ReturnStmt[53] Predecessor: [VarAccess[55]]
NodeName: VarAccess[55] Predecessor: [GTExpr[43]]
