NodeName: Entry[15] Successors: [Exit[16]]
NodeName: Exit[16] Successors: []
NodeName: Entry[7] Successors: [Exit[8]]
NodeName: Exit[8] Successors: []
NodeName: Entry[29] Successors: [VariableDeclarator[51]]
NodeName: VariableDeclarator[51] Successors: [VarAccess[62]]
NodeName: VarAccess[62] Successors: [IntegerLiteral[63]]
NodeName: IntegerLiteral[63] Successors: [GTExpr[61]]
NodeName: GTExpr[61] Successors: [VarAccess[65], AssignSimpleExpr[58]]
NodeName: VarAccess[65] Successors: [IntegerLiteral[66]]
NodeName: IntegerLiteral[66] Successors: [LTExpr[64]]
NodeName: LTExpr[64] Successors: [AssignSimpleExpr[58]]
NodeName: AssignSimpleExpr[58] Successors: [VarAccess[71]]
NodeName: VarAccess[71] Successors: [IntegerLiteral[72]]
NodeName: IntegerLiteral[72] Successors: [GTExpr[70]]
NodeName: GTExpr[70] Successors: [AssignSimpleExpr[67], VarAccess[74]]
NodeName: AssignSimpleExpr[67] Successors: [MethodAccess[55]]
NodeName: MethodAccess[55] Successors: [Exit[44]]
NodeName: Exit[44] Successors: []
NodeName: VarAccess[74] Successors: [IntegerLiteral[75]]
NodeName: IntegerLiteral[75] Successors: [LTExpr[73]]
NodeName: LTExpr[73] Successors: [AssignSimpleExpr[67]]
NodeName: Entry[79] Successors: [Exit[94]]
NodeName: Exit[94] Successors: []

NodeName: Exit[16] Predecessor: [Entry[15]]
NodeName: Entry[15] Predecessor: []
NodeName: Exit[8] Predecessor: [Entry[7]]
NodeName: Entry[7] Predecessor: []
NodeName: Exit[44] Predecessor: [MethodAccess[55]]
NodeName: MethodAccess[55] Predecessor: [AssignSimpleExpr[67]]
NodeName: AssignSimpleExpr[67] Predecessor: [GTExpr[70], LTExpr[73]]
NodeName: GTExpr[70] Predecessor: [IntegerLiteral[72]]
NodeName: IntegerLiteral[72] Predecessor: [VarAccess[71]]
NodeName: VarAccess[71] Predecessor: [AssignSimpleExpr[58]]
NodeName: AssignSimpleExpr[58] Predecessor: [GTExpr[61], LTExpr[64]]
NodeName: GTExpr[61] Predecessor: [IntegerLiteral[63]]
NodeName: IntegerLiteral[63] Predecessor: [VarAccess[62]]
NodeName: VarAccess[62] Predecessor: [VariableDeclarator[51]]
NodeName: VariableDeclarator[51] Predecessor: [Entry[29]]
NodeName: Entry[29] Predecessor: []
NodeName: LTExpr[64] Predecessor: [IntegerLiteral[66]]
NodeName: IntegerLiteral[66] Predecessor: [VarAccess[65]]
NodeName: VarAccess[65] Predecessor: [GTExpr[61]]
NodeName: LTExpr[73] Predecessor: [IntegerLiteral[75]]
NodeName: IntegerLiteral[75] Predecessor: [VarAccess[74]]
NodeName: VarAccess[74] Predecessor: [GTExpr[70]]
NodeName: Exit[94] Predecessor: [Entry[79]]
NodeName: Entry[79] Predecessor: []
