NodeName: Entry[13] Successors: [VariableDeclarator[35]]
NodeName: VariableDeclarator[35] Successors: [VarAccess[46]]
NodeName: VarAccess[46] Successors: [IntegerLiteral[47]]
NodeName: IntegerLiteral[47] Successors: [GTExpr[45]]
NodeName: GTExpr[45] Successors: [VarAccess[49], AssignSimpleExpr[42]]
NodeName: VarAccess[49] Successors: [IntegerLiteral[50]]
NodeName: IntegerLiteral[50] Successors: [LTExpr[48]]
NodeName: LTExpr[48] Successors: [AssignSimpleExpr[42]]
NodeName: AssignSimpleExpr[42] Successors: [VarAccess[55]]
NodeName: VarAccess[55] Successors: [IntegerLiteral[56]]
NodeName: IntegerLiteral[56] Successors: [GTExpr[54]]
NodeName: GTExpr[54] Successors: [AssignSimpleExpr[51], VarAccess[58]]
NodeName: AssignSimpleExpr[51] Successors: [MethodAccess[39]]
NodeName: MethodAccess[39] Successors: [Exit[28]]
NodeName: Exit[28] Successors: []
NodeName: VarAccess[58] Successors: [IntegerLiteral[59]]
NodeName: IntegerLiteral[59] Successors: [LTExpr[57]]
NodeName: LTExpr[57] Successors: [AssignSimpleExpr[51]]
NodeName: Entry[63] Successors: [Exit[78]]
NodeName: Exit[78] Successors: []

NodeName: Exit[28] Predecessor: [MethodAccess[39]]
NodeName: MethodAccess[39] Predecessor: [AssignSimpleExpr[51]]
NodeName: AssignSimpleExpr[51] Predecessor: [GTExpr[54], LTExpr[57]]
NodeName: GTExpr[54] Predecessor: [IntegerLiteral[56]]
NodeName: IntegerLiteral[56] Predecessor: [VarAccess[55]]
NodeName: VarAccess[55] Predecessor: [AssignSimpleExpr[42]]
NodeName: AssignSimpleExpr[42] Predecessor: [GTExpr[45], LTExpr[48]]
NodeName: GTExpr[45] Predecessor: [IntegerLiteral[47]]
NodeName: IntegerLiteral[47] Predecessor: [VarAccess[46]]
NodeName: VarAccess[46] Predecessor: [VariableDeclarator[35]]
NodeName: VariableDeclarator[35] Predecessor: [Entry[13]]
NodeName: Entry[13] Predecessor: []
NodeName: LTExpr[48] Predecessor: [IntegerLiteral[50]]
NodeName: IntegerLiteral[50] Predecessor: [VarAccess[49]]
NodeName: VarAccess[49] Predecessor: [GTExpr[45]]
NodeName: LTExpr[57] Predecessor: [IntegerLiteral[59]]
NodeName: IntegerLiteral[59] Predecessor: [VarAccess[58]]
NodeName: VarAccess[58] Predecessor: [GTExpr[54]]
NodeName: Exit[78] Predecessor: [Entry[63]]
NodeName: Entry[63] Predecessor: []
