NodeName: Entry[12] Successors: [MethodAccess[28]]
NodeName: MethodAccess[28] Successors: [VariableDeclarator[38], UncheckedExceptions[29]]
NodeName: VariableDeclarator[38] Successors: [UncheckedExceptions[60]]
NodeName: UncheckedExceptions[60] Successors: [UncheckedExceptions[78], Exit[19]]
NodeName: UncheckedExceptions[78] Successors: [VariableDeclarator[85], Exit[19]]
NodeName: VariableDeclarator[85] Successors: [Exit[19]]
NodeName: Exit[19] Successors: []
NodeName: UncheckedExceptions[29] Successors: [CatchParameterDeclaration[43], Exit[19]]
NodeName: CatchParameterDeclaration[43] Successors: [VariableDeclarator[56]]
NodeName: VariableDeclarator[56] Successors: [UncheckedExceptions[78]]
NodeName: Entry[89] Successors: [Exit[98]]
NodeName: Exit[98] Successors: []

NodeName: Exit[19] Predecessor: [UncheckedExceptions[78], UncheckedExceptions[60], UncheckedExceptions[29], VariableDeclarator[85]]
NodeName: UncheckedExceptions[78] Predecessor: [UncheckedExceptions[60], VariableDeclarator[56]]
NodeName: UncheckedExceptions[60] Predecessor: [VariableDeclarator[38]]
NodeName: VariableDeclarator[38] Predecessor: [MethodAccess[28]]
NodeName: MethodAccess[28] Predecessor: [Entry[12]]
NodeName: Entry[12] Predecessor: []
NodeName: VariableDeclarator[56] Predecessor: [CatchParameterDeclaration[43]]
NodeName: CatchParameterDeclaration[43] Predecessor: [UncheckedExceptions[29]]
NodeName: UncheckedExceptions[29] Predecessor: [MethodAccess[28]]
NodeName: VariableDeclarator[85] Predecessor: [UncheckedExceptions[78]]
NodeName: Exit[98] Predecessor: [Entry[89]]
NodeName: Entry[89] Predecessor: []
