NodeName: Entry[15] Successors: [Exit[16]]
NodeName: Exit[16] Successors: []
NodeName: Entry[7] Successors: [Exit[8]]
NodeName: Exit[8] Successors: []
NodeName: Entry[28] Successors: [MethodAccess[44]]
NodeName: MethodAccess[44] Successors: [VariableDeclarator[54], UncheckedExceptions[45]]
NodeName: VariableDeclarator[54] Successors: [UncheckedExceptions[76]]
NodeName: UncheckedExceptions[76] Successors: [UncheckedExceptions[94], Exit[35]]
NodeName: UncheckedExceptions[94] Successors: [VariableDeclarator[101], Exit[35]]
NodeName: VariableDeclarator[101] Successors: [Exit[35]]
NodeName: Exit[35] Successors: []
NodeName: UncheckedExceptions[45] Successors: [CatchParameterDeclaration[59], Exit[35]]
NodeName: CatchParameterDeclaration[59] Successors: [VariableDeclarator[72]]
NodeName: VariableDeclarator[72] Successors: [UncheckedExceptions[94]]
NodeName: Entry[105] Successors: [Exit[114]]
NodeName: Exit[114] Successors: []
NodeName: Entry[126] Successors: [Exit[127]]
NodeName: Exit[127] Successors: []
NodeName: Entry[118] Successors: [Exit[119]]
NodeName: Exit[119] Successors: []
NodeName: Entry[149] Successors: [Exit[150]]
NodeName: Exit[150] Successors: []
NodeName: Entry[141] Successors: [Exit[142]]
NodeName: Exit[142] Successors: []

NodeName: Exit[16] Predecessor: [Entry[15]]
NodeName: Entry[15] Predecessor: []
NodeName: Exit[8] Predecessor: [Entry[7]]
NodeName: Entry[7] Predecessor: []
NodeName: Exit[35] Predecessor: [UncheckedExceptions[94], UncheckedExceptions[76], UncheckedExceptions[45], VariableDeclarator[101]]
NodeName: UncheckedExceptions[94] Predecessor: [UncheckedExceptions[76], VariableDeclarator[72]]
NodeName: UncheckedExceptions[76] Predecessor: [VariableDeclarator[54]]
NodeName: VariableDeclarator[54] Predecessor: [MethodAccess[44]]
NodeName: MethodAccess[44] Predecessor: [Entry[28]]
NodeName: Entry[28] Predecessor: []
NodeName: VariableDeclarator[72] Predecessor: [CatchParameterDeclaration[59]]
NodeName: CatchParameterDeclaration[59] Predecessor: [UncheckedExceptions[45]]
NodeName: UncheckedExceptions[45] Predecessor: [MethodAccess[44]]
NodeName: VariableDeclarator[101] Predecessor: [UncheckedExceptions[94]]
NodeName: Exit[114] Predecessor: [Entry[105]]
NodeName: Entry[105] Predecessor: []
NodeName: Exit[127] Predecessor: [Entry[126]]
NodeName: Entry[126] Predecessor: []
NodeName: Exit[119] Predecessor: [Entry[118]]
NodeName: Entry[118] Predecessor: []
NodeName: Exit[150] Predecessor: [Entry[149]]
NodeName: Entry[149] Predecessor: []
NodeName: Exit[142] Predecessor: [Entry[141]]
NodeName: Entry[141] Predecessor: []
