NodeName: Entry[15] Successors: [Exit[16]]
NodeName: Exit[16] Successors: []
NodeName: Entry[7] Successors: [Exit[8]]
NodeName: Exit[8] Successors: []
NodeName: Entry[29] Successors: [VariableDeclarator[51]]
NodeName: VariableDeclarator[51] Successors: [VarAccess[60]]
NodeName: VarAccess[60] Successors: [IntegerLiteral[61]]
NodeName: IntegerLiteral[61] Successors: [GTExpr[59]]
NodeName: GTExpr[59] Successors: [VarAccess[63], VarAccess[74]]
NodeName: VarAccess[63] Successors: [IntegerLiteral[64]]
NodeName: IntegerLiteral[64] Successors: [LTExpr[62]]
NodeName: LTExpr[62] Successors: [VarAccess[67], VarAccess[74]]
NodeName: VarAccess[67] Successors: [IntegerLiteral[68]]
NodeName: IntegerLiteral[68] Successors: [GTExpr[66]]
NodeName: GTExpr[66] Successors: [AssignSimpleExpr[55], VarAccess[70]]
NodeName: AssignSimpleExpr[55] Successors: [Exit[44]]
NodeName: Exit[44] Successors: []
NodeName: VarAccess[70] Successors: [IntegerLiteral[71]]
NodeName: IntegerLiteral[71] Successors: [LTExpr[69]]
NodeName: LTExpr[69] Successors: [AssignSimpleExpr[55]]
NodeName: VarAccess[74] Successors: [IntegerLiteral[75]]
NodeName: IntegerLiteral[75] Successors: [GTExpr[73]]
NodeName: GTExpr[73] Successors: [VarAccess[77], AssignSimpleExpr[55]]
NodeName: VarAccess[77] Successors: [IntegerLiteral[78]]
NodeName: IntegerLiteral[78] Successors: [LTExpr[76]]
NodeName: LTExpr[76] Successors: [AssignSimpleExpr[55]]

NodeName: Exit[16] Predecessor: [Entry[15]]
NodeName: Entry[15] Predecessor: []
NodeName: Exit[8] Predecessor: [Entry[7]]
NodeName: Entry[7] Predecessor: []
NodeName: Exit[44] Predecessor: [AssignSimpleExpr[55]]
NodeName: AssignSimpleExpr[55] Predecessor: [GTExpr[66], LTExpr[69], GTExpr[73], LTExpr[76]]
NodeName: GTExpr[66] Predecessor: [IntegerLiteral[68]]
NodeName: IntegerLiteral[68] Predecessor: [VarAccess[67]]
NodeName: VarAccess[67] Predecessor: [LTExpr[62]]
NodeName: LTExpr[62] Predecessor: [IntegerLiteral[64]]
NodeName: IntegerLiteral[64] Predecessor: [VarAccess[63]]
NodeName: VarAccess[63] Predecessor: [GTExpr[59]]
NodeName: GTExpr[59] Predecessor: [IntegerLiteral[61]]
NodeName: IntegerLiteral[61] Predecessor: [VarAccess[60]]
NodeName: VarAccess[60] Predecessor: [VariableDeclarator[51]]
NodeName: VariableDeclarator[51] Predecessor: [Entry[29]]
NodeName: Entry[29] Predecessor: []
NodeName: LTExpr[69] Predecessor: [IntegerLiteral[71]]
NodeName: IntegerLiteral[71] Predecessor: [VarAccess[70]]
NodeName: VarAccess[70] Predecessor: [GTExpr[66]]
NodeName: GTExpr[73] Predecessor: [IntegerLiteral[75]]
NodeName: IntegerLiteral[75] Predecessor: [VarAccess[74]]
NodeName: VarAccess[74] Predecessor: [GTExpr[59], LTExpr[62]]
NodeName: LTExpr[76] Predecessor: [IntegerLiteral[78]]
NodeName: IntegerLiteral[78] Predecessor: [VarAccess[77]]
NodeName: VarAccess[77] Predecessor: [GTExpr[73]]
