NodeName: Entry[13] Successors: [VariableDeclarator[35]]
NodeName: VariableDeclarator[35] Successors: [VarAccess[44]]
NodeName: VarAccess[44] Successors: [IntegerLiteral[45]]
NodeName: IntegerLiteral[45] Successors: [GTExpr[43]]
NodeName: GTExpr[43] Successors: [VarAccess[47], VarAccess[58]]
NodeName: VarAccess[47] Successors: [IntegerLiteral[48]]
NodeName: IntegerLiteral[48] Successors: [LTExpr[46]]
NodeName: LTExpr[46] Successors: [VarAccess[51], VarAccess[58]]
NodeName: VarAccess[51] Successors: [IntegerLiteral[52]]
NodeName: IntegerLiteral[52] Successors: [GTExpr[50]]
NodeName: GTExpr[50] Successors: [AssignSimpleExpr[39], VarAccess[54]]
NodeName: AssignSimpleExpr[39] Successors: [Exit[28]]
NodeName: Exit[28] Successors: []
NodeName: VarAccess[54] Successors: [IntegerLiteral[55]]
NodeName: IntegerLiteral[55] Successors: [LTExpr[53]]
NodeName: LTExpr[53] Successors: [AssignSimpleExpr[39]]
NodeName: VarAccess[58] Successors: [IntegerLiteral[59]]
NodeName: IntegerLiteral[59] Successors: [GTExpr[57]]
NodeName: GTExpr[57] Successors: [VarAccess[61], AssignSimpleExpr[39]]
NodeName: VarAccess[61] Successors: [IntegerLiteral[62]]
NodeName: IntegerLiteral[62] Successors: [LTExpr[60]]
NodeName: LTExpr[60] Successors: [AssignSimpleExpr[39]]

NodeName: Exit[28] Predecessor: [AssignSimpleExpr[39]]
NodeName: AssignSimpleExpr[39] Predecessor: [GTExpr[50], LTExpr[53], GTExpr[57], LTExpr[60]]
NodeName: GTExpr[50] Predecessor: [IntegerLiteral[52]]
NodeName: IntegerLiteral[52] Predecessor: [VarAccess[51]]
NodeName: VarAccess[51] Predecessor: [LTExpr[46]]
NodeName: LTExpr[46] Predecessor: [IntegerLiteral[48]]
NodeName: IntegerLiteral[48] Predecessor: [VarAccess[47]]
NodeName: VarAccess[47] Predecessor: [GTExpr[43]]
NodeName: GTExpr[43] Predecessor: [IntegerLiteral[45]]
NodeName: IntegerLiteral[45] Predecessor: [VarAccess[44]]
NodeName: VarAccess[44] Predecessor: [VariableDeclarator[35]]
NodeName: VariableDeclarator[35] Predecessor: [Entry[13]]
NodeName: Entry[13] Predecessor: []
NodeName: LTExpr[53] Predecessor: [IntegerLiteral[55]]
NodeName: IntegerLiteral[55] Predecessor: [VarAccess[54]]
NodeName: VarAccess[54] Predecessor: [GTExpr[50]]
NodeName: GTExpr[57] Predecessor: [IntegerLiteral[59]]
NodeName: IntegerLiteral[59] Predecessor: [VarAccess[58]]
NodeName: VarAccess[58] Predecessor: [GTExpr[43], LTExpr[46]]
NodeName: LTExpr[60] Predecessor: [IntegerLiteral[62]]
NodeName: IntegerLiteral[62] Predecessor: [VarAccess[61]]
NodeName: VarAccess[61] Predecessor: [GTExpr[57]]
