NodeName: Entry[17] Successors: [Exit[18]]
NodeName: Exit[18] Successors: []
NodeName: Entry[9] Successors: [Exit[10]]
NodeName: Exit[10] Successors: []
NodeName: Entry[30] Successors: [VarAccess[52]]
NodeName: VarAccess[52] Successors: [VarAccess[53]]
NodeName: VarAccess[53] Successors: [AddExpr[51]]
NodeName: AddExpr[51] Successors: [ReturnStmt[49]]
NodeName: ReturnStmt[49] Successors: [Exit[47]]
NodeName: Exit[47] Successors: []
NodeName: Entry[65] Successors: [Exit[66]]
NodeName: Exit[66] Successors: []
NodeName: Entry[57] Successors: [Exit[58]]
NodeName: Exit[58] Successors: []
NodeName: Entry[79] Successors: [TypeMethodReference[108]]
NodeName: TypeMethodReference[108] Successors: [VariableDeclarator[105]]
NodeName: VariableDeclarator[105] Successors: [VarAccess[120]]
NodeName: VarAccess[120] Successors: [IntegerLiteral[124]]
NodeName: IntegerLiteral[124] Successors: [IntegerLiteral[125]]
NodeName: IntegerLiteral[125] Successors: [MethodAccess[121]]
NodeName: MethodAccess[121] Successors: [VariableDeclarator[116]]
NodeName: VariableDeclarator[116] Successors: [Exit[93]]
NodeName: Exit[93] Successors: []

NodeName: Exit[18] Predecessor: [Entry[17]]
NodeName: Entry[17] Predecessor: []
NodeName: Exit[10] Predecessor: [Entry[9]]
NodeName: Entry[9] Predecessor: []
NodeName: Exit[47] Predecessor: [ReturnStmt[49]]
NodeName: ReturnStmt[49] Predecessor: [AddExpr[51]]
NodeName: AddExpr[51] Predecessor: [VarAccess[53]]
NodeName: VarAccess[53] Predecessor: [VarAccess[52]]
NodeName: VarAccess[52] Predecessor: [Entry[30]]
NodeName: Entry[30] Predecessor: []
NodeName: Exit[66] Predecessor: [Entry[65]]
NodeName: Entry[65] Predecessor: []
NodeName: Exit[58] Predecessor: [Entry[57]]
NodeName: Entry[57] Predecessor: []
NodeName: Exit[93] Predecessor: [VariableDeclarator[116]]
NodeName: VariableDeclarator[116] Predecessor: [MethodAccess[121]]
NodeName: MethodAccess[121] Predecessor: [IntegerLiteral[125]]
NodeName: IntegerLiteral[125] Predecessor: [IntegerLiteral[124]]
NodeName: IntegerLiteral[124] Predecessor: [VarAccess[120]]
NodeName: VarAccess[120] Predecessor: [VariableDeclarator[105]]
NodeName: VariableDeclarator[105] Predecessor: [TypeMethodReference[108]]
NodeName: TypeMethodReference[108] Predecessor: [Entry[79]]
NodeName: Entry[79] Predecessor: []
